RUN kind=standard arm=default_serial nodes=1 rpn=8 ranks=8 rep=3 grid=800 steps=100 binary=/p/lustre2/shan4/new-gicc/build_ofi/minimod_paper/bin/minimod_default
[minimod-unified] transport = DWQ (GPU trigger)
nsteps = 100
ndamp = 27 27 27
rank = 1, min_u = 0.000000, max_u = 0.000000
CHECKSUM rank 1 = 8a440eaebb2a3383
GICC_ROUTE rank 1 staged=0 pushed=0
FINAL min_u,  max_u = 0.000000, 0.000000
I am rank 1 Time comm: 0.0462281 s
I am rank 1 Time comp: 0.44794 s
I am rank 1 Time kernel: 0.494177 s
I am rank 1 Time modeling: 0.494182 s
nsteps = 100
ndamp = 27 27 27
rank = 2, min_u = 0.000000, max_u = 0.000000
CHECKSUM rank 2 = 8a440eaebb2a3383
GICC_ROUTE rank 2 staged=0 pushed=0
FINAL min_u,  max_u = 0.000000, 0.000000
I am rank 2 Time comm: 0.0462299 s
I am rank 2 Time comp: 0.447937 s
I am rank 2 Time kernel: 0.494177 s
I am rank 2 Time modeling: 0.494181 s
nsteps = 100
ndamp = 27 27 27
rank = 5, min_u = 0.000000, max_u = 0.000000
CHECKSUM rank 5 = 8a440eaebb2a3383
GICC_ROUTE rank 5 staged=0 pushed=0
FINAL min_u,  max_u = 0.000000, 0.000000
I am rank 5 Time comm: 0.0462273 s
I am rank 5 Time comp: 0.447939 s
I am rank 5 Time kernel: 0.494176 s
I am rank 5 Time modeling: 0.494181 s
nsteps = 100
ndamp = 27 27 27
rank = 3, min_u = -1143.143799, max_u = 733.619385
CHECKSUM rank 3 = 3a6f072c18b1dfdd
GICC_ROUTE rank 3 staged=0 pushed=0
FINAL min_u,  max_u = -1143.143799, 733.619385
I am rank 3 Time comm: 0.0462313 s
I am rank 3 Time comp: 0.447935 s
I am rank 3 Time kernel: 0.494176 s
I am rank 3 Time modeling: 0.494182 s
nsteps = 100
ndamp = 27 27 27
rank = 7, min_u = 0.000000, max_u = 0.000000
CHECKSUM rank 7 = 8a440eaebb2a3383
GICC_ROUTE rank 7 staged=0 pushed=0
FINAL min_u,  max_u = 0.000000, 0.000000
I am rank 7 Time comm: 0.0462348 s
I am rank 7 Time comp: 0.447932 s
I am rank 7 Time kernel: 0.494176 s
I am rank 7 Time modeling: 0.494181 s
nsteps = 100
ndamp = 27 27 27
rank = 4, min_u = -1151.019775, max_u = 743.350464
CHECKSUM rank 4 = 8d545d7541f69ea7
GICC_ROUTE rank 4 staged=0 pushed=0
FINAL min_u,  max_u = -1151.019775, 743.350464
I am rank 4 Time comm: 0.0462282 s
I am rank 4 Time comp: 0.447299 s
I am rank 4 Time kernel: 0.493552 s
I am rank 4 Time modeling: 0.494184 s
ngpus = 8
nsteps = 100
ndamp = 27 27 27
grid = 800 800 800
u_size = 2110056448
HIP gicc target initialized: 8 GPUs, rank 0 handles x=[0,100)
Halo size: 10445824 bytes (2611456 floats)
time step 100 / 100
rank = 0, min_u = 0.000000, max_u = 0.000000
CHECKSUM rank 0 = 8a440eaebb2a3383
GICC_ROUTE rank 0 staged=0 pushed=0
FINAL min_u,  max_u = 0.000000, 0.000000
I am rank 0 Time comm: 0.0462395 s
I am rank 0 Time comp: 0.447917 s
I am rank 0 Time kernel: 0.494171 s
I am rank 0 Time modeling: 0.494181 s
nsteps = 100
ndamp = 27 27 27
rank = 6, min_u = 0.000000, max_u = 0.000000
CHECKSUM rank 6 = 8a440eaebb2a3383
GICC_ROUTE rank 6 staged=0 pushed=0
FINAL min_u,  max_u = 0.000000, 0.000000
I am rank 6 Time comm: 0.0462272 s
I am rank 6 Time comp: 0.447938 s
I am rank 6 Time kernel: 0.494175 s
I am rank 6 Time modeling: 0.494181 s
