RUN kind=standard arm=trigger_overlap nodes=2 rpn=8 ranks=16 rep=1 grid=800 steps=100 binary=/p/lustre2/shan4/new-gicc/build_ofi/minimod_paper/bin/minimod_trigger
[minimod-unified] transport = DWQ (GPU trigger)
ngpus = 16
nsteps = 100
ndamp = 27 27 27
grid = 800 800 800
u_size = 2110056448
HIP gicc target initialized: 16 GPUs, rank 0 handles x=[0,50)
Halo size: 10445824 bytes (2611456 floats)
time step 100 / 100
rank = 0, min_u = 0.000000, max_u = 0.000000
CHECKSUM rank 0 = 1fd056d273039b83
GICC_ROUTE rank 0 staged=100 pushed=0
FINAL min_u,  max_u = 0.000000, 0.000000
I am rank 0 Time comm: 0.106971 s
I am rank 0 Time comp: 0.263481 s
I am rank 0 Time kernel: 0.370475 s
I am rank 0 Time modeling: 0.370484 s
nsteps = 100
ndamp = 27 27 27
rank = 8, min_u = -1151.019775, max_u = 743.350464
CHECKSUM rank 8 = b3031838a5729cbc
GICC_ROUTE rank 8 staged=200 pushed=0
FINAL min_u,  max_u = -1151.019775, 743.350464
I am rank 8 Time comm: 0.148821 s
I am rank 8 Time comp: 0.220989 s
I am rank 8 Time kernel: 0.36982 s
I am rank 8 Time modeling: 0.370487 s
nsteps = 100
ndamp = 27 27 27
rank = 1, min_u = 0.000000, max_u = 0.000000
CHECKSUM rank 1 = 1fd056d273039b83
GICC_ROUTE rank 1 staged=200 pushed=0
FINAL min_u,  max_u = 0.000000, 0.000000
I am rank 1 Time comm: 0.149431 s
I am rank 1 Time comp: 0.22104 s
I am rank 1 Time kernel: 0.37048 s
I am rank 1 Time modeling: 0.370485 s
nsteps = 100
ndamp = 27 27 27
rank = 10, min_u = 0.000000, max_u = 0.000000
CHECKSUM rank 10 = 1fd056d273039b83
GICC_ROUTE rank 10 staged=200 pushed=0
FINAL min_u,  max_u = 0.000000, 0.000000
I am rank 10 Time comm: 0.149449 s
I am rank 10 Time comp: 0.221018 s
I am rank 10 Time kernel: 0.370478 s
I am rank 10 Time modeling: 0.370483 s
nsteps = 100
ndamp = 27 27 27
rank = 4, min_u = 0.000000, max_u = 0.000000
CHECKSUM rank 4 = 1fd056d273039b83
GICC_ROUTE rank 4 staged=200 pushed=0
FINAL min_u,  max_u = 0.000000, 0.000000
I am rank 4 Time comm: 0.149472 s
I am rank 4 Time comp: 0.220996 s
I am rank 4 Time kernel: 0.370481 s
I am rank 4 Time modeling: 0.370485 s
nsteps = 100
ndamp = 27 27 27
rank = 5, min_u = 0.000000, max_u = 0.000000
CHECKSUM rank 5 = 1fd056d273039b83
GICC_ROUTE rank 5 staged=200 pushed=0
FINAL min_u,  max_u = 0.000000, 0.000000
I am rank 5 Time comm: 0.150108 s
I am rank 5 Time comp: 0.220363 s
I am rank 5 Time kernel: 0.370481 s
I am rank 5 Time modeling: 0.370485 s
nsteps = 100
ndamp = 27 27 27
rank = 7, min_u = -1143.143799, max_u = 733.619385
CHECKSUM rank 7 = e59f9e350225b9d6
GICC_ROUTE rank 7 staged=200 pushed=0
FINAL min_u,  max_u = -1143.143799, 733.619385
I am rank 7 Time comm: 0.15099 s
I am rank 7 Time comp: 0.219479 s
nsteps = 100
I am rank 7 Time kernel: 0.37048 s
ndamp = 27 27 27
I am rank 7 Time modeling: 0.370485 s
nsteps = 100
rank = 11, min_u = 0.000000, max_u = 0.000000
ndamp = 27 27 27
CHECKSUM rank 11 = 1fd056d273039b83
rank = 6, min_u = -0.000000, max_u = 0.000000
GICC_ROUTE rank 11 staged=200 pushed=0
CHECKSUM rank 6 = 4020316a30a91978
FINAL min_u,  max_u = 0.000000, 0.000000
GICC_ROUTE rank 6 staged=200 pushed=0
I am rank 11 Time comm: 0.153013 s
FINAL min_u,  max_u = -0.000000, 0.000000
I am rank 11 Time comp: 0.217457 s
I am rank 6 Time comm: 0.150481 s
I am rank 11 Time kernel: 0.370479 s
I am rank 6 Time comp: 0.219987 s
I am rank 11 Time modeling: 0.370484 s
I am rank 6 Time kernel: 0.37048 s
I am rank 6 Time modeling: 0.370485 s
nsteps = 100
ndamp = 27 27 27
nsteps = 100
rank = 15, min_u = 0.000000, max_u = 0.000000
ndamp = 27 27 27
CHECKSUM rank 15 = 1fd056d273039b83
rank = 3, min_u = 0.000000, max_u = 0.000000
GICC_ROUTE rank 15 staged=100 pushed=0
CHECKSUM rank 3 = 1fd056d273039b83
FINAL min_u,  max_u = 0.000000, 0.000000
GICC_ROUTE rank 3 staged=200 pushed=0
nsteps = 100
I am rank 15 Time comm: 0.106494 s
FINAL min_u,  max_u = 0.000000, 0.000000
ndamp = 27 27 27
I am rank 15 Time comp: 0.263974 s
I am rank 3 Time comm: 0.151225 s
rank = 2, min_u = 0.000000, max_u = 0.000000
I am rank 15 Time kernel: 0.370478 s
I am rank 3 Time comp: 0.219247 s
CHECKSUM rank 2 = 1fd056d273039b83
I am rank 15 Time modeling: 0.370482 s
I am rank 3 Time kernel: 0.370481 s
GICC_ROUTE rank 2 staged=200 pushed=0
I am rank 3 Time modeling: 0.370486 s
FINAL min_u,  max_u = 0.000000, 0.000000
I am rank 2 Time comm: 0.148566 s
I am rank 2 Time comp: 0.221901 s
I am rank 2 Time kernel: 0.37048 s
nsteps = 100
I am rank 2 Time modeling: 0.370485 s
ndamp = 27 27 27
nsteps = 100
rank = 13, min_u = 0.000000, max_u = 0.000000
ndamp = 27 27 27
CHECKSUM rank 13 = 1fd056d273039b83
rank = 14, min_u = 0.000000, max_u = 0.000000
GICC_ROUTE rank 13 staged=200 pushed=0
CHECKSUM rank 14 = 1fd056d273039b83
FINAL min_u,  max_u = 0.000000, 0.000000
nsteps = 100
GICC_ROUTE rank 14 staged=200 pushed=0
I am rank 13 Time comm: 0.150305 s
ndamp = 27 27 27
FINAL min_u,  max_u = 0.000000, 0.000000
I am rank 13 Time comp: 0.220163 s
rank = 12, min_u = 0.000000, max_u = 0.000000
I am rank 14 Time comm: 0.151514 s
I am rank 13 Time kernel: 0.370477 s
CHECKSUM rank 12 = 1fd056d273039b83
nsteps = 100
I am rank 14 Time comp: 0.218953 s
I am rank 13 Time modeling: 0.370482 s
GICC_ROUTE rank 12 staged=200 pushed=0
ndamp = 27 27 27
I am rank 14 Time kernel: 0.370477 s
FINAL min_u,  max_u = 0.000000, 0.000000
rank = 9, min_u = -0.000000, max_u = 0.000000
I am rank 14 Time modeling: 0.370482 s
I am rank 12 Time comm: 0.149273 s
CHECKSUM rank 9 = 4569897b2b166214
I am rank 12 Time comp: 0.221191 s
GICC_ROUTE rank 9 staged=200 pushed=0
I am rank 12 Time kernel: 0.370478 s
FINAL min_u,  max_u = -0.000000, 0.000000
I am rank 12 Time modeling: 0.370483 s
I am rank 9 Time comm: 0.151577 s
I am rank 9 Time comp: 0.218892 s
I am rank 9 Time kernel: 0.370478 s
I am rank 9 Time modeling: 0.370483 s
