RUN kind=standard arm=trigger_serial nodes=2 rpn=8 ranks=16 rep=3 grid=800 steps=100 binary=/p/lustre2/shan4/new-gicc/build_ofi/minimod_paper/bin/minimod_trigger
[minimod-unified] transport = DWQ (GPU trigger)
ngpus = 16
nsteps = 100
ndamp = 27 27 27
grid = 800 800 800
u_size = 2110056448
HIP gicc target initialized: 16 GPUs, rank 0 handles x=[0,50)
Halo size: 10445824 bytes (2611456 floats)
time step 100 / 100
rank = 0, min_u = 0.000000, max_u = 0.000000
CHECKSUM rank 0 = 1fd056d273039b83
GICC_ROUTE rank 0 staged=100 pushed=0
FINAL min_u,  max_u = 0.000000, 0.000000
I am rank 0 Time comm: 0.332945 s
I am rank 0 Time comp: 0.253332 s
I am rank 0 Time kernel: 0.586296 s
I am rank 0 Time modeling: 0.586304 s
nsteps = 100
ndamp = 27 27 27
rank = 8, min_u = -1151.019775, max_u = 743.350464
CHECKSUM rank 8 = b3031838a5729cbc
GICC_ROUTE rank 8 staged=200 pushed=0
FINAL min_u,  max_u = -1151.019775, 743.350464
I am rank 8 Time comm: 0.332935 s
I am rank 8 Time comp: 0.25266 s
I am rank 8 Time kernel: 0.585605 s
I am rank 8 Time modeling: 0.586309 s
nsteps = 100
ndamp = 27 27 27
rank = 1, min_u = 0.000000, max_u = 0.000000
CHECKSUM rank 1 = 1fd056d273039b83
GICC_ROUTE rank 1 staged=200 pushed=0
FINAL min_u,  max_u = 0.000000, 0.000000
I am rank 1 Time comm: 0.332946 s
I am rank 1 Time comp: 0.253344 s
I am rank 1 Time kernel: 0.586302 s
I am rank 1 Time modeling: 0.586307 s
nsteps = 100
ndamp = 27 27 27
rank = 2, min_u = 0.000000, max_u = 0.000000
CHECKSUM rank 2 = 1fd056d273039b83
GICC_ROUTE rank 2 staged=200 pushed=0
FINAL min_u,  max_u = 0.000000, 0.000000
I am rank 2 Time comm: 0.332945 s
I am rank 2 Time comp: 0.253346 s
I am rank 2 Time kernel: 0.586301 s
I am rank 2 Time modeling: 0.586306 s
nsteps = 100
ndamp = 27 27 27
rank = 9, min_u = -0.000000, max_u = 0.000000
CHECKSUM rank 9 = 4569897b2b166214
GICC_ROUTE rank 9 staged=200 pushed=0
FINAL min_u,  max_u = -0.000000, 0.000000
I am rank 9 Time comm: 0.332937 s
I am rank 9 Time comp: 0.253353 s
I am rank 9 Time kernel: 0.586301 s
I am rank 9 Time modeling: 0.586306 s
nsteps = 100
ndamp = 27 27 27
rank = 7, min_u = -1143.143799, max_u = 733.619385
CHECKSUM rank 7 = e59f9e350225b9d6
GICC_ROUTE rank 7 staged=200 pushed=0
FINAL min_u,  max_u = -1143.143799, 733.619385
I am rank 7 Time comm: 0.332941 s
I am rank 7 Time comp: 0.253347 s
nsteps = 100
I am rank 7 Time kernel: 0.586301 s
ndamp = 27 27 27
nsteps = 100
I am rank 7 Time modeling: 0.586306 s
nsteps = 100
rank = 5, min_u = 0.000000, max_u = 0.000000
ndamp = 27 27 27
ndamp = 27 27 27
CHECKSUM rank 5 = 1fd056d273039b83
rank = 3, min_u = 0.000000, max_u = 0.000000
rank = 6, min_u = -0.000000, max_u = 0.000000
GICC_ROUTE rank 5 staged=200 pushed=0
CHECKSUM rank 3 = 1fd056d273039b83
CHECKSUM rank 6 = 4020316a30a91978
FINAL min_u,  max_u = 0.000000, 0.000000
GICC_ROUTE rank 3 staged=200 pushed=0
GICC_ROUTE rank 6 staged=200 pushed=0
I am rank 5 Time comm: 0.332943 s
FINAL min_u,  max_u = 0.000000, 0.000000
FINAL min_u,  max_u = -0.000000, 0.000000
I am rank 5 Time comp: 0.253347 s
I am rank 3 Time comm: 0.332947 s
I am rank 6 Time comm: 0.332942 s
I am rank 5 Time kernel: 0.586301 s
nsteps = 100
I am rank 3 Time comp: 0.253344 s
I am rank 6 Time comp: 0.253344 s
I am rank 5 Time modeling: 0.586306 s
ndamp = 27 27 27
I am rank 3 Time kernel: 0.586302 s
I am rank 6 Time kernel: 0.586301 s
rank = 4, min_u = 0.000000, max_u = 0.000000
I am rank 3 Time modeling: 0.586307 s
I am rank 6 Time modeling: 0.586306 s
CHECKSUM rank 4 = 1fd056d273039b83
GICC_ROUTE rank 4 staged=200 pushed=0
FINAL min_u,  max_u = 0.000000, 0.000000
I am rank 4 Time comm: 0.332948 s
I am rank 4 Time comp: 0.253341 s
I am rank 4 Time kernel: 0.586302 s
I am rank 4 Time modeling: 0.586307 s
nsteps = 100
ndamp = 27 27 27
rank = 15, min_u = 0.000000, max_u = 0.000000
CHECKSUM rank 15 = 1fd056d273039b83
GICC_ROUTE rank 15 staged=100 pushed=0
FINAL min_u,  max_u = 0.000000, 0.000000
I am rank 15 Time comm: 0.332944 s
I am rank 15 Time comp: 0.253348 s
I am rank 15 Time kernel: 0.586301 s
I am rank 15 Time modeling: 0.586306 s
nsteps = 100
ndamp = 27 27 27
rank = 10, min_u = 0.000000, max_u = 0.000000
CHECKSUM rank 10 = 1fd056d273039b83
GICC_ROUTE rank 10 staged=200 pushed=0
FINAL min_u,  max_u = 0.000000, 0.000000
I am rank 10 Time comm: 0.332944 s
I am rank 10 Time comp: 0.253346 s
I am rank 10 Time kernel: 0.586301 s
I am rank 10 Time modeling: 0.586307 s
nsteps = 100
ndamp = 27 27 27
rank = 14, min_u = 0.000000, max_u = 0.000000
nsteps = 100
CHECKSUM rank 14 = 1fd056d273039b83
ndamp = 27 27 27
GICC_ROUTE rank 14 staged=200 pushed=0
rank = 13, min_u = 0.000000, max_u = 0.000000
FINAL min_u,  max_u = 0.000000, 0.000000
CHECKSUM rank 13 = 1fd056d273039b83
I am rank 14 Time comm: 0.332942 s
GICC_ROUTE rank 13 staged=200 pushed=0
I am rank 14 Time comp: 0.253348 s
FINAL min_u,  max_u = 0.000000, 0.000000
I am rank 14 Time kernel: 0.5863 s
I am rank 13 Time comm: 0.332939 s
nsteps = 100
nsteps = 100
I am rank 14 Time modeling: 0.586306 s
I am rank 13 Time comp: 0.253351 s
ndamp = 27 27 27
ndamp = 27 27 27
I am rank 13 Time kernel: 0.5863 s
rank = 12, min_u = 0.000000, max_u = 0.000000
rank = 11, min_u = 0.000000, max_u = 0.000000
I am rank 13 Time modeling: 0.586306 s
CHECKSUM rank 12 = 1fd056d273039b83
CHECKSUM rank 11 = 1fd056d273039b83
GICC_ROUTE rank 12 staged=200 pushed=0
GICC_ROUTE rank 11 staged=200 pushed=0
FINAL min_u,  max_u = 0.000000, 0.000000
FINAL min_u,  max_u = 0.000000, 0.000000
I am rank 12 Time comm: 0.332942 s
I am rank 11 Time comm: 0.332937 s
I am rank 12 Time comp: 0.253348 s
I am rank 11 Time comp: 0.253349 s
I am rank 12 Time kernel: 0.586301 s
I am rank 11 Time kernel: 0.586301 s
I am rank 12 Time modeling: 0.586306 s
I am rank 11 Time modeling: 0.586306 s
