RUN kind=standard arm=trigger_overlap nodes=1 rpn=8 ranks=8 rep=3 grid=800 steps=100 binary=/p/lustre2/shan4/new-gicc/build_ofi/minimod_paper/bin/minimod_trigger
[minimod-unified] transport = DWQ (GPU trigger)
nsteps = 100
nsteps = 100
ndamp = 27 27 27
nsteps = 100
nsteps = 100
nsteps = 100
nsteps = 100
nsteps = 100
ngpus = 8
ndamp = 27 27 27
rank = 6, min_u = 0.000000, max_u = 0.000000
ndamp = 27 27 27
ndamp = 27 27 27
ndamp = 27 27 27
ndamp = 27 27 27
ndamp = 27 27 27
nsteps = 100
rank = 7, min_u = 0.000000, max_u = 0.000000
CHECKSUM rank 6 = 8a440eaebb2a3383
rank = 5, min_u = 0.000000, max_u = 0.000000
rank = 4, min_u = -1151.019775, max_u = 743.350464
rank = 3, min_u = -1143.143799, max_u = 733.619385
rank = 2, min_u = 0.000000, max_u = 0.000000
rank = 1, min_u = 0.000000, max_u = 0.000000
ndamp = 27 27 27
CHECKSUM rank 7 = 8a440eaebb2a3383
GICC_ROUTE rank 6 staged=200 pushed=0
CHECKSUM rank 5 = 8a440eaebb2a3383
CHECKSUM rank 4 = 8d545d7541f69ea7
CHECKSUM rank 3 = 3a6f072c18b1dfdd
CHECKSUM rank 2 = 8a440eaebb2a3383
CHECKSUM rank 1 = 8a440eaebb2a3383
grid = 800 800 800
GICC_ROUTE rank 7 staged=100 pushed=0
FINAL min_u,  max_u = 0.000000, 0.000000
GICC_ROUTE rank 5 staged=200 pushed=0
GICC_ROUTE rank 4 staged=200 pushed=0
GICC_ROUTE rank 3 staged=200 pushed=0
GICC_ROUTE rank 2 staged=200 pushed=0
GICC_ROUTE rank 1 staged=200 pushed=0
u_size = 2110056448
FINAL min_u,  max_u = 0.000000, 0.000000
I am rank 6 Time comm: 0.0420331 s
FINAL min_u,  max_u = 0.000000, 0.000000
FINAL min_u,  max_u = -1151.019775, 743.350464
FINAL min_u,  max_u = -1143.143799, 733.619385
FINAL min_u,  max_u = 0.000000, 0.000000
FINAL min_u,  max_u = 0.000000, 0.000000
HIP gicc target initialized: 8 GPUs, rank 0 handles x=[0,100)
I am rank 7 Time comm: 0.000736713 s
I am rank 6 Time comp: 0.420005 s
I am rank 5 Time comm: 0.0436893 s
I am rank 4 Time comm: 0.0425265 s
I am rank 3 Time comm: 0.0426885 s
I am rank 2 Time comm: 0.0436837 s
I am rank 1 Time comm: 0.0435257 s
Halo size: 10445824 bytes (2611456 floats)
I am rank 7 Time comp: 0.461301 s
I am rank 6 Time kernel: 0.462047 s
I am rank 5 Time comp: 0.418348 s
I am rank 4 Time comp: 0.418839 s
I am rank 3 Time comp: 0.419348 s
I am rank 2 Time comp: 0.418355 s
I am rank 1 Time comp: 0.418514 s
time step 100 / 100
I am rank 7 Time kernel: 0.462047 s
I am rank 6 Time modeling: 0.462052 s
I am rank 5 Time kernel: 0.462048 s
I am rank 4 Time kernel: 0.461384 s
I am rank 3 Time kernel: 0.462047 s
I am rank 2 Time kernel: 0.462048 s
I am rank 1 Time kernel: 0.462048 s
rank = 0, min_u = 0.000000, max_u = 0.000000
I am rank 7 Time modeling: 0.462051 s
I am rank 5 Time modeling: 0.462052 s
I am rank 4 Time modeling: 0.462055 s
I am rank 3 Time modeling: 0.462052 s
I am rank 2 Time modeling: 0.462052 s
I am rank 1 Time modeling: 0.462053 s
CHECKSUM rank 0 = 8a440eaebb2a3383
GICC_ROUTE rank 0 staged=100 pushed=0
FINAL min_u,  max_u = 0.000000, 0.000000
I am rank 0 Time comm: 0.0208691 s
I am rank 0 Time comp: 0.441153 s
I am rank 0 Time kernel: 0.462044 s
I am rank 0 Time modeling: 0.462051 s
