RUN kind=standard arm=default_serial nodes=2 rpn=8 ranks=16 rep=3 grid=800 steps=100 binary=/p/lustre2/shan4/new-gicc/build_ofi/minimod_paper/bin/minimod_default
[minimod-unified] transport = DWQ (GPU trigger)
ngpus = 16
nsteps = 100
ndamp = 27 27 27
grid = 800 800 800
u_size = 2110056448
HIP gicc target initialized: 16 GPUs, rank 0 handles x=[0,50)
Halo size: 10445824 bytes (2611456 floats)
time step 100 / 100
rank = 0, min_u = 0.000000, max_u = 0.000000
CHECKSUM rank 0 = 1fd056d273039b83
GICC_ROUTE rank 0 staged=0 pushed=0
FINAL min_u,  max_u = 0.000000, 0.000000
I am rank 0 Time comm: 0.0589224 s
I am rank 0 Time comp: 0.252533 s
I am rank 0 Time kernel: 0.311469 s
I am rank 0 Time modeling: 0.311481 s
nsteps = 100
ndamp = 27 27 27
rank = 8, min_u = -1151.019775, max_u = 743.350464
CHECKSUM rank 8 = b3031838a5729cbc
GICC_ROUTE rank 8 staged=100 pushed=0
FINAL min_u,  max_u = -1151.019775, 743.350464
I am rank 8 Time comm: 0.0589354 s
I am rank 8 Time comp: 0.251822 s
I am rank 8 Time kernel: 0.31077 s
I am rank 8 Time modeling: 0.311488 s
nsteps = 100
ndamp = 27 27 27
rank = 9, min_u = -0.000000, max_u = 0.000000
CHECKSUM rank 9 = 4569897b2b166214
GICC_ROUTE rank 9 staged=0 pushed=0
FINAL min_u,  max_u = -0.000000, 0.000000
I am rank 9 Time comm: 0.0589287 s
I am rank 9 Time comp: 0.252542 s
I am rank 9 Time kernel: 0.31148 s
I am rank 9 Time modeling: 0.311484 s
nsteps = 100
ndamp = 27 27 27
rank = 13, min_u = 0.000000, max_u = 0.000000
CHECKSUM rank 13 = 1fd056d273039b83
GICC_ROUTE rank 13 staged=0 pushed=0
FINAL min_u,  max_u = 0.000000, 0.000000
I am rank 13 Time comm: 0.058926 s
I am rank 13 Time comp: 0.252544 s
I am rank 13 Time kernel: 0.31148 s
I am rank 13 Time modeling: 0.311484 s
nsteps = 100
nsteps = 100
ndamp = 27 27 27
ndamp = 27 27 27
rank = 1, min_u = 0.000000, max_u = 0.000000
rank = 5, min_u = 0.000000, max_u = 0.000000
CHECKSUM rank 1 = 1fd056d273039b83
CHECKSUM rank 5 = 1fd056d273039b83
GICC_ROUTE rank 1 staged=0 pushed=0
GICC_ROUTE rank 5 staged=0 pushed=0
FINAL min_u,  max_u = 0.000000, 0.000000
FINAL min_u,  max_u = 0.000000, 0.000000
I am rank 1 Time comm: 0.0589125 s
I am rank 5 Time comm: 0.0589123 s
I am rank 1 Time comp: 0.252554 s
I am rank 5 Time comp: 0.252555 s
I am rank 1 Time kernel: 0.311477 s
I am rank 5 Time kernel: 0.311477 s
I am rank 1 Time modeling: 0.311482 s
I am rank 5 Time modeling: 0.311482 s
nsteps = 100
ndamp = 27 27 27
rank = 15, min_u = 0.000000, max_u = 0.000000
CHECKSUM rank 15 = 1fd056d273039b83
GICC_ROUTE rank 15 staged=0 pushed=0
FINAL min_u,  max_u = 0.000000, 0.000000
I am rank 15 Time comm: 0.0589313 s
I am rank 15 Time comp: 0.252539 s
I am rank 15 Time kernel: 0.31148 s
I am rank 15 Time modeling: 0.311484 s
nsteps = 100
ndamp = 27 27 27
rank = 7, min_u = -1143.143799, max_u = 733.619385
CHECKSUM rank 7 = e59f9e350225b9d6
GICC_ROUTE rank 7 staged=100 pushed=0
FINAL min_u,  max_u = -1143.143799, 733.619385
I am rank 7 Time comm: 0.0589127 s
I am rank 7 Time comp: 0.252547 s
I am rank 7 Time kernel: 0.311474 s
I am rank 7 Time modeling: 0.311482 s
nsteps = 100
ndamp = 27 27 27
rank = 14, min_u = 0.000000, max_u = 0.000000
CHECKSUM rank 14 = 1fd056d273039b83
GICC_ROUTE rank 14 staged=0 pushed=0
FINAL min_u,  max_u = 0.000000, 0.000000
I am rank 14 Time comm: 0.0589244 s
I am rank 14 Time comp: 0.252546 s
I am rank 14 Time kernel: 0.31148 s
nsteps = 100
I am rank 14 Time modeling: 0.311485 s
ndamp = 27 27 27
rank = 12, min_u = 0.000000, max_u = 0.000000
CHECKSUM rank 12 = 1fd056d273039b83
GICC_ROUTE rank 12 staged=0 pushed=0
FINAL min_u,  max_u = 0.000000, 0.000000
I am rank 12 Time comm: 0.0589263 s
I am rank 12 Time comp: 0.252533 s
I am rank 12 Time kernel: 0.31148 s
I am rank 12 Time modeling: 0.311484 s
nsteps = 100
ndamp = 27 27 27
nsteps = 100
nsteps = 100
ndamp = 27 27 27
rank = 10, min_u = 0.000000, max_u = 0.000000
rank = 6, min_u = -0.000000, max_u = 0.000000
ndamp = 27 27 27
CHECKSUM rank 6 = 4020316a30a91978
CHECKSUM rank 10 = 1fd056d273039b83
GICC_ROUTE rank 6 staged=0 pushed=0
rank = 11, min_u = 0.000000, max_u = 0.000000
FINAL min_u,  max_u = -0.000000, 0.000000
GICC_ROUTE rank 10 staged=0 pushed=0
I am rank 6 Time comm: 0.0589191 s
CHECKSUM rank 11 = 1fd056d273039b83
I am rank 6 Time comp: 0.252544 s
FINAL min_u,  max_u = 0.000000, 0.000000
I am rank 6 Time kernel: 0.311477 s
GICC_ROUTE rank 11 staged=0 pushed=0
I am rank 6 Time modeling: 0.311482 s
nsteps = 100
I am rank 10 Time comm: 0.0589287 s
ndamp = 27 27 27
FINAL min_u,  max_u = 0.000000, 0.000000
rank = 4, min_u = 0.000000, max_u = 0.000000
I am rank 10 Time comp: 0.25254 s
CHECKSUM rank 4 = 1fd056d273039b83
I am rank 11 Time comm: 0.0589315 s
GICC_ROUTE rank 4 staged=0 pushed=0
I am rank 10 Time kernel: 0.311479 s
FINAL min_u,  max_u = 0.000000, 0.000000
I am rank 11 Time comp: 0.252538 s
I am rank 4 Time comm: 0.0589097 s
nsteps = 100
I am rank 10 Time modeling: 0.311484 s
I am rank 4 Time comp: 0.252547 s
ndamp = 27 27 27
nsteps = 100
I am rank 11 Time kernel: 0.31148 s
I am rank 4 Time kernel: 0.311477 s
rank = 3, min_u = 0.000000, max_u = 0.000000
ndamp = 27 27 27
I am rank 11 Time modeling: 0.311484 s
I am rank 4 Time modeling: 0.311482 s
CHECKSUM rank 3 = 1fd056d273039b83
rank = 2, min_u = 0.000000, max_u = 0.000000
GICC_ROUTE rank 3 staged=0 pushed=0
CHECKSUM rank 2 = 1fd056d273039b83
FINAL min_u,  max_u = 0.000000, 0.000000
GICC_ROUTE rank 2 staged=0 pushed=0
I am rank 3 Time comm: 0.0589142 s
FINAL min_u,  max_u = 0.000000, 0.000000
I am rank 3 Time comp: 0.252553 s
I am rank 2 Time comm: 0.0589147 s
I am rank 3 Time kernel: 0.311477 s
I am rank 2 Time comp: 0.252553 s
I am rank 3 Time modeling: 0.311482 s
I am rank 2 Time kernel: 0.311477 s
I am rank 2 Time modeling: 0.311481 s
