RUN kind=standard arm=default_overlap nodes=1 rpn=8 ranks=8 rep=4 grid=800 steps=100 binary=/p/lustre2/shan4/new-gicc/build_ofi/minimod_paper/bin/minimod_default
[minimod-unified] transport = DWQ (GPU trigger)
nsteps = 100
ndamp = 27 27 27
ngpus = 8
rank = 3, min_u = -1143.143799, max_u = 733.619385
nsteps = 100
CHECKSUM rank 3 = 3a6f072c18b1dfdd
ndamp = 27 27 27
GICC_ROUTE rank 3 staged=0 pushed=0
grid = 800 800 800
FINAL min_u,  max_u = -1143.143799, 733.619385
u_size = 2110056448
I am rank 3 Time comm: 0.0505215 s
HIP gicc target initialized: 8 GPUs, rank 0 handles x=[0,100)
I am rank 3 Time comp: 0.406745 s
Halo size: 10445824 bytes (2611456 floats)
I am rank 3 Time kernel: 0.457296 s
time step 100 / 100
I am rank 3 Time modeling: 0.457301 s
rank = 0, min_u = 0.000000, max_u = 0.000000
CHECKSUM rank 0 = 8a440eaebb2a3383
GICC_ROUTE rank 0 staged=0 pushed=0
FINAL min_u,  max_u = 0.000000, 0.000000
I am rank 0 Time comm: 0.000471545 s
I am rank 0 Time comp: 0.456756 s
I am rank 0 Time kernel: 0.457285 s
I am rank 0 Time modeling: 0.457299 s
nsteps = 100
ndamp = 27 27 27
rank = 5, min_u = 0.000000, max_u = 0.000000
CHECKSUM rank 5 = 8a440eaebb2a3383
GICC_ROUTE rank 5 staged=0 pushed=0
nsteps = 100
FINAL min_u,  max_u = 0.000000, 0.000000
ndamp = 27 27 27
I am rank 5 Time comm: 0.0511843 s
rank = 4, min_u = -1151.019775, max_u = 743.350464
I am rank 5 Time comp: 0.406051 s
CHECKSUM rank 4 = 8d545d7541f69ea7
I am rank 5 Time kernel: 0.457297 s
GICC_ROUTE rank 4 staged=0 pushed=0
nsteps = 100
nsteps = 100
I am rank 5 Time modeling: 0.457301 s
FINAL min_u,  max_u = -1151.019775, 743.350464
ndamp = 27 27 27
ndamp = 27 27 27
I am rank 4 Time comm: 0.0512066 s
rank = 2, min_u = 0.000000, max_u = 0.000000
rank = 1, min_u = 0.000000, max_u = 0.000000
I am rank 4 Time comp: 0.40537 s
CHECKSUM rank 2 = 8a440eaebb2a3383
CHECKSUM rank 1 = 8a440eaebb2a3383
I am rank 4 Time kernel: 0.45664 s
GICC_ROUTE rank 2 staged=0 pushed=0
GICC_ROUTE rank 1 staged=0 pushed=0
I am rank 4 Time modeling: 0.457304 s
FINAL min_u,  max_u = 0.000000, 0.000000
FINAL min_u,  max_u = 0.000000, 0.000000
I am rank 2 Time comm: 0.0514345 s
I am rank 1 Time comm: 0.051766 s
I am rank 2 Time comp: 0.405816 s
I am rank 1 Time comp: 0.40545 s
I am rank 2 Time kernel: 0.457297 s
I am rank 1 Time kernel: 0.457296 s
I am rank 2 Time modeling: 0.457301 s
I am rank 1 Time modeling: 0.457301 s
nsteps = 100
ndamp = 27 27 27
rank = 7, min_u = 0.000000, max_u = 0.000000
CHECKSUM rank 7 = 8a440eaebb2a3383
GICC_ROUTE rank 7 staged=0 pushed=0
FINAL min_u,  max_u = 0.000000, 0.000000
I am rank 7 Time comm: 0.00143088 s
I am rank 7 Time comp: 0.455798 s
I am rank 7 Time kernel: 0.457296 s
I am rank 7 Time modeling: 0.4573 s
nsteps = 100
ndamp = 27 27 27
rank = 6, min_u = 0.000000, max_u = 0.000000
CHECKSUM rank 6 = 8a440eaebb2a3383
GICC_ROUTE rank 6 staged=0 pushed=0
FINAL min_u,  max_u = 0.000000, 0.000000
I am rank 6 Time comm: 0.0514771 s
I am rank 6 Time comp: 0.405758 s
I am rank 6 Time kernel: 0.457296 s
I am rank 6 Time modeling: 0.457301 s
