RUN kind=standard arm=trigger_overlap nodes=4 rpn=1 ranks=4 rep=1 grid=800 steps=100 binary=/p/lustre2/shan4/new-gicc/build_ofi/minimod_paper/bin/minimod_trigger
[minimod-unified] transport = DWQ (GPU trigger)
ngpus = 4
nsteps = 100
ndamp = 27 27 27
grid = 800 800 800
u_size = 2110056448
HIP gicc target initialized: 4 GPUs, rank 0 handles x=[0,200)
Halo size: 10445824 bytes (2611456 floats)
time step 100 / 100
rank = 0, min_u = 0.000000, max_u = 0.000000
CHECKSUM rank 0 = 5e63442e25b76383
GICC_ROUTE rank 0 staged=100 pushed=0
FINAL min_u,  max_u = 0.000000, 0.000000
I am rank 0 Time comm: 0.00477705 s
I am rank 0 Time comp: 0.883703 s
nsteps = 100
I am rank 0 Time kernel: 0.888492 s
ndamp = 27 27 27
I am rank 0 Time modeling: 0.888499 s
rank = 2, min_u = -1151.019775, max_u = 743.350464
nsteps = 100
CHECKSUM rank 2 = 2753166312320ea7
ndamp = 27 27 27
GICC_ROUTE rank 2 staged=200 pushed=0
rank = 3, min_u = 0.000000, max_u = 0.000000
FINAL min_u,  max_u = -1151.019775, 743.350464
CHECKSUM rank 3 = 5e63442e25b76383
I am rank 2 Time comm: 0.0464795 s
GICC_ROUTE rank 3 staged=100 pushed=0
I am rank 2 Time comp: 0.841354 s
FINAL min_u,  max_u = 0.000000, 0.000000
I am rank 2 Time kernel: 0.887844 s
I am rank 3 Time comm: 0.000914878 s
I am rank 2 Time modeling: 0.888505 s
I am rank 3 Time comp: 0.887574 s
nsteps = 100
ndamp = 27 27 27
I am rank 3 Time kernel: 0.888498 s
rank = 1, min_u = -1143.143799, max_u = 733.619385
I am rank 3 Time modeling: 0.888503 s
CHECKSUM rank 1 = 0e8e3cab833f0fdd
GICC_ROUTE rank 1 staged=200 pushed=0
FINAL min_u,  max_u = -1143.143799, 733.619385
I am rank 1 Time comm: 0.047825 s
I am rank 1 Time comp: 0.840662 s
I am rank 1 Time kernel: 0.888497 s
I am rank 1 Time modeling: 0.888501 s
