RUN kind=o5 arm=mirrored_serial nodes=2 rpn=1 ranks=2 rep=3 grid=800 steps=100 binary=/p/lustre2/shan4/new-gicc/build_ofi/minimod_paper/bin/minimod_o5
[minimod-o5] mixed dispatch enabled
[gicc] CPU proxy: 1 worker thread(s) per rank
ngpus = 2
nsteps = 100
ndamp = 27 27 27
grid = 800 800 800
u_size = 2110056448
HIP gicc target initialized: 2 GPUs, rank 0 handles x=[0,400)
Halo size: 10445824 bytes (2611456 floats)
time step 100 / 100
rank = 0, min_u = -1143.143799, max_u = 733.619385
CHECKSUM rank 0 = b42b67edc1596fdd
GICC_ROUTE rank 0 staged=100 pushed=0
FINAL min_u,  max_u = -1143.143799, 733.619385
I am rank 0 Time comm: 0.0902895 s
I am rank 0 Time comp: 1.62273 s
I am rank 0 Time kernel: 1.71303 s
I am rank 0 Time modeling: 1.71304 s
nsteps = 100
ndamp = 27 27 27
rank = 1, min_u = -1151.019775, max_u = 743.350464
CHECKSUM rank 1 = bc43ff4e07a8eea7
GICC_ROUTE rank 1 staged=100 pushed=0
FINAL min_u,  max_u = -1151.019775, 743.350464
I am rank 1 Time comm: 0.0902437 s
I am rank 1 Time comp: 1.6221 s
I am rank 1 Time kernel: 1.71236 s
I am rank 1 Time modeling: 1.71302 s
