RUN kind=standard arm=trigger_overlap nodes=2 rpn=8 ranks=16 rep=1 grid=400 steps=100 binary=/p/lustre2/shan4/new-gicc/build_ofi/minimod_paper/bin/minimod_trigger
pthread_setaffinity_np failed: No such process
[minimod-unified] transport = DWQ (GPU trigger)
ngpus = 16
nsteps = 100
ndamp = 27 27 27
grid = 400 400 400
u_size = 271669248
HIP gicc target initialized: 16 GPUs, rank 0 handles x=[0,25)
Halo size: 2663424 bytes (665856 floats)
time step 100 / 100
rank = 0, min_u = 0.000000, max_u = 0.000000
CHECKSUM rank 0 = 75adb5f5623e0f83
GICC_ROUTE rank 0 staged=100 pushed=0
FINAL min_u,  max_u = 0.000000, 0.000000
I am rank 0 Time comm: 0.0571283 s
I am rank 0 Time comp: 0.0388987 s
I am rank 0 Time kernel: 0.0960539 s
I am rank 0 Time modeling: 0.0960614 s
nsteps = 100
ndamp = 27 27 27
rank = 8, min_u = -1151.019775, max_u = 743.350464
CHECKSUM rank 8 = 21121f95008ea0bd
GICC_ROUTE rank 8 staged=200 pushed=0
FINAL min_u,  max_u = -1151.019775, 743.350464
I am rank 8 Time comm: 0.0645713 s
I am rank 8 Time comp: 0.0308293 s
I am rank 8 Time kernel: 0.0954132 s
I am rank 8 Time modeling: 0.0960668 s
nsteps = 100
ndamp = 27 27 27
rank = 2, min_u = 0.000000, max_u = 0.000000
CHECKSUM rank 2 = 75adb5f5623e0f83
GICC_ROUTE rank 2 staged=200 pushed=0
FINAL min_u,  max_u = 0.000000, 0.000000
I am rank 2 Time comm: 0.0652161 s
I am rank 2 Time comp: 0.0308285 s
I am rank 2 Time kernel: 0.0960582 s
I am rank 2 Time modeling: 0.0960628 s
nsteps = 100
ndamp = 27 27 27
rank = 9, min_u = -0.000002, max_u = 0.000017
CHECKSUM rank 9 = 25f3d70f39ccbcfe
GICC_ROUTE rank 9 staged=200 pushed=0
FINAL min_u,  max_u = -0.000002, 0.000017
I am rank 9 Time comm: 0.0665179 s
I am rank 9 Time comp: 0.0295319 s
I am rank 9 Time kernel: 0.096059 s
I am rank 9 Time modeling: 0.0960634 s
nsteps = 100
ndamp = 27 27 27
rank = 3, min_u = 0.000000, max_u = 0.000000
CHECKSUM rank 3 = 75adb5f5623e0f83
GICC_ROUTE rank 3 staged=200 pushed=0
FINAL min_u,  max_u = 0.000000, 0.000000
I am rank 3 Time comm: 0.0656011 s
I am rank 3 Time comp: 0.0304484 s
I am rank 3 Time kernel: 0.096059 s
I am rank 3 Time modeling: 0.0960634 s
nsteps = 100
ndamp = 27 27 27
rank = 7, min_u = -1143.143799, max_u = 733.619385
CHECKSUM rank 7 = 48198bae1097252a
GICC_ROUTE rank 7 staged=200 pushed=0
FINAL min_u,  max_u = -1143.143799, 733.619385
I am rank 7 Time comm: 0.0653688 s
I am rank 7 Time comp: 0.0306805 s
I am rank 7 Time kernel: 0.0960585 s
I am rank 7 Time modeling: 0.0960632 s
nsteps = 100
ndamp = 27 27 27
rank = 5, min_u = -0.000000, max_u = 0.000000
CHECKSUM rank 5 = 4e89388f527de4bb
GICC_ROUTE rank 5 staged=200 pushed=0
FINAL min_u,  max_u = -0.000000, 0.000000
I am rank 5 Time comm: 0.0654555 s
nsteps = 100
I am rank 5 Time comp: 0.0305934 s
ndamp = 27 27 27
I am rank 5 Time kernel: 0.0960584 s
rank = 10, min_u = -0.000000, max_u = 0.000000
nsteps = 100
I am rank 5 Time modeling: 0.096063 s
nsteps = 100
CHECKSUM rank 10 = c7dcedafb8f8d9ab
ndamp = 27 27 27
ndamp = 27 27 27
GICC_ROUTE rank 10 staged=200 pushed=0
rank = 6, min_u = -0.000002, max_u = 0.000010
rank = 4, min_u = -0.000000, max_u = 0.000000
FINAL min_u,  max_u = -0.000000, 0.000000
CHECKSUM rank 6 = f94393bcddb85cdf
CHECKSUM rank 4 = 8eccbbf5994cdaa8
I am rank 10 Time comm: 0.0651757 s
GICC_ROUTE rank 6 staged=200 pushed=0
GICC_ROUTE rank 4 staged=200 pushed=0
I am rank 10 Time comp: 0.030872 s
FINAL min_u,  max_u = -0.000002, 0.000010
FINAL min_u,  max_u = -0.000000, 0.000000
I am rank 10 Time kernel: 0.0960574 s
I am rank 6 Time comm: 0.0652611 s
I am rank 4 Time comm: 0.0651099 s
I am rank 10 Time modeling: 0.0960626 s
I am rank 6 Time comp: 0.0307881 s
I am rank 4 Time comp: 0.0309316 s
I am rank 6 Time kernel: 0.0960583 s
I am rank 4 Time kernel: 0.0960575 s
nsteps = 100
I am rank 6 Time modeling: 0.0960628 s
I am rank 4 Time modeling: 0.0960627 s
ndamp = 27 27 27
rank = 1, min_u = 0.000000, max_u = 0.000000
CHECKSUM rank 1 = 75adb5f5623e0f83
GICC_ROUTE rank 1 staged=200 pushed=0
FINAL min_u,  max_u = 0.000000, 0.000000
I am rank 1 Time comm: 0.0641294 s
I am rank 1 Time comp: 0.0319184 s
I am rank 1 Time kernel: 0.0960581 s
I am rank 1 Time modeling: 0.0960631 s
nsteps = 100
ndamp = 27 27 27
rank = 15, min_u = 0.000000, max_u = 0.000000
CHECKSUM rank 15 = 75adb5f5623e0f83
GICC_ROUTE rank 15 staged=100 pushed=0
FINAL min_u,  max_u = 0.000000, 0.000000
I am rank 15 Time comm: 0.0600665 s
I am rank 15 Time comp: 0.0359833 s
I am rank 15 Time kernel: 0.0960582 s
I am rank 15 Time modeling: 0.0960625 s
nsteps = 100
nsteps = 100
ndamp = 27 27 27
nsteps = 100
ndamp = 27 27 27
rank = 11, min_u = -0.000000, max_u = 0.000000
ndamp = 27 27 27
rank = 13, min_u = 0.000000, max_u = 0.000000
CHECKSUM rank 11 = 905871317fc9994c
rank = 14, min_u = 0.000000, max_u = 0.000000
CHECKSUM rank 13 = 75adb5f5623e0f83
GICC_ROUTE rank 11 staged=200 pushed=0
CHECKSUM rank 14 = 75adb5f5623e0f83
GICC_ROUTE rank 13 staged=200 pushed=0
FINAL min_u,  max_u = -0.000000, 0.000000
GICC_ROUTE rank 14 staged=200 pushed=0
FINAL min_u,  max_u = 0.000000, 0.000000
I am rank 11 Time comm: 0.0655214 s
FINAL min_u,  max_u = 0.000000, 0.000000
I am rank 13 Time comm: 0.0655687 s
I am rank 11 Time comp: 0.030526 s
I am rank 14 Time comm: 0.0642111 s
I am rank 13 Time comp: 0.0304789 s
I am rank 11 Time kernel: 0.0960576 s
I am rank 14 Time comp: 0.0318378 s
I am rank 13 Time kernel: 0.096058 s
I am rank 11 Time modeling: 0.0960628 s
I am rank 14 Time kernel: 0.0960585 s
I am rank 13 Time modeling: 0.096063 s
nsteps = 100
I am rank 14 Time modeling: 0.096063 s
ndamp = 27 27 27
rank = 12, min_u = 0.000000, max_u = 0.000000
CHECKSUM rank 12 = 75adb5f5623e0f83
GICC_ROUTE rank 12 staged=200 pushed=0
FINAL min_u,  max_u = 0.000000, 0.000000
I am rank 12 Time comm: 0.0652304 s
I am rank 12 Time comp: 0.0308126 s
I am rank 12 Time kernel: 0.0960585 s
I am rank 12 Time modeling: 0.0960629 s
