RUN kind=standard arm=trigger_overlap nodes=2 rpn=8 ranks=16 rep=5 grid=400 steps=100 binary=/p/lustre2/shan4/new-gicc/build_ofi/minimod_paper/bin/minimod_trigger
[minimod-unified] transport = DWQ (GPU trigger)
ngpus = 16
nsteps = 100
ndamp = 27 27 27
grid = 400 400 400
u_size = 271669248
HIP gicc target initialized: 16 GPUs, rank 0 handles x=[0,25)
Halo size: 2663424 bytes (665856 floats)
time step 100 / 100
rank = 0, min_u = 0.000000, max_u = 0.000000
CHECKSUM rank 0 = 75adb5f5623e0f83
GICC_ROUTE rank 0 staged=100 pushed=0
FINAL min_u,  max_u = 0.000000, 0.000000
I am rank 0 Time comm: 0.0569279 s
I am rank 0 Time comp: 0.0388137 s
I am rank 0 Time kernel: 0.0957589 s
I am rank 0 Time modeling: 0.095766 s
nsteps = 100
ndamp = 27 27 27
rank = 8, min_u = -1151.019775, max_u = 743.350464
CHECKSUM rank 8 = 21121f95008ea0bd
GICC_ROUTE rank 8 staged=200 pushed=0
FINAL min_u,  max_u = -1151.019775, 743.350464
I am rank 8 Time comm: 0.0642013 s
I am rank 8 Time comp: 0.0309055 s
I am rank 8 Time kernel: 0.0951184 s
I am rank 8 Time modeling: 0.0957725 s
nsteps = 100
ndamp = 27 27 27
rank = 10, min_u = -0.000000, max_u = 0.000000
CHECKSUM rank 10 = c7dcedafb8f8d9ab
GICC_ROUTE rank 10 staged=200 pushed=0
FINAL min_u,  max_u = -0.000000, 0.000000
I am rank 10 Time comm: 0.0649093 s
I am rank 10 Time comp: 0.0308438 s
I am rank 10 Time kernel: 0.095764 s
I am rank 10 Time modeling: 0.0957685 s
nsteps = 100
ndamp = 27 27 27
rank = 1, min_u = 0.000000, max_u = 0.000000
CHECKSUM rank 1 = 75adb5f5623e0f83
GICC_ROUTE rank 1 staged=200 pushed=0
FINAL min_u,  max_u = 0.000000, 0.000000
I am rank 1 Time comm: 0.0639274 s
I am rank 1 Time comp: 0.0318256 s
I am rank 1 Time kernel: 0.0957628 s
I am rank 1 Time modeling: 0.0957674 s
nsteps = 100
ndamp = 27 27 27
rank = 2, min_u = 0.000000, max_u = 0.000000
CHECKSUM rank 2 = 75adb5f5623e0f83
GICC_ROUTE rank 2 staged=200 pushed=0
FINAL min_u,  max_u = 0.000000, 0.000000
I am rank 2 Time comm: 0.064967 s
I am rank 2 Time comp: 0.0307867 s
I am rank 2 Time kernel: 0.0957629 s
I am rank 2 Time modeling: 0.0957675 s
nsteps = 100
ndamp = 27 27 27
rank = 3, min_u = 0.000000, max_u = 0.000000
CHECKSUM rank 3 = 75adb5f5623e0f83
GICC_ROUTE rank 3 staged=200 pushed=0
FINAL min_u,  max_u = 0.000000, 0.000000
I am rank 3 Time comm: 0.0653382 s
I am rank 3 Time comp: 0.0304162 s
I am rank 3 Time kernel: 0.0957635 s
I am rank 3 Time modeling: 0.095768 s
nsteps = 100
ndamp = 27 27 27
rank = 7, min_u = -1143.143799, max_u = 733.619385
CHECKSUM rank 7 = 48198bae1097252a
GICC_ROUTE rank 7 staged=200 pushed=0
FINAL min_u,  max_u = -1143.143799, 733.619385
nsteps = 100
I am rank 7 Time comm: 0.0651394 s
ndamp = 27 27 27
I am rank 7 Time comp: 0.0306131 s
rank = 6, min_u = -0.000002, max_u = 0.000010
nsteps = 100
I am rank 7 Time kernel: 0.0957627 s
CHECKSUM rank 6 = f94393bcddb85cdf
ndamp = 27 27 27
I am rank 7 Time modeling: 0.0957673 s
GICC_ROUTE rank 6 staged=200 pushed=0
rank = 5, min_u = -0.000000, max_u = 0.000000
FINAL min_u,  max_u = -0.000002, 0.000010
CHECKSUM rank 5 = 4e89388f527de4bb
I am rank 6 Time comm: 0.0649025 s
GICC_ROUTE rank 5 staged=200 pushed=0
I am rank 6 Time comp: 0.0308501 s
FINAL min_u,  max_u = -0.000000, 0.000000
I am rank 6 Time kernel: 0.0957619 s
I am rank 5 Time comm: 0.0650782 s
I am rank 6 Time modeling: 0.0957667 s
I am rank 5 Time comp: 0.0306739 s
I am rank 5 Time kernel: 0.0957617 s
nsteps = 100
I am rank 5 Time modeling: 0.0957667 s
ndamp = 27 27 27
rank = 4, min_u = -0.000000, max_u = 0.000000
CHECKSUM rank 4 = 8eccbbf5994cdaa8
GICC_ROUTE rank 4 staged=200 pushed=0
FINAL min_u,  max_u = -0.000000, 0.000000
I am rank 4 Time comm: 0.064913 s
I am rank 4 Time comp: 0.030833 s
I am rank 4 Time kernel: 0.0957624 s
I am rank 4 Time modeling: 0.0957674 s
nsteps = 100
ndamp = 27 27 27
rank = 14, min_u = 0.000000, max_u = 0.000000
CHECKSUM rank 14 = 75adb5f5623e0f83
GICC_ROUTE rank 14 staged=200 pushed=0
FINAL min_u,  max_u = 0.000000, 0.000000
I am rank 14 Time comm: 0.0637911 s
I am rank 14 Time comp: 0.0319627 s
I am rank 14 Time kernel: 0.0957633 s
I am rank 14 Time modeling: 0.095768 s
nsteps = 100
ndamp = 27 27 27
nsteps = 100
rank = 15, min_u = 0.000000, max_u = 0.000000
ndamp = 27 27 27
CHECKSUM rank 15 = 75adb5f5623e0f83
rank = 11, min_u = -0.000000, max_u = 0.000000
GICC_ROUTE rank 15 staged=100 pushed=0
CHECKSUM rank 11 = 905871317fc9994c
FINAL min_u,  max_u = 0.000000, 0.000000
GICC_ROUTE rank 11 staged=200 pushed=0
I am rank 15 Time comm: 0.0574673 s
FINAL min_u,  max_u = -0.000000, 0.000000
I am rank 15 Time comp: 0.0382863 s
I am rank 11 Time comm: 0.0660856 s
I am rank 15 Time kernel: 0.0957636 s
I am rank 11 Time comp: 0.0296689 s
I am rank 15 Time modeling: 0.095768 s
I am rank 11 Time kernel: 0.0957645 s
I am rank 11 Time modeling: 0.0957691 s
nsteps = 100
ndamp = 27 27 27
nsteps = 100
rank = 13, min_u = 0.000000, max_u = 0.000000
ndamp = 27 27 27
CHECKSUM rank 13 = 75adb5f5623e0f83
rank = 12, min_u = 0.000000, max_u = 0.000000
GICC_ROUTE rank 13 staged=200 pushed=0
CHECKSUM rank 12 = 75adb5f5623e0f83
FINAL min_u,  max_u = 0.000000, 0.000000
GICC_ROUTE rank 12 staged=200 pushed=0
I am rank 13 Time comm: 0.0653001 s
FINAL min_u,  max_u = 0.000000, 0.000000
I am rank 13 Time comp: 0.0304539 s
I am rank 12 Time comm: 0.0649233 s
I am rank 13 Time kernel: 0.0957644 s
I am rank 12 Time comp: 0.0308298 s
nsteps = 100
I am rank 13 Time modeling: 0.0957686 s
I am rank 12 Time kernel: 0.095765 s
ndamp = 27 27 27
I am rank 12 Time modeling: 0.0957695 s
rank = 9, min_u = -0.000002, max_u = 0.000017
CHECKSUM rank 9 = 25f3d70f39ccbcfe
GICC_ROUTE rank 9 staged=200 pushed=0
FINAL min_u,  max_u = -0.000002, 0.000017
I am rank 9 Time comm: 0.0657845 s
I am rank 9 Time comp: 0.0299702 s
I am rank 9 Time kernel: 0.0957646 s
I am rank 9 Time modeling: 0.0957691 s
