RUN kind=standard arm=default_overlap nodes=4 rpn=8 ranks=32 rep=5 grid=400 steps=100 binary=/p/lustre2/shan4/new-gicc/build_ofi/minimod_paper/bin/minimod_default
[minimod-unified] transport = DWQ (GPU trigger)
ngpus = 32
nsteps = 100
ndamp = 27 27 27
grid = 400 400 400
u_size = 271669248
HIP gicc target initialized: 32 GPUs, rank 0 handles x=[0,13)
Halo size: 2663424 bytes (665856 floats)
time step 100 / 100
rank = 0, min_u = 0.000000, max_u = 0.000000
CHECKSUM rank 0 = 1d7cdec2e85aff83
GICC_ROUTE rank 0 staged=0 pushed=0
FINAL min_u,  max_u = 0.000000, 0.000000
I am rank 0 Time comm: 0.0066204 s
I am rank 0 Time comp: 0.0275218 s
I am rank 0 Time kernel: 0.0342021 s
I am rank 0 Time modeling: 0.0342151 s
nsteps = 100
ndamp = 27 27 27
rank = 24, min_u = 0.000000, max_u = 0.000000
CHECKSUM rank 24 = e1a657209c401383
GICC_ROUTE rank 24 staged=100 pushed=0
FINAL min_u,  max_u = 0.000000, 0.000000
nsteps = 100
I am rank 24 Time comm: 0.0105497 s
ndamp = 27 27 27
I am rank 24 Time comp: 0.0236131 s
rank = 8, min_u = 0.000000, max_u = 0.000000
I am rank 24 Time kernel: 0.0342109 s
CHECKSUM rank 8 = 1d7cdec2e85aff83
nsteps = 100
I am rank 24 Time modeling: 0.034219 s
GICC_ROUTE rank 8 staged=100 pushed=0
ndamp = 27 27 27
rank = 16, min_u = -1175.140381, max_u = 405.548523
FINAL min_u,  max_u = 0.000000, 0.000000
CHECKSUM rank 16 = 5f8de52f4bc3cc2d
I am rank 8 Time comm: 0.00925987 s
GICC_ROUTE rank 16 staged=100 pushed=0
I am rank 8 Time comp: 0.0248827 s
FINAL min_u,  max_u = -1175.140381, 405.548523
I am rank 8 Time kernel: 0.034209 s
I am rank 16 Time comm: 0.0104881 s
I am rank 8 Time modeling: 0.0342168 s
I am rank 16 Time comp: 0.0236459 s
I am rank 16 Time kernel: 0.0342082 s
I am rank 16 Time modeling: 0.0342179 s
nsteps = 100
nsteps = 100
ndamp = 27 27 27
nsteps = 100
nsteps = 100
nsteps = 100
nsteps = 100
nsteps = 100
ndamp = 27 27 27
rank = 23, min_u = 0.000000, max_u = 0.000000
ndamp = 27 27 27
ndamp = 27 27 27
ndamp = 27 27 27
ndamp = 27 27 27
ndamp = 27 27 27
rank = 17, min_u = -0.009974, max_u = 0.000996
CHECKSUM rank 23 = e1a657209c401383
rank = 22, min_u = 0.000000, max_u = 0.000000
rank = 21, min_u = -0.000000, max_u = 0.000000
rank = 20, min_u = -0.000000, max_u = 0.000000
rank = 19, min_u = -0.000000, max_u = 0.000000
rank = 18, min_u = -0.000000, max_u = 0.000000
CHECKSUM rank 17 = 17b1598fc4d29462
GICC_ROUTE rank 23 staged=100 pushed=0
CHECKSUM rank 22 = e1a657209c401383
CHECKSUM rank 21 = c341152f35502be3
CHECKSUM rank 20 = d4a55e3b52c5ade7
CHECKSUM rank 19 = 60d7ca341a5ddb2a
CHECKSUM rank 18 = b163d2bd1ae86128
GICC_ROUTE rank 17 staged=0 pushed=0
FINAL min_u,  max_u = 0.000000, 0.000000
GICC_ROUTE rank 22 staged=0 pushed=0
GICC_ROUTE rank 21 staged=0 pushed=0
GICC_ROUTE rank 20 staged=0 pushed=0
GICC_ROUTE rank 19 staged=0 pushed=0
GICC_ROUTE rank 18 staged=0 pushed=0
FINAL min_u,  max_u = -0.009974, 0.000996
I am rank 23 Time comm: 0.0110182 s
nsteps = 100
FINAL min_u,  max_u = 0.000000, 0.000000
nsteps = 100
nsteps = 100
nsteps = 100
ndamp = 27 27 27
nsteps = 100
nsteps = 100
nsteps = 100
FINAL min_u,  max_u = -0.000000, 0.000000
ndamp = 27 27 27
ndamp = 27 27 27
ndamp = 27 27 27
rank = 4, min_u = 0.000000, max_u = 0.000000
ndamp = 27 27 27
ndamp = 27 27 27
ndamp = 27 27 27
FINAL min_u,  max_u = -0.000000, 0.000000
rank = 7, min_u = 0.000000, max_u = 0.000000
rank = 6, min_u = 0.000000, max_u = 0.000000
rank = 5, min_u = 0.000000, max_u = 0.000000
CHECKSUM rank 4 = 1d7cdec2e85aff83
rank = 3, min_u = 0.000000, max_u = 0.000000
rank = 2, min_u = 0.000000, max_u = 0.000000
rank = 1, min_u = 0.000000, max_u = 0.000000
FINAL min_u,  max_u = -0.000000, 0.000000
CHECKSUM rank 7 = 1d7cdec2e85aff83
CHECKSUM rank 6 = 1d7cdec2e85aff83
CHECKSUM rank 5 = 1d7cdec2e85aff83
GICC_ROUTE rank 4 staged=0 pushed=0
CHECKSUM rank 3 = 1d7cdec2e85aff83
CHECKSUM rank 2 = 1d7cdec2e85aff83
CHECKSUM rank 1 = 1d7cdec2e85aff83
FINAL min_u,  max_u = -0.000000, 0.000000
GICC_ROUTE rank 7 staged=100 pushed=0
GICC_ROUTE rank 6 staged=0 pushed=0
GICC_ROUTE rank 5 staged=0 pushed=0
FINAL min_u,  max_u = 0.000000, 0.000000
GICC_ROUTE rank 3 staged=0 pushed=0
GICC_ROUTE rank 2 staged=0 pushed=0
GICC_ROUTE rank 1 staged=0 pushed=0
I am rank 17 Time comm: 0.00794098 s
FINAL min_u,  max_u = 0.000000, 0.000000
FINAL min_u,  max_u = 0.000000, 0.000000
FINAL min_u,  max_u = 0.000000, 0.000000
I am rank 4 Time comm: 0.0082016 s
FINAL min_u,  max_u = 0.000000, 0.000000
FINAL min_u,  max_u = 0.000000, 0.000000
FINAL min_u,  max_u = 0.000000, 0.000000
I am rank 23 Time comp: 0.0231246 s
I am rank 7 Time comm: 0.0100262 s
I am rank 6 Time comm: 0.00688464 s
I am rank 5 Time comm: 0.00764583 s
I am rank 4 Time comp: 0.025934 s
I am rank 3 Time comm: 0.009139 s
I am rank 2 Time comm: 0.00644767 s
I am rank 1 Time comm: 0.00432869 s
I am rank 22 Time comm: 0.00689071 s
I am rank 7 Time comp: 0.024163 s
I am rank 6 Time comp: 0.0272677 s
I am rank 5 Time comp: 0.0265131 s
I am rank 4 Time kernel: 0.0342129 s
I am rank 3 Time comp: 0.0250579 s
I am rank 2 Time comp: 0.0277181 s
I am rank 1 Time comp: 0.0298133 s
I am rank 21 Time comm: 0.0077701 s
I am rank 7 Time kernel: 0.0342119 s
I am rank 6 Time kernel: 0.0342119 s
I am rank 5 Time kernel: 0.0342125 s
I am rank 4 Time modeling: 0.0342172 s
I am rank 3 Time kernel: 0.0342131 s
I am rank 2 Time kernel: 0.0342134 s
I am rank 1 Time kernel: 0.0342126 s
I am rank 20 Time comm: 0.00876461 s
I am rank 7 Time modeling: 0.0342164 s
I am rank 6 Time modeling: 0.0342162 s
I am rank 5 Time modeling: 0.0342168 s
I am rank 3 Time modeling: 0.0342174 s
I am rank 2 Time modeling: 0.0342176 s
I am rank 1 Time modeling: 0.0342175 s
I am rank 19 Time comm: 0.00914457 s
I am rank 18 Time comm: 0.00708317 s
I am rank 17 Time comp: 0.0262168 s
I am rank 23 Time kernel: 0.0342121 s
I am rank 22 Time comp: 0.0272644 s
I am rank 21 Time comp: 0.0263851 s
I am rank 20 Time comp: 0.0254144 s
I am rank 19 Time comp: 0.0250158 s
I am rank 18 Time comp: 0.0270736 s
I am rank 17 Time kernel: 0.0342133 s
I am rank 23 Time modeling: 0.0342168 s
I am rank 22 Time kernel: 0.0342122 s
I am rank 21 Time kernel: 0.0342127 s
I am rank 20 Time kernel: 0.0342127 s
I am rank 19 Time kernel: 0.0342131 s
I am rank 18 Time kernel: 0.0342143 s
I am rank 17 Time modeling: 0.0342176 s
I am rank 22 Time modeling: 0.0342168 s
I am rank 21 Time modeling: 0.0342171 s
I am rank 20 Time modeling: 0.0342175 s
I am rank 19 Time modeling: 0.0342173 s
I am rank 18 Time modeling: 0.0342185 s
nsteps = 100
ndamp = 27 27 27
nsteps = 100
nsteps = 100
rank = 9, min_u = -0.000000, max_u = 0.000000
ndamp = 27 27 27
nsteps = 100
nsteps = 100
nsteps = 100
nsteps = 100
ndamp = 27 27 27
CHECKSUM rank 9 = 3d5d662e21a307cf
rank = 15, min_u = -1178.403320, max_u = 757.766235
ndamp = 27 27 27
ndamp = 27 27 27
ndamp = 27 27 27
ndamp = 27 27 27
rank = 10, min_u = -0.000000, max_u = 0.000000
GICC_ROUTE rank 9 staged=0 pushed=0
CHECKSUM rank 15 = 15483d21094f4ab3
rank = 14, min_u = -1178.402710, max_u = 757.765381
rank = 13, min_u = -0.009974, max_u = 0.026708
rank = 12, min_u = -0.000000, max_u = 0.000000
rank = 11, min_u = -0.000000, max_u = 0.000000
CHECKSUM rank 10 = 7c55d29df30574fa
FINAL min_u,  max_u = -0.000000, 0.000000
GICC_ROUTE rank 15 staged=100 pushed=0
CHECKSUM rank 14 = 6ad08d8fe8d0249c
CHECKSUM rank 13 = 881e9f8714436142
CHECKSUM rank 12 = b4c93a1af0b8f91e
CHECKSUM rank 11 = d1de135c6e439e7d
GICC_ROUTE rank 10 staged=0 pushed=0
I am rank 9 Time comm: 0.00726948 s
FINAL min_u,  max_u = -1178.403320, 757.766235
GICC_ROUTE rank 14 staged=0 pushed=0
GICC_ROUTE rank 13 staged=0 pushed=0
GICC_ROUTE rank 12 staged=0 pushed=0
GICC_ROUTE rank 11 staged=0 pushed=0
FINAL min_u,  max_u = -0.000000, 0.000000
I am rank 9 Time comp: 0.0269181 s
I am rank 15 Time comm: 0.00961717 s
FINAL min_u,  max_u = -1178.402710, 757.765381
FINAL min_u,  max_u = -0.009974, 0.026708
FINAL min_u,  max_u = -0.000000, 0.000000
FINAL min_u,  max_u = -0.000000, 0.000000
I am rank 10 Time comm: 0.00713769 s
I am rank 9 Time kernel: 0.0342131 s
I am rank 15 Time comp: 0.023922 s
I am rank 14 Time comm: 0.00672454 s
I am rank 13 Time comm: 0.00753659 s
I am rank 12 Time comm: 0.00832033 s
I am rank 11 Time comm: 0.00865938 s
I am rank 10 Time comp: 0.0270209 s
I am rank 9 Time modeling: 0.0342178 s
I am rank 15 Time kernel: 0.033608 s
I am rank 14 Time comp: 0.0274311 s
I am rank 13 Time comp: 0.0266029 s
I am rank 12 Time comp: 0.0258331 s
I am rank 11 Time comp: 0.0254883 s
I am rank 10 Time kernel: 0.0342127 s
I am rank 15 Time modeling: 0.0342194 s
I am rank 14 Time kernel: 0.0342122 s
nsteps = 100
I am rank 13 Time kernel: 0.0342121 s
I am rank 12 Time kernel: 0.0342128 s
I am rank 11 Time kernel: 0.0342121 s
I am rank 10 Time modeling: 0.0342169 s
I am rank 14 Time modeling: 0.0342164 s
ndamp = 27 27 27
nsteps = 100
nsteps = 100
I am rank 13 Time modeling: 0.0342168 s
I am rank 12 Time modeling: 0.034217 s
I am rank 11 Time modeling: 0.034217 s
nsteps = 100
nsteps = 100
nsteps = 100
nsteps = 100
rank = 31, min_u = 0.000000, max_u = 0.000000
ndamp = 27 27 27
ndamp = 27 27 27
ndamp = 27 27 27
ndamp = 27 27 27
ndamp = 27 27 27
ndamp = 27 27 27
CHECKSUM rank 31 = e1a657209c401383
rank = 30, min_u = 0.000000, max_u = 0.000000
rank = 29, min_u = 0.000000, max_u = 0.000000
rank = 28, min_u = 0.000000, max_u = 0.000000
rank = 27, min_u = 0.000000, max_u = 0.000000
rank = 26, min_u = 0.000000, max_u = 0.000000
rank = 25, min_u = 0.000000, max_u = 0.000000
GICC_ROUTE rank 31 staged=0 pushed=0
CHECKSUM rank 30 = e1a657209c401383
CHECKSUM rank 29 = e1a657209c401383
CHECKSUM rank 28 = e1a657209c401383
CHECKSUM rank 27 = e1a657209c401383
CHECKSUM rank 26 = e1a657209c401383
CHECKSUM rank 25 = e1a657209c401383
FINAL min_u,  max_u = 0.000000, 0.000000
GICC_ROUTE rank 30 staged=0 pushed=0
GICC_ROUTE rank 29 staged=0 pushed=0
GICC_ROUTE rank 28 staged=0 pushed=0
GICC_ROUTE rank 27 staged=0 pushed=0
GICC_ROUTE rank 26 staged=0 pushed=0
GICC_ROUTE rank 25 staged=0 pushed=0
I am rank 31 Time comm: 0.00868175 s
FINAL min_u,  max_u = 0.000000, 0.000000
FINAL min_u,  max_u = 0.000000, 0.000000
FINAL min_u,  max_u = 0.000000, 0.000000
FINAL min_u,  max_u = 0.000000, 0.000000
FINAL min_u,  max_u = 0.000000, 0.000000
FINAL min_u,  max_u = 0.000000, 0.000000
I am rank 31 Time comp: 0.0254759 s
I am rank 30 Time comm: 0.00363459 s
I am rank 29 Time comm: 0.00586607 s
I am rank 28 Time comm: 0.00790218 s
I am rank 27 Time comm: 0.00910275 s
I am rank 26 Time comm: 0.00790069 s
I am rank 25 Time comm: 0.00742435 s
I am rank 31 Time kernel: 0.034214 s
I am rank 30 Time comp: 0.0305087 s
I am rank 29 Time comp: 0.0282908 s
I am rank 28 Time comp: 0.0262753 s
I am rank 27 Time comp: 0.0250556 s
I am rank 26 Time comp: 0.0262806 s
I am rank 25 Time comp: 0.0267468 s
I am rank 31 Time modeling: 0.0342182 s
I am rank 30 Time kernel: 0.0342142 s
I am rank 29 Time kernel: 0.0342141 s
I am rank 28 Time kernel: 0.0342143 s
I am rank 27 Time kernel: 0.0342146 s
I am rank 26 Time kernel: 0.0342141 s
I am rank 25 Time kernel: 0.0342138 s
I am rank 30 Time modeling: 0.0342184 s
I am rank 29 Time modeling: 0.0342184 s
I am rank 28 Time modeling: 0.0342185 s
I am rank 27 Time modeling: 0.0342189 s
I am rank 26 Time modeling: 0.0342185 s
I am rank 25 Time modeling: 0.0342179 s
