RUN kind=standard arm=default_overlap nodes=4 rpn=8 ranks=32 rep=1 grid=400 steps=100 binary=/p/lustre2/shan4/new-gicc/build_ofi/minimod_paper/bin/minimod_default
[minimod-unified] transport = DWQ (GPU trigger)
ngpus = 32
nsteps = 100
ndamp = 27 27 27
grid = 400 400 400
u_size = 271669248
HIP gicc target initialized: 32 GPUs, rank 0 handles x=[0,13)
Halo size: 2663424 bytes (665856 floats)
time step 100 / 100
rank = 0, min_u = 0.000000, max_u = 0.000000
CHECKSUM rank 0 = 1d7cdec2e85aff83
GICC_ROUTE rank 0 staged=0 pushed=0
FINAL min_u,  max_u = 0.000000, 0.000000
I am rank 0 Time comm: 0.00730925 s
I am rank 0 Time comp: 0.0270769 s
I am rank 0 Time kernel: 0.0344546 s
I am rank 0 Time modeling: 0.0344635 s
nsteps = 100
ndamp = 27 27 27
rank = 16, min_u = -1175.140381, max_u = 405.548523
CHECKSUM rank 16 = 5f8de52f4bc3cc2d
nsteps = 100
GICC_ROUTE rank 16 staged=100 pushed=0
ndamp = 27 27 27
FINAL min_u,  max_u = -1175.140381, 405.548523
rank = 8, min_u = 0.000000, max_u = 0.000000
I am rank 16 Time comm: 0.0105645 s
CHECKSUM rank 8 = 1d7cdec2e85aff83
nsteps = 100
I am rank 16 Time comp: 0.0238155 s
GICC_ROUTE rank 8 staged=100 pushed=0
ndamp = 27 27 27
I am rank 16 Time kernel: 0.0344533 s
FINAL min_u,  max_u = 0.000000, 0.000000
rank = 24, min_u = 0.000000, max_u = 0.000000
I am rank 16 Time modeling: 0.0344644 s
I am rank 8 Time comm: 0.00922493 s
CHECKSUM rank 24 = e1a657209c401383
GICC_ROUTE rank 24 staged=100 pushed=0
I am rank 8 Time comp: 0.0251811 s
FINAL min_u,  max_u = 0.000000, 0.000000
I am rank 8 Time kernel: 0.0344543 s
I am rank 24 Time comm: 0.0106245 s
I am rank 8 Time modeling: 0.0344653 s
I am rank 24 Time comp: 0.0237639 s
I am rank 24 Time kernel: 0.0344586 s
I am rank 24 Time modeling: 0.0344665 s
nsteps = 100
ndamp = 27 27 27
rank = 9, min_u = -0.000000, max_u = 0.000000
CHECKSUM rank 9 = 3d5d662e21a307cf
GICC_ROUTE rank 9 staged=0 pushed=0
FINAL min_u,  max_u = -0.000000, 0.000000
I am rank 9 Time comm: 0.00732891 s
I am rank 9 Time comp: 0.0270546 s
I am rank 9 Time kernel: 0.0344607 s
I am rank 9 Time modeling: 0.0344656 s
nsteps = 100
ndamp = 27 27 27
rank = 1, min_u = 0.000000, max_u = 0.000000
CHECKSUM rank 1 = 1d7cdec2e85aff83
GICC_ROUTE rank 1 staged=0 pushed=0
FINAL min_u,  max_u = 0.000000, 0.000000
I am rank 1 Time comm: 0.00480118 s
I am rank 1 Time comp: 0.0296026 s
I am rank 1 Time kernel: 0.0344603 s
I am rank 1 Time modeling: 0.0344645 s
nsteps = 100
ndamp = 27 27 27
rank = 25, min_u = 0.000000, max_u = 0.000000
CHECKSUM rank 25 = e1a657209c401383
GICC_ROUTE rank 25 staged=0 pushed=0
FINAL min_u,  max_u = 0.000000, 0.000000
I am rank 25 Time comm: 0.00767332 s
nsteps = 100
I am rank 25 Time comp: 0.0267236 s
ndamp = 27 27 27
I am rank 25 Time kernel: 0.0344623 s
rank = 26, min_u = 0.000000, max_u = 0.000000
I am rank 25 Time modeling: 0.0344665 s
CHECKSUM rank 26 = e1a657209c401383
GICC_ROUTE rank 26 staged=0 pushed=0
FINAL min_u,  max_u = 0.000000, 0.000000
I am rank 26 Time comm: 0.00743286 s
I am rank 26 Time comp: 0.0269549 s
I am rank 26 Time kernel: 0.0344621 s
I am rank 26 Time modeling: 0.0344665 s
nsteps = 100
ndamp = 27 27 27
rank = 14, min_u = -1178.402710, max_u = 757.765381
CHECKSUM rank 14 = 6ad08d8fe8d0249c
GICC_ROUTE rank 14 staged=0 pushed=0
FINAL min_u,  max_u = -1178.402710, 757.765381
I am rank 14 Time comm: 0.00811146 s
I am rank 14 Time comp: 0.0262842 s
I am rank 14 Time kernel: 0.0344603 s
I am rank 14 Time modeling: 0.0344646 s
nsteps = 100
ndamp = 27 27 27
rank = 5, min_u = 0.000000, max_u = 0.000000
CHECKSUM rank 5 = 1d7cdec2e85aff83
GICC_ROUTE rank 5 staged=0 pushed=0
FINAL min_u,  max_u = 0.000000, 0.000000
I am rank 5 Time comm: 0.00794232 s
I am rank 5 Time comp: 0.0264759 s
I am rank 5 Time kernel: 0.0344598 s
I am rank 5 Time modeling: 0.034464 s
nsteps = 100
ndamp = 27 27 27
rank = 18, min_u = -0.000000, max_u = 0.000000
CHECKSUM rank 18 = b163d2bd1ae86128
GICC_ROUTE rank 18 staged=0 pushed=0
nsteps = 100
FINAL min_u,  max_u = -0.000000, 0.000000
ndamp = 27 27 27
I am rank 18 Time comm: 0.00740644 s
rank = 6, min_u = 0.000000, max_u = 0.000000
I am rank 18 Time comp: 0.0270017 s
CHECKSUM rank 6 = 1d7cdec2e85aff83
I am rank 18 Time kernel: 0.0344597 s
GICC_ROUTE rank 6 staged=0 pushed=0
I am rank 18 Time modeling: 0.0344641 s
FINAL min_u,  max_u = 0.000000, 0.000000
nsteps = 100
I am rank 6 Time comm: 0.00709397 s
ndamp = 27 27 27
I am rank 6 Time comp: 0.027305 s
rank = 29, min_u = 0.000000, max_u = 0.000000
I am rank 6 Time kernel: 0.0344594 s
CHECKSUM rank 29 = e1a657209c401383
I am rank 6 Time modeling: 0.0344638 s
GICC_ROUTE rank 29 staged=0 pushed=0
FINAL min_u,  max_u = 0.000000, 0.000000
nsteps = 100
I am rank 29 Time comm: 0.00608218 s
ndamp = 27 27 27
nsteps = 100
I am rank 29 Time comp: 0.0283282 s
rank = 7, min_u = 0.000000, max_u = 0.000000
ndamp = 27 27 27
I am rank 29 Time kernel: 0.0344619 s
CHECKSUM rank 7 = 1d7cdec2e85aff83
rank = 4, min_u = 0.000000, max_u = 0.000000
I am rank 29 Time modeling: 0.0344662 s
GICC_ROUTE rank 7 staged=100 pushed=0
CHECKSUM rank 4 = 1d7cdec2e85aff83
nsteps = 100
FINAL min_u,  max_u = 0.000000, 0.000000
GICC_ROUTE rank 4 staged=0 pushed=0
ndamp = 27 27 27
I am rank 7 Time comm: 0.0102637 s
FINAL min_u,  max_u = 0.000000, 0.000000
rank = 15, min_u = -1178.403320, max_u = 757.766235
I am rank 7 Time comp: 0.024116 s
I am rank 4 Time comm: 0.0085086 s
CHECKSUM rank 15 = 15483d21094f4ab3
I am rank 7 Time kernel: 0.0344586 s
I am rank 4 Time comp: 0.0258926 s
nsteps = 100
GICC_ROUTE rank 15 staged=100 pushed=0
I am rank 7 Time modeling: 0.0344638 s
I am rank 4 Time kernel: 0.0344602 s
ndamp = 27 27 27
FINAL min_u,  max_u = -1178.403320, 757.766235
I am rank 4 Time modeling: 0.0344645 s
rank = 2, min_u = 0.000000, max_u = 0.000000
I am rank 15 Time comm: 0.00972986 s
CHECKSUM rank 2 = 1d7cdec2e85aff83
I am rank 15 Time comp: 0.0240376 s
nsteps = 100
GICC_ROUTE rank 2 staged=0 pushed=0
I am rank 15 Time kernel: 0.033832 s
ndamp = 27 27 27
FINAL min_u,  max_u = 0.000000, 0.000000
I am rank 15 Time modeling: 0.0344668 s
rank = 3, min_u = 0.000000, max_u = 0.000000
I am rank 2 Time comm: 0.00660089 s
nsteps = 100
CHECKSUM rank 3 = 1d7cdec2e85aff83
I am rank 2 Time comp: 0.0278341 s
ndamp = 27 27 27
GICC_ROUTE rank 3 staged=0 pushed=0
I am rank 2 Time kernel: 0.0344599 s
rank = 31, min_u = 0.000000, max_u = 0.000000
FINAL min_u,  max_u = 0.000000, 0.000000
I am rank 2 Time modeling: 0.0344641 s
CHECKSUM rank 31 = e1a657209c401383
I am rank 3 Time comm: 0.00932558 s
GICC_ROUTE rank 31 staged=0 pushed=0
I am rank 3 Time comp: 0.0250701 s
FINAL min_u,  max_u = 0.000000, 0.000000
I am rank 3 Time kernel: 0.0344613 s
I am rank 31 Time comm: 0.0089002 s
I am rank 3 Time modeling: 0.0344654 s
I am rank 31 Time comp: 0.0255042 s
nsteps = 100
I am rank 31 Time kernel: 0.0344616 s
ndamp = 27 27 27
I am rank 31 Time modeling: 0.0344658 s
rank = 30, min_u = 0.000000, max_u = 0.000000
CHECKSUM rank 30 = e1a657209c401383
GICC_ROUTE rank 30 staged=0 pushed=0
FINAL min_u,  max_u = 0.000000, 0.000000
I am rank 30 Time comm: 0.00412448 s
I am rank 30 Time comp: 0.030273 s
I am rank 30 Time kernel: 0.0344618 s
I am rank 30 Time modeling: 0.0344659 s
nsteps = 100
ndamp = 27 27 27
rank = 28, min_u = 0.000000, max_u = 0.000000
CHECKSUM rank 28 = e1a657209c401383
GICC_ROUTE rank 28 staged=0 pushed=0
FINAL min_u,  max_u = 0.000000, 0.000000
I am rank 28 Time comm: 0.00823828 s
I am rank 28 Time comp: 0.0261471 s
I am rank 28 Time kernel: 0.0344622 s
nsteps = 100
ndamp = 27 27 27
rank = 13, min_u = -0.009974, max_u = 0.026708
CHECKSUM rank 13 = 881e9f8714436142
I am rank 28 Time modeling: 0.0344664 s
nsteps = 100
ndamp = 27 27 27
rank = 27, min_u = 0.000000, max_u = 0.000000
GICC_ROUTE rank 13 staged=0 pushed=0
FINAL min_u,  max_u = -0.009974, 0.026708
I am rank 13 Time comm: 0.00789276 s
I am rank 13 Time comp: 0.0265072 s
I am rank 13 Time kernel: 0.0344603 s
CHECKSUM rank 27 = e1a657209c401383
I am rank 13 Time modeling: 0.0344645 s
GICC_ROUTE rank 27 staged=0 pushed=0
nsteps = 100
FINAL min_u,  max_u = 0.000000, 0.000000
ndamp = 27 27 27
I am rank 27 Time comm: 0.00967273 s
rank = 11, min_u = -0.000000, max_u = 0.000000
I am rank 27 Time comp: 0.0247623 s
CHECKSUM rank 11 = d1de135c6e439e7d
I am rank 27 Time kernel: 0.0344623 s
GICC_ROUTE rank 11 staged=0 pushed=0
I am rank 27 Time modeling: 0.0344665 s
FINAL min_u,  max_u = -0.000000, 0.000000
nsteps = 100
I am rank 11 Time comm: 0.00916626 s
ndamp = 27 27 27
I am rank 11 Time comp: 0.0252342 s
rank = 12, min_u = -0.000000, max_u = 0.000000
I am rank 11 Time kernel: 0.0344604 s
CHECKSUM rank 12 = b4c93a1af0b8f91e
I am rank 11 Time modeling: 0.0344647 s
GICC_ROUTE rank 12 staged=0 pushed=0
FINAL min_u,  max_u = -0.000000, 0.000000
I am rank 12 Time comm: 0.00872322 s
I am rank 12 Time comp: 0.0257044 s
I am rank 12 Time kernel: 0.0344607 s
I am rank 12 Time modeling: 0.034465 s
nsteps = 100
ndamp = 27 27 27
rank = 10, min_u = -0.000000, max_u = 0.000000
CHECKSUM rank 10 = 7c55d29df30574fa
GICC_ROUTE rank 10 staged=0 pushed=0
FINAL min_u,  max_u = -0.000000, 0.000000
I am rank 10 Time comm: 0.00734637 s
I am rank 10 Time comp: 0.0270447 s
I am rank 10 Time kernel: 0.0344603 s
I am rank 10 Time modeling: 0.0344651 s
nsteps = 100
ndamp = 27 27 27
rank = 20, min_u = -0.000000, max_u = 0.000000
CHECKSUM rank 20 = d4a55e3b52c5ade7
GICC_ROUTE rank 20 staged=0 pushed=0
FINAL min_u,  max_u = -0.000000, 0.000000
I am rank 20 Time comm: 0.00859405 s
I am rank 20 Time comp: 0.0257987 s
I am rank 20 Time kernel: 0.03446 s
I am rank 20 Time modeling: 0.0344642 s
nsteps = 100
ndamp = 27 27 27
rank = 23, min_u = 0.000000, max_u = 0.000000
CHECKSUM rank 23 = e1a657209c401383
GICC_ROUTE rank 23 staged=100 pushed=0
FINAL min_u,  max_u = 0.000000, 0.000000
I am rank 23 Time comm: 0.0114065 s
I am rank 23 Time comp: 0.0229795 s
I am rank 23 Time kernel: 0.0344589 s
I am rank 23 Time modeling: 0.0344635 s
nsteps = 100
ndamp = 27 27 27
rank = 22, min_u = 0.000000, max_u = 0.000000
nsteps = 100
CHECKSUM rank 22 = e1a657209c401383
ndamp = 27 27 27
GICC_ROUTE rank 22 staged=0 pushed=0
rank = 21, min_u = -0.000000, max_u = 0.000000
FINAL min_u,  max_u = 0.000000, 0.000000
CHECKSUM rank 21 = c341152f35502be3
I am rank 22 Time comm: 0.0080385 s
GICC_ROUTE rank 21 staged=0 pushed=0
I am rank 22 Time comp: 0.0263421 s
FINAL min_u,  max_u = -0.000000, 0.000000
I am rank 22 Time kernel: 0.0344593 s
I am rank 21 Time comm: 0.00789525 s
I am rank 22 Time modeling: 0.0344638 s
I am rank 21 Time comp: 0.0265454 s
I am rank 21 Time kernel: 0.0344593 s
I am rank 21 Time modeling: 0.0344635 s
nsteps = 100
ndamp = 27 27 27
rank = 19, min_u = -0.000000, max_u = 0.000000
CHECKSUM rank 19 = 60d7ca341a5ddb2a
GICC_ROUTE rank 19 staged=0 pushed=0
nsteps = 100
FINAL min_u,  max_u = -0.000000, 0.000000
ndamp = 27 27 27
I am rank 19 Time comm: 0.00937932 s
rank = 17, min_u = -0.009974, max_u = 0.000996
I am rank 19 Time comp: 0.0250264 s
CHECKSUM rank 17 = 17b1598fc4d29462
I am rank 19 Time kernel: 0.0344603 s
GICC_ROUTE rank 17 staged=0 pushed=0
I am rank 19 Time modeling: 0.0344645 s
FINAL min_u,  max_u = -0.009974, 0.000996
I am rank 17 Time comm: 0.00774456 s
I am rank 17 Time comp: 0.0266784 s
I am rank 17 Time kernel: 0.0344595 s
I am rank 17 Time modeling: 0.0344637 s
