RUN kind=standard arm=default_overlap nodes=1 rpn=8 ranks=8 rep=3 grid=400 steps=100 binary=/p/lustre2/shan4/new-gicc/build_ofi/minimod_paper/bin/minimod_default
[minimod-unified] transport = DWQ (GPU trigger)
nsteps = 100
nsteps = 100
nsteps = 100
nsteps = 100
ndamp = 27 27 27
ndamp = 27 27 27
nsteps = 100
nsteps = 100
nsteps = 100
ngpus = 8
ndamp = 27 27 27
ndamp = 27 27 27
rank = 5, min_u = -0.000000, max_u = 0.000000
rank = 4, min_u = -1151.019775, max_u = 743.350464
ndamp = 27 27 27
ndamp = 27 27 27
ndamp = 27 27 27
nsteps = 100
rank = 7, min_u = 0.000000, max_u = 0.000000
rank = 6, min_u = 0.000000, max_u = 0.000000
CHECKSUM rank 5 = 52136da07e699794
CHECKSUM rank 4 = 38eb21af7f824e3c
rank = 3, min_u = -1143.143799, max_u = 733.619385
rank = 2, min_u = -0.000000, max_u = 0.000000
rank = 1, min_u = 0.000000, max_u = 0.000000
ndamp = 27 27 27
CHECKSUM rank 7 = f42f0682210f1b83
CHECKSUM rank 6 = f42f0682210f1b83
GICC_ROUTE rank 5 staged=0 pushed=0
GICC_ROUTE rank 4 staged=0 pushed=0
CHECKSUM rank 3 = 558fd23b5815c956
CHECKSUM rank 2 = 153043b918134cf8
CHECKSUM rank 1 = f42f0682210f1b83
grid = 400 400 400
GICC_ROUTE rank 7 staged=0 pushed=0
GICC_ROUTE rank 6 staged=0 pushed=0
FINAL min_u,  max_u = -0.000000, 0.000000
FINAL min_u,  max_u = -1151.019775, 743.350464
GICC_ROUTE rank 3 staged=0 pushed=0
GICC_ROUTE rank 2 staged=0 pushed=0
GICC_ROUTE rank 1 staged=0 pushed=0
u_size = 271669248
FINAL min_u,  max_u = 0.000000, 0.000000
FINAL min_u,  max_u = 0.000000, 0.000000
I am rank 5 Time comm: 0.0119383 s
I am rank 4 Time comm: 0.00980122 s
FINAL min_u,  max_u = -1143.143799, 733.619385
FINAL min_u,  max_u = -0.000000, 0.000000
FINAL min_u,  max_u = 0.000000, 0.000000
HIP gicc target initialized: 8 GPUs, rank 0 handles x=[0,50)
I am rank 7 Time comm: 0.00271644 s
I am rank 6 Time comm: 0.0101566 s
I am rank 5 Time comp: 0.0469175 s
I am rank 4 Time comp: 0.0483995 s
I am rank 3 Time comm: 0.0105176 s
I am rank 2 Time comm: 0.0103097 s
I am rank 1 Time comm: 0.010622 s
Halo size: 2663424 bytes (665856 floats)
I am rank 7 Time comp: 0.0561415 s
I am rank 6 Time comp: 0.0487036 s
I am rank 5 Time kernel: 0.0589143 s
I am rank 4 Time kernel: 0.0582727 s
I am rank 3 Time comp: 0.048376 s
I am rank 2 Time comp: 0.0485291 s
I am rank 1 Time comp: 0.0482437 s
time step 100 / 100
I am rank 7 Time kernel: 0.058914 s
I am rank 6 Time kernel: 0.0589142 s
I am rank 5 Time modeling: 0.0589185 s
I am rank 4 Time modeling: 0.0589216 s
I am rank 3 Time kernel: 0.0589145 s
I am rank 2 Time kernel: 0.0589138 s
I am rank 1 Time kernel: 0.0589139 s
rank = 0, min_u = 0.000000, max_u = 0.000000
I am rank 7 Time modeling: 0.0589183 s
I am rank 6 Time modeling: 0.0589185 s
I am rank 3 Time modeling: 0.0589185 s
I am rank 2 Time modeling: 0.0589181 s
I am rank 1 Time modeling: 0.0589182 s
CHECKSUM rank 0 = f42f0682210f1b83
GICC_ROUTE rank 0 staged=0 pushed=0
FINAL min_u,  max_u = 0.000000, 0.000000
I am rank 0 Time comm: 0.0005255 s
I am rank 0 Time comp: 0.0583143 s
I am rank 0 Time kernel: 0.0589079 s
I am rank 0 Time modeling: 0.058917 s
