RUN kind=standard arm=trigger_overlap nodes=4 rpn=8 ranks=32 rep=1 grid=400 steps=100 binary=/p/lustre2/shan4/new-gicc/build_ofi/minimod_paper/bin/minimod_trigger
[minimod-unified] transport = DWQ (GPU trigger)
ngpus = 32
nsteps = 100
ndamp = 27 27 27
grid = 400 400 400
u_size = 271669248
HIP gicc target initialized: 32 GPUs, rank 0 handles x=[0,13)
Halo size: 2663424 bytes (665856 floats)
time step 100 / 100
rank = 0, min_u = 0.000000, max_u = 0.000000
CHECKSUM rank 0 = 1d7cdec2e85aff83
GICC_ROUTE rank 0 staged=100 pushed=0
FINAL min_u,  max_u = 0.000000, 0.000000
I am rank 0 Time comm: 0.0784349 s
I am rank 0 Time comp: 0.0256456 s
I am rank 0 Time kernel: 0.104096 s
I am rank 0 Time modeling: 0.104102 s
nsteps = 100
ndamp = 27 27 27
rank = 16, min_u = -1175.140381, max_u = 405.548523
nsteps = 100
CHECKSUM rank 16 = 5f8de52f4bc3cc2d
ndamp = 27 27 27
GICC_ROUTE rank 16 staged=200 pushed=0
rank = 8, min_u = 0.000000, max_u = 0.000000
FINAL min_u,  max_u = -1175.140381, 405.548523
CHECKSUM rank 8 = 1d7cdec2e85aff83
nsteps = 100
I am rank 16 Time comm: 0.0823009 s
GICC_ROUTE rank 8 staged=200 pushed=0
ndamp = 27 27 27
I am rank 16 Time comp: 0.0217828 s
FINAL min_u,  max_u = 0.000000, 0.000000
rank = 24, min_u = 0.000000, max_u = 0.000000
I am rank 16 Time kernel: 0.104099 s
I am rank 8 Time comm: 0.0814985 s
CHECKSUM rank 24 = e1a657209c401383
I am rank 16 Time modeling: 0.104105 s
I am rank 8 Time comp: 0.0225793 s
GICC_ROUTE rank 24 staged=200 pushed=0
FINAL min_u,  max_u = 0.000000, 0.000000
I am rank 8 Time kernel: 0.104098 s
I am rank 24 Time comm: 0.0823339 s
I am rank 8 Time modeling: 0.104107 s
I am rank 24 Time comp: 0.021753 s
I am rank 24 Time kernel: 0.104099 s
I am rank 24 Time modeling: 0.104105 s
nsteps = 100
ndamp = 27 27 27
rank = 25, min_u = 0.000000, max_u = 0.000000
CHECKSUM rank 25 = e1a657209c401383
GICC_ROUTE rank 25 staged=200 pushed=0
FINAL min_u,  max_u = 0.000000, 0.000000
I am rank 25 Time comm: 0.0827448 s
I am rank 25 Time comp: 0.0213444 s
I am rank 25 Time kernel: 0.1041 s
I am rank 25 Time modeling: 0.104105 s
nsteps = 100
ndamp = 27 27 27
rank = 18, min_u = -0.000000, max_u = 0.000000
CHECKSUM rank 18 = b163d2bd1ae86128
GICC_ROUTE rank 18 staged=200 pushed=0
FINAL min_u,  max_u = -0.000000, 0.000000
I am rank 18 Time comm: 0.0824014 s
I am rank 18 Time comp: 0.0216913 s
I am rank 18 Time kernel: 0.104101 s
I am rank 18 Time modeling: 0.104106 s
nsteps = 100
ndamp = 27 27 27
rank = 10, min_u = -0.000000, max_u = 0.000000
CHECKSUM rank 10 = 7c55d29df30574fa
GICC_ROUTE rank 10 staged=200 pushed=0
FINAL min_u,  max_u = -0.000000, 0.000000
I am rank 10 Time comm: 0.081503 s
I am rank 10 Time comp: 0.0225881 s
I am rank 10 Time kernel: 0.104101 s
I am rank 10 Time modeling: 0.104106 s
nsteps = 100
ndamp = 27 27 27
rank = 17, min_u = -0.009974, max_u = 0.000996
CHECKSUM rank 17 = 17b1598fc4d29462
GICC_ROUTE rank 17 staged=200 pushed=0
FINAL min_u,  max_u = -0.009974, 0.000996
I am rank 17 Time comm: 0.0827929 s
I am rank 17 Time comp: 0.0212983 s
I am rank 17 Time kernel: 0.104101 s
I am rank 17 Time modeling: 0.104106 s
nsteps = 100
ndamp = 27 27 27
rank = 19, min_u = -0.000000, max_u = 0.000000
CHECKSUM rank 19 = 60d7ca341a5ddb2a
GICC_ROUTE rank 19 staged=200 pushed=0
FINAL min_u,  max_u = -0.000000, 0.000000
I am rank 19 Time comm: 0.0829006 s
I am rank 19 Time comp: 0.0211915 s
I am rank 19 Time kernel: 0.104102 s
I am rank 19 Time modeling: 0.104106 s
nsteps = 100
ndamp = 27 27 27
rank = 30, min_u = 0.000000, max_u = 0.000000
CHECKSUM rank 30 = e1a657209c401383
GICC_ROUTE rank 30 staged=200 pushed=0
FINAL min_u,  max_u = 0.000000, 0.000000
nsteps = 100
I am rank 30 Time comm: 0.0779716 s
ndamp = 27 27 27
I am rank 30 Time comp: 0.0261194 s
rank = 31, min_u = 0.000000, max_u = 0.000000
I am rank 30 Time kernel: 0.1041 s
CHECKSUM rank 31 = e1a657209c401383
I am rank 30 Time modeling: 0.104104 s
nsteps = 100
nsteps = 100
ndamp = 27 27 27
ndamp = 27 27 27
GICC_ROUTE rank 31 staged=100 pushed=0
nsteps = 100
rank = 1, min_u = 0.000000, max_u = 0.000000
FINAL min_u,  max_u = 0.000000, 0.000000
ndamp = 27 27 27
CHECKSUM rank 1 = 1d7cdec2e85aff83
rank = 23, min_u = 0.000000, max_u = 0.000000
rank = 2, min_u = 0.000000, max_u = 0.000000
GICC_ROUTE rank 1 staged=200 pushed=0
I am rank 31 Time comm: 0.0802337 s
nsteps = 100
CHECKSUM rank 2 = 1d7cdec2e85aff83
FINAL min_u,  max_u = 0.000000, 0.000000
CHECKSUM rank 23 = e1a657209c401383
ndamp = 27 27 27
GICC_ROUTE rank 2 staged=200 pushed=0
I am rank 1 Time comm: 0.076973 s
I am rank 31 Time comp: 0.0238565 s
rank = 7, min_u = 0.000000, max_u = 0.000000
FINAL min_u,  max_u = 0.000000, 0.000000
I am rank 1 Time comp: 0.027114 s
GICC_ROUTE rank 23 staged=200 pushed=0
CHECKSUM rank 7 = 1d7cdec2e85aff83
I am rank 2 Time comm: 0.0807646 s
I am rank 1 Time kernel: 0.104098 s
I am rank 31 Time kernel: 0.104099 s
GICC_ROUTE rank 7 staged=200 pushed=0
I am rank 2 Time comp: 0.0233243 s
I am rank 1 Time modeling: 0.104105 s
FINAL min_u,  max_u = 0.000000, 0.000000
FINAL min_u,  max_u = 0.000000, 0.000000
I am rank 2 Time kernel: 0.104099 s
I am rank 31 Time modeling: 0.104104 s
I am rank 7 Time comm: 0.0819396 s
I am rank 2 Time modeling: 0.104105 s
I am rank 23 Time comm: 0.0828404 s
I am rank 7 Time comp: 0.022148 s
nsteps = 100
I am rank 7 Time kernel: 0.104098 s
I am rank 23 Time comp: 0.0212511 s
I am rank 7 Time modeling: 0.104104 s
I am rank 23 Time kernel: 0.1041 s
I am rank 23 Time modeling: 0.104105 s
ndamp = 27 27 27
rank = 27, min_u = 0.000000, max_u = 0.000000
nsteps = 100
CHECKSUM rank 27 = e1a657209c401383
ndamp = 27 27 27
GICC_ROUTE rank 27 staged=200 pushed=0
rank = 29, min_u = 0.000000, max_u = 0.000000
FINAL min_u,  max_u = 0.000000, 0.000000
CHECKSUM rank 29 = e1a657209c401383
I am rank 27 Time comm: 0.0826948 s
GICC_ROUTE rank 29 staged=200 pushed=0
I am rank 27 Time comp: 0.0213937 s
nsteps = 100
FINAL min_u,  max_u = 0.000000, 0.000000
I am rank 27 Time kernel: 0.104099 s
ndamp = 27 27 27
nsteps = 100
ndamp = 27 27 27
rank = 21, min_u = -0.000000, max_u = 0.000000
CHECKSUM rank 21 = c341152f35502be3
nsteps = 100
nsteps = 100
GICC_ROUTE rank 21 staged=200 pushed=0
nsteps = 100
ndamp = 27 27 27
ndamp = 27 27 27
ndamp = 27 27 27
rank = 5, min_u = 0.000000, max_u = 0.000000
nsteps = 100
FINAL min_u,  max_u = -0.000000, 0.000000
rank = 6, min_u = 0.000000, max_u = 0.000000
CHECKSUM rank 5 = 1d7cdec2e85aff83
ndamp = 27 27 27
I am rank 29 Time comm: 0.0818475 s
CHECKSUM rank 6 = 1d7cdec2e85aff83
GICC_ROUTE rank 5 staged=200 pushed=0
rank = 4, min_u = 0.000000, max_u = 0.000000
nsteps = 100
I am rank 27 Time modeling: 0.104104 s
GICC_ROUTE rank 6 staged=200 pushed=0
FINAL min_u,  max_u = 0.000000, 0.000000
CHECKSUM rank 4 = 1d7cdec2e85aff83
ndamp = 27 27 27
rank = 26, min_u = 0.000000, max_u = 0.000000
FINAL min_u,  max_u = 0.000000, 0.000000
I am rank 5 Time comm: 0.082077 s
GICC_ROUTE rank 4 staged=200 pushed=0
rank = 3, min_u = 0.000000, max_u = 0.000000
I am rank 29 Time comp: 0.0222417 s
I am rank 6 Time comm: 0.0815012 s
I am rank 5 Time comp: 0.0220121 s
FINAL min_u,  max_u = 0.000000, 0.000000
CHECKSUM rank 3 = 1d7cdec2e85aff83
nsteps = 100
I am rank 6 Time comp: 0.022587 s
I am rank 5 Time kernel: 0.104099 s
I am rank 4 Time comm: 0.0815833 s
GICC_ROUTE rank 3 staged=200 pushed=0
CHECKSUM rank 26 = e1a657209c401383
I am rank 6 Time kernel: 0.104098 s
I am rank 5 Time modeling: 0.104104 s
I am rank 4 Time comp: 0.0224999 s
FINAL min_u,  max_u = 0.000000, 0.000000
I am rank 29 Time kernel: 0.1041 s
I am rank 6 Time modeling: 0.104104 s
I am rank 4 Time kernel: 0.104099 s
I am rank 3 Time comm: 0.0820999 s
ndamp = 27 27 27
I am rank 4 Time modeling: 0.104105 s
I am rank 3 Time comp: 0.0219904 s
GICC_ROUTE rank 26 staged=200 pushed=0
I am rank 3 Time kernel: 0.1041 s
I am rank 29 Time modeling: 0.104104 s
I am rank 3 Time modeling: 0.104105 s
nsteps = 100
rank = 22, min_u = 0.000000, max_u = 0.000000
I am rank 21 Time comm: 0.0829361 s
ndamp = 27 27 27
CHECKSUM rank 22 = e1a657209c401383
I am rank 21 Time comp: 0.0211553 s
rank = 20, min_u = -0.000000, max_u = 0.000000
GICC_ROUTE rank 22 staged=200 pushed=0
I am rank 21 Time kernel: 0.1041 s
CHECKSUM rank 20 = d4a55e3b52c5ade7
rank = 28, min_u = 0.000000, max_u = 0.000000
FINAL min_u,  max_u = 0.000000, 0.000000
FINAL min_u,  max_u = 0.000000, 0.000000
I am rank 21 Time modeling: 0.104105 s
CHECKSUM rank 28 = e1a657209c401383
GICC_ROUTE rank 20 staged=200 pushed=0
I am rank 26 Time comm: 0.0823383 s
I am rank 22 Time comm: 0.0823944 s
GICC_ROUTE rank 28 staged=200 pushed=0
FINAL min_u,  max_u = -0.000000, 0.000000
I am rank 26 Time comp: 0.0217524 s
nsteps = 100
I am rank 22 Time comp: 0.021696 s
FINAL min_u,  max_u = 0.000000, 0.000000
ndamp = 27 27 27
I am rank 20 Time comm: 0.0824121 s
I am rank 26 Time kernel: 0.104099 s
rank = 11, min_u = -0.000000, max_u = 0.000000
I am rank 22 Time kernel: 0.1041 s
I am rank 28 Time comm: 0.0823095 s
CHECKSUM rank 11 = d1de135c6e439e7d
I am rank 20 Time comp: 0.0216745 s
I am rank 26 Time modeling: 0.104104 s
GICC_ROUTE rank 11 staged=200 pushed=0
I am rank 22 Time modeling: 0.104105 s
I am rank 28 Time comp: 0.021771 s
FINAL min_u,  max_u = -0.000000, 0.000000
I am rank 20 Time kernel: 0.104101 s
I am rank 28 Time kernel: 0.104099 s
I am rank 11 Time comm: 0.0820342 s
I am rank 20 Time modeling: 0.104106 s
I am rank 28 Time modeling: 0.104104 s
I am rank 11 Time comp: 0.0220566 s
I am rank 11 Time kernel: 0.104101 s
I am rank 11 Time modeling: 0.104106 s
nsteps = 100
ndamp = 27 27 27
nsteps = 100
rank = 14, min_u = -1178.402710, max_u = 757.765381
ndamp = 27 27 27
CHECKSUM rank 14 = 6ad08d8fe8d0249c
rank = 15, min_u = -1178.403320, max_u = 757.766235
GICC_ROUTE rank 14 staged=200 pushed=0
CHECKSUM rank 15 = 15483d21094f4ab3
FINAL min_u,  max_u = -1178.402710, 757.765381
GICC_ROUTE rank 15 staged=200 pushed=0
I am rank 14 Time comm: 0.0816197 s
nsteps = 100
FINAL min_u,  max_u = -1178.403320, 757.766235
I am rank 14 Time comp: 0.0224718 s
nsteps = 100
ndamp = 27 27 27
I am rank 15 Time comm: 0.0811633 s
I am rank 14 Time kernel: 0.104101 s
ndamp = 27 27 27
rank = 12, min_u = -0.000000, max_u = 0.000000
I am rank 15 Time comp: 0.0223273 s
I am rank 14 Time modeling: 0.104106 s
rank = 13, min_u = -0.009974, max_u = 0.026708
CHECKSUM rank 12 = b4c93a1af0b8f91e
I am rank 15 Time kernel: 0.103501 s
CHECKSUM rank 13 = 881e9f8714436142
GICC_ROUTE rank 12 staged=200 pushed=0
I am rank 15 Time modeling: 0.104108 s
GICC_ROUTE rank 13 staged=200 pushed=0
FINAL min_u,  max_u = -0.000000, 0.000000
FINAL min_u,  max_u = -0.009974, 0.026708
I am rank 12 Time comm: 0.0814987 s
I am rank 13 Time comm: 0.0820161 s
I am rank 12 Time comp: 0.0225898 s
I am rank 13 Time comp: 0.0220752 s
I am rank 12 Time kernel: 0.104101 s
I am rank 13 Time kernel: 0.104101 s
I am rank 12 Time modeling: 0.104106 s
I am rank 13 Time modeling: 0.104106 s
nsteps = 100
ndamp = 27 27 27
rank = 9, min_u = -0.000000, max_u = 0.000000
CHECKSUM rank 9 = 3d5d662e21a307cf
GICC_ROUTE rank 9 staged=200 pushed=0
FINAL min_u,  max_u = -0.000000, 0.000000
I am rank 9 Time comm: 0.0816019 s
I am rank 9 Time comp: 0.0224902 s
I am rank 9 Time kernel: 0.104102 s
I am rank 9 Time modeling: 0.104107 s
