RUN kind=standard arm=default_serial nodes=4 rpn=8 ranks=32 rep=2 grid=400 steps=100 binary=/p/lustre2/shan4/new-gicc/build_ofi/minimod_paper/bin/minimod_default
[minimod-unified] transport = DWQ (GPU trigger)
ngpus = 32
nsteps = 100
ndamp = 27 27 27
grid = 400 400 400
u_size = 271669248
HIP gicc target initialized: 32 GPUs, rank 0 handles x=[0,13)
Halo size: 2663424 bytes (665856 floats)
time step 100 / 100
rank = 0, min_u = 0.000000, max_u = 0.000000
CHECKSUM rank 0 = 1d7cdec2e85aff83
GICC_ROUTE rank 0 staged=0 pushed=0
FINAL min_u,  max_u = 0.000000, 0.000000
I am rank 0 Time comm: 0.0220326 s
I am rank 0 Time comp: 0.0189052 s
I am rank 0 Time kernel: 0.0409586 s
I am rank 0 Time modeling: 0.0409708 s
nsteps = 100
ndamp = 27 27 27
rank = 16, min_u = -1175.140381, max_u = 405.548523
CHECKSUM rank 16 = 5f8de52f4bc3cc2d
GICC_ROUTE rank 16 staged=100 pushed=0
FINAL min_u,  max_u = -1175.140381, 405.548523
I am rank 16 Time comm: 0.0219752 s
I am rank 16 Time comp: 0.0189724 s
nsteps = 100
ndamp = 27 27 27
rank = 8, min_u = 0.000000, max_u = 0.000000
CHECKSUM rank 8 = 1d7cdec2e85aff83
GICC_ROUTE rank 8 staged=100 pushed=0
FINAL min_u,  max_u = 0.000000, 0.000000
I am rank 8 Time comm: 0.0219509 s
I am rank 8 Time comp: 0.0189929 s
nsteps = 100
I am rank 8 Time kernel: 0.0409594 s
ndamp = 27 27 27
I am rank 16 Time kernel: 0.0409611 s
I am rank 8 Time modeling: 0.0409717 s
rank = 24, min_u = 0.000000, max_u = 0.000000
I am rank 16 Time modeling: 0.0409723 s
CHECKSUM rank 24 = e1a657209c401383
GICC_ROUTE rank 24 staged=100 pushed=0
FINAL min_u,  max_u = 0.000000, 0.000000
I am rank 24 Time comm: 0.0219601 s
I am rank 24 Time comp: 0.0189952 s
I am rank 24 Time kernel: 0.0409685 s
I am rank 24 Time modeling: 0.0409751 s
nsteps = 100
ndamp = 27 27 27
rank = 10, min_u = -0.000000, max_u = 0.000000
CHECKSUM rank 10 = 7c55d29df30574fa
GICC_ROUTE rank 10 staged=0 pushed=0
FINAL min_u,  max_u = -0.000000, 0.000000
I am rank 10 Time comm: 0.0219472 s
I am rank 10 Time comp: 0.0190121 s
nsteps = 100
ndamp = 27 27 27
rank = 18, min_u = -0.000000, max_u = 0.000000
I am rank 10 Time kernel: 0.0409678 s
I am rank 10 Time modeling: 0.040972 s
nsteps = 100
ndamp = 27 27 27
rank = 25, min_u = 0.000000, max_u = 0.000000
CHECKSUM rank 25 = e1a657209c401383
GICC_ROUTE rank 25 staged=0 pushed=0
FINAL min_u,  max_u = 0.000000, 0.000000
CHECKSUM rank 18 = b163d2bd1ae86128
GICC_ROUTE rank 18 staged=0 pushed=0
FINAL min_u,  max_u = -0.000000, 0.000000
I am rank 18 Time comm: 0.0219688 s
I am rank 25 Time comm: 0.0219596 s
I am rank 18 Time comp: 0.0189895 s
I am rank 25 Time comp: 0.0190004 s
I am rank 18 Time kernel: 0.0409676 s
I am rank 25 Time kernel: 0.0409692 s
I am rank 18 Time modeling: 0.0409719 s
I am rank 25 Time modeling: 0.0409737 s
nsteps = 100
ndamp = 27 27 27
rank = 11, min_u = -0.000000, max_u = 0.000000
CHECKSUM rank 11 = d1de135c6e439e7d
nsteps = 100
GICC_ROUTE rank 11 staged=0 pushed=0
ndamp = 27 27 27
FINAL min_u,  max_u = -0.000000, 0.000000
rank = 2, min_u = 0.000000, max_u = 0.000000
I am rank 11 Time comm: 0.0219488 s
CHECKSUM rank 2 = 1d7cdec2e85aff83
I am rank 11 Time comp: 0.0190103 s
GICC_ROUTE rank 2 staged=0 pushed=0
I am rank 11 Time kernel: 0.0409682 s
FINAL min_u,  max_u = 0.000000, 0.000000
I am rank 11 Time modeling: 0.0409725 s
I am rank 2 Time comm: 0.0220388 s
I am rank 2 Time comp: 0.0189202 s
I am rank 2 Time kernel: 0.0409682 s
I am rank 2 Time modeling: 0.0409724 s
nsteps = 100
ndamp = 27 27 27
rank = 29, min_u = 0.000000, max_u = 0.000000
CHECKSUM rank 29 = e1a657209c401383
GICC_ROUTE rank 29 staged=0 pushed=0
FINAL min_u,  max_u = 0.000000, 0.000000
I am rank 29 Time comm: 0.0219587 s
I am rank 29 Time comp: 0.0190025 s
I am rank 29 Time kernel: 0.0409703 s
I am rank 29 Time modeling: 0.0409745 s
nsteps = 100
ndamp = 27 27 27
rank = 15, min_u = -1178.403320, max_u = 757.766235
CHECKSUM rank 15 = 15483d21094f4ab3
GICC_ROUTE rank 15 staged=100 pushed=0
FINAL min_u,  max_u = -1178.403320, 757.766235
I am rank 15 Time comm: 0.0219495 s
I am rank 15 Time comp: 0.0184107 s
I am rank 15 Time kernel: 0.0403722 s
I am rank 15 Time modeling: 0.0409754 s
nsteps = 100
ndamp = 27 27 27
rank = 14, min_u = -1178.402710, max_u = 757.765381
nsteps = 100
CHECKSUM rank 14 = 6ad08d8fe8d0249c
ndamp = 27 27 27
GICC_ROUTE rank 14 staged=0 pushed=0
rank = 13, min_u = -0.009974, max_u = 0.026708
FINAL min_u,  max_u = -1178.402710, 757.765381
CHECKSUM rank 13 = 881e9f8714436142
I am rank 14 Time comm: 0.0219486 s
GICC_ROUTE rank 13 staged=0 pushed=0
nsteps = 100
I am rank 14 Time comp: 0.0190104 s
FINAL min_u,  max_u = -0.009974, 0.026708
nsteps = 100
ndamp = 27 27 27
ndamp = 27 27 27
I am rank 14 Time kernel: 0.0409683 s
rank = 17, min_u = -0.009974, max_u = 0.000996
I am rank 13 Time comm: 0.0219455 s
CHECKSUM rank 17 = 17b1598fc4d29462
rank = 12, min_u = -0.000000, max_u = 0.000000
GICC_ROUTE rank 17 staged=0 pushed=0
nsteps = 100
FINAL min_u,  max_u = -0.009974, 0.000996
I am rank 14 Time modeling: 0.0409726 s
I am rank 17 Time comm: 0.0219655 s
I am rank 13 Time comp: 0.0190134 s
I am rank 17 Time comp: 0.0189942 s
CHECKSUM rank 12 = b4c93a1af0b8f91e
I am rank 17 Time kernel: 0.0409686 s
ndamp = 27 27 27
I am rank 17 Time modeling: 0.0409728 s
I am rank 13 Time kernel: 0.0409682 s
GICC_ROUTE rank 12 staged=0 pushed=0
rank = 9, min_u = -0.000000, max_u = 0.000000
I am rank 13 Time modeling: 0.0409725 s
FINAL min_u,  max_u = -0.000000, 0.000000
CHECKSUM rank 9 = 3d5d662e21a307cf
I am rank 12 Time comm: 0.0219476 s
GICC_ROUTE rank 9 staged=0 pushed=0
I am rank 12 Time comp: 0.019 s
FINAL min_u,  max_u = -0.000000, 0.000000
I am rank 12 Time kernel: 0.0409678 s
nsteps = 100
ndamp = 27 27 27
I am rank 9 Time comm: 0.0219484 s
rank = 23, min_u = 0.000000, max_u = 0.000000
I am rank 12 Time modeling: 0.040972 s
CHECKSUM rank 23 = e1a657209c401383
I am rank 9 Time comp: 0.0190104 s
I am rank 9 Time kernel: 0.0409679 s
nsteps = 100
I am rank 9 Time modeling: 0.0409728 s
ndamp = 27 27 27
GICC_ROUTE rank 23 staged=100 pushed=0
rank = 1, min_u = 0.000000, max_u = 0.000000
FINAL min_u,  max_u = 0.000000, 0.000000
CHECKSUM rank 1 = 1d7cdec2e85aff83
I am rank 23 Time comm: 0.0219693 s
GICC_ROUTE rank 1 staged=0 pushed=0
I am rank 23 Time comp: 0.0189885 s
FINAL min_u,  max_u = 0.000000, 0.000000
I am rank 23 Time kernel: 0.040968 s
I am rank 1 Time comm: 0.022035 s
I am rank 23 Time modeling: 0.0409725 s
I am rank 1 Time comp: 0.0189231 s
nsteps = 100
I am rank 1 Time kernel: 0.0409679 s
ndamp = 27 27 27
I am rank 1 Time modeling: 0.0409723 s
rank = 21, min_u = -0.000000, max_u = 0.000000
CHECKSUM rank 21 = c341152f35502be3
GICC_ROUTE rank 21 staged=0 pushed=0
FINAL min_u,  max_u = -0.000000, 0.000000
I am rank 21 Time comm: 0.0219709 s
I am rank 21 Time comp: 0.0189886 s
I am rank 21 Time kernel: 0.0409688 s
I am rank 21 Time modeling: 0.040973 s
nsteps = 100
ndamp = 27 27 27
nsteps = 100
ndamp = 27 27 27
rank = 27, min_u = 0.000000, max_u = 0.000000
rank = 22, min_u = 0.000000, max_u = 0.000000
CHECKSUM rank 27 = e1a657209c401383
CHECKSUM rank 22 = e1a657209c401383
nsteps = 100
nsteps = 100
GICC_ROUTE rank 27 staged=0 pushed=0
ndamp = 27 27 27
ndamp = 27 27 27
GICC_ROUTE rank 22 staged=0 pushed=0
rank = 7, min_u = 0.000000, max_u = 0.000000
rank = 6, min_u = 0.000000, max_u = 0.000000
nsteps = 100
nsteps = 100
FINAL min_u,  max_u = 0.000000, 0.000000
CHECKSUM rank 7 = 1d7cdec2e85aff83
CHECKSUM rank 6 = 1d7cdec2e85aff83
ndamp = 27 27 27
ndamp = 27 27 27
FINAL min_u,  max_u = 0.000000, 0.000000
GICC_ROUTE rank 7 staged=100 pushed=0
GICC_ROUTE rank 6 staged=0 pushed=0
rank = 5, min_u = 0.000000, max_u = 0.000000
rank = 4, min_u = 0.000000, max_u = 0.000000
nsteps = 100
I am rank 27 Time comm: 0.0219589 s
FINAL min_u,  max_u = 0.000000, 0.000000
FINAL min_u,  max_u = 0.000000, 0.000000
CHECKSUM rank 5 = 1d7cdec2e85aff83
CHECKSUM rank 4 = 1d7cdec2e85aff83
ndamp = 27 27 27
I am rank 27 Time comp: 0.0190016 s
I am rank 7 Time comm: 0.0220411 s
I am rank 6 Time comm: 0.0220374 s
GICC_ROUTE rank 5 staged=0 pushed=0
GICC_ROUTE rank 4 staged=0 pushed=0
rank = 3, min_u = 0.000000, max_u = 0.000000
I am rank 27 Time kernel: 0.0409699 s
I am rank 7 Time comp: 0.0189145 s
I am rank 6 Time comp: 0.0189149 s
FINAL min_u,  max_u = 0.000000, 0.000000
FINAL min_u,  max_u = 0.000000, 0.000000
CHECKSUM rank 3 = 1d7cdec2e85aff83
I am rank 22 Time comm: 0.0219705 s
I am rank 7 Time kernel: 0.040967 s
I am rank 6 Time kernel: 0.0409683 s
I am rank 5 Time comm: 0.0220379 s
I am rank 4 Time comm: 0.0220381 s
GICC_ROUTE rank 3 staged=0 pushed=0
I am rank 27 Time modeling: 0.0409743 s
I am rank 7 Time modeling: 0.0409727 s
I am rank 6 Time modeling: 0.0409729 s
I am rank 5 Time comp: 0.0189212 s
I am rank 4 Time comp: 0.0189096 s
FINAL min_u,  max_u = 0.000000, 0.000000
I am rank 22 Time comp: 0.0189884 s
I am rank 5 Time kernel: 0.0409686 s
I am rank 4 Time kernel: 0.0409684 s
I am rank 3 Time comm: 0.0220371 s
nsteps = 100
I am rank 5 Time modeling: 0.0409726 s
I am rank 4 Time modeling: 0.0409726 s
I am rank 3 Time comp: 0.0189217 s
I am rank 22 Time kernel: 0.0409682 s
I am rank 3 Time kernel: 0.0409681 s
ndamp = 27 27 27
I am rank 3 Time modeling: 0.0409723 s
I am rank 22 Time modeling: 0.0409724 s
rank = 31, min_u = 0.000000, max_u = 0.000000
nsteps = 100
CHECKSUM rank 31 = e1a657209c401383
ndamp = 27 27 27
GICC_ROUTE rank 31 staged=0 pushed=0
rank = 19, min_u = -0.000000, max_u = 0.000000
FINAL min_u,  max_u = 0.000000, 0.000000
CHECKSUM rank 19 = 60d7ca341a5ddb2a
I am rank 31 Time comm: 0.0219607 s
nsteps = 100
GICC_ROUTE rank 19 staged=0 pushed=0
I am rank 31 Time comp: 0.0189998 s
I am rank 31 Time kernel: 0.0409699 s
I am rank 31 Time modeling: 0.040974 s
ndamp = 27 27 27
FINAL min_u,  max_u = -0.000000, 0.000000
rank = 20, min_u = -0.000000, max_u = 0.000000
I am rank 19 Time comm: 0.0219723 s
CHECKSUM rank 20 = d4a55e3b52c5ade7
I am rank 19 Time comp: 0.0189864 s
GICC_ROUTE rank 20 staged=0 pushed=0
I am rank 19 Time kernel: 0.0409686 s
FINAL min_u,  max_u = -0.000000, 0.000000
I am rank 19 Time modeling: 0.040973 s
I am rank 20 Time comm: 0.0219706 s
I am rank 20 Time comp: 0.0189787 s
I am rank 20 Time kernel: 0.0409685 s
nsteps = 100
ndamp = 27 27 27
I am rank 20 Time modeling: 0.0409726 s
nsteps = 100
rank = 28, min_u = 0.000000, max_u = 0.000000
ndamp = 27 27 27
CHECKSUM rank 28 = e1a657209c401383
rank = 30, min_u = 0.000000, max_u = 0.000000
GICC_ROUTE rank 28 staged=0 pushed=0
CHECKSUM rank 30 = e1a657209c401383
FINAL min_u,  max_u = 0.000000, 0.000000
GICC_ROUTE rank 30 staged=0 pushed=0
I am rank 28 Time comm: 0.0219588 s
FINAL min_u,  max_u = 0.000000, 0.000000
I am rank 28 Time comp: 0.0189916 s
I am rank 30 Time comm: 0.0219622 s
I am rank 28 Time kernel: 0.04097 s
I am rank 30 Time comp: 0.0189974 s
I am rank 28 Time modeling: 0.0409742 s
I am rank 30 Time kernel: 0.0409696 s
I am rank 30 Time modeling: 0.0409739 s
nsteps = 100
ndamp = 27 27 27
rank = 26, min_u = 0.000000, max_u = 0.000000
CHECKSUM rank 26 = e1a657209c401383
GICC_ROUTE rank 26 staged=0 pushed=0
FINAL min_u,  max_u = 0.000000, 0.000000
I am rank 26 Time comm: 0.0219551 s
I am rank 26 Time comp: 0.019006 s
I am rank 26 Time kernel: 0.0409702 s
I am rank 26 Time modeling: 0.0409743 s
