RUN kind=standard arm=default_serial nodes=1 rpn=8 ranks=8 rep=2 grid=400 steps=100 binary=/p/lustre2/shan4/new-gicc/build_ofi/minimod_paper/bin/minimod_default
[minimod-unified] transport = DWQ (GPU trigger)
ngpus = 8
nsteps = 100
ndamp = 27 27 27
grid = 400 400 400
nsteps = 100
u_size = 271669248
ndamp = 27 27 27
HIP gicc target initialized: 8 GPUs, rank 0 handles x=[0,50)
rank = 3, min_u = -1143.143799, max_u = 733.619385
Halo size: 2663424 bytes (665856 floats)
CHECKSUM rank 3 = 558fd23b5815c956
time step 100 / 100
GICC_ROUTE rank 3 staged=0 pushed=0
rank = 0, min_u = 0.000000, max_u = 0.000000
FINAL min_u,  max_u = -1143.143799, 733.619385
CHECKSUM rank 0 = f42f0682210f1b83
I am rank 3 Time comm: 0.0166012 s
GICC_ROUTE rank 0 staged=0 pushed=0
I am rank 3 Time comp: 0.0497738 s
FINAL min_u,  max_u = 0.000000, 0.000000
I am rank 3 Time kernel: 0.066384 s
I am rank 0 Time comm: 0.0165963 s
I am rank 3 Time modeling: 0.0663883 s
I am rank 0 Time comp: 0.0497694 s
I am rank 0 Time kernel: 0.0663786 s
I am rank 0 Time modeling: 0.0663884 s
nsteps = 100
ndamp = 27 27 27
rank = 1, min_u = 0.000000, max_u = 0.000000
CHECKSUM rank 1 = f42f0682210f1b83
GICC_ROUTE rank 1 staged=0 pushed=0
FINAL min_u,  max_u = 0.000000, 0.000000
I am rank 1 Time comm: 0.016599 s
I am rank 1 Time comp: 0.0497761 s
I am rank 1 Time kernel: 0.0663847 s
I am rank 1 Time modeling: 0.0663896 s
nsteps = 100
ndamp = 27 27 27
rank = 2, min_u = -0.000000, max_u = 0.000000
CHECKSUM rank 2 = 153043b918134cf8
GICC_ROUTE rank 2 staged=0 pushed=0
FINAL min_u,  max_u = -0.000000, 0.000000
I am rank 2 Time comm: 0.0165983 s
I am rank 2 Time comp: 0.0497774 s
I am rank 2 Time kernel: 0.0663851 s
I am rank 2 Time modeling: 0.0663894 s
nsteps = 100
nsteps = 100
ndamp = 27 27 27
ndamp = 27 27 27
rank = 4, min_u = -1151.019775, max_u = 743.350464
rank = 5, min_u = -0.000000, max_u = 0.000000
CHECKSUM rank 4 = 38eb21af7f824e3c
CHECKSUM rank 5 = 52136da07e699794
GICC_ROUTE rank 4 staged=0 pushed=0
GICC_ROUTE rank 5 staged=0 pushed=0
FINAL min_u,  max_u = -1151.019775, 743.350464
FINAL min_u,  max_u = -0.000000, 0.000000
I am rank 4 Time comm: 0.0166007 s
I am rank 5 Time comm: 0.0166098 s
I am rank 4 Time comp: 0.0491509 s
I am rank 5 Time comp: 0.0497625 s
I am rank 4 Time kernel: 0.0657775 s
I am rank 5 Time kernel: 0.0663832 s
I am rank 4 Time modeling: 0.0663921 s
I am rank 5 Time modeling: 0.0663889 s
nsteps = 100
ndamp = 27 27 27
nsteps = 100
rank = 7, min_u = 0.000000, max_u = 0.000000
ndamp = 27 27 27
CHECKSUM rank 7 = f42f0682210f1b83
rank = 6, min_u = 0.000000, max_u = 0.000000
GICC_ROUTE rank 7 staged=0 pushed=0
CHECKSUM rank 6 = f42f0682210f1b83
FINAL min_u,  max_u = 0.000000, 0.000000
GICC_ROUTE rank 6 staged=0 pushed=0
I am rank 7 Time comm: 0.016606 s
FINAL min_u,  max_u = 0.000000, 0.000000
I am rank 7 Time comp: 0.0497573 s
I am rank 6 Time comm: 0.0166049 s
I am rank 7 Time kernel: 0.0663836 s
I am rank 6 Time comp: 0.0497678 s
I am rank 7 Time modeling: 0.0663884 s
I am rank 6 Time kernel: 0.0663816 s
I am rank 6 Time modeling: 0.0663892 s
