RUN kind=standard arm=default_overlap nodes=2 rpn=8 ranks=16 rep=1 grid=400 steps=100 binary=/p/lustre2/shan4/new-gicc/build_ofi/minimod_paper/bin/minimod_default
[minimod-unified] transport = DWQ (GPU trigger)
ngpus = 16
nsteps = 100
ndamp = 27 27 27
grid = 400 400 400
u_size = 271669248
HIP gicc target initialized: 16 GPUs, rank 0 handles x=[0,25)
Halo size: 2663424 bytes (665856 floats)
time step 100 / 100
rank = 0, min_u = 0.000000, max_u = 0.000000
CHECKSUM rank 0 = 75adb5f5623e0f83
GICC_ROUTE rank 0 staged=0 pushed=0
FINAL min_u,  max_u = 0.000000, 0.000000
I am rank 0 Time comm: 0.00101133 s
I am rank 0 Time comp: 0.0396449 s
I am rank 0 Time kernel: 0.0406762 s
I am rank 0 Time modeling: 0.0406955 s
nsteps = 100
ndamp = 27 27 27
rank = 8, min_u = -1151.019775, max_u = 743.350464
CHECKSUM rank 8 = 21121f95008ea0bd
GICC_ROUTE rank 8 staged=100 pushed=0
FINAL min_u,  max_u = -1151.019775, 743.350464
I am rank 8 Time comm: 0.00734171 s
I am rank 8 Time comp: 0.0326717 s
I am rank 8 Time kernel: 0.0400321 s
I am rank 8 Time modeling: 0.040699 s
nsteps = 100
ndamp = 27 27 27
rank = 2, min_u = 0.000000, max_u = 0.000000
CHECKSUM rank 2 = 75adb5f5623e0f83
GICC_ROUTE rank 2 staged=0 pushed=0
FINAL min_u,  max_u = 0.000000, 0.000000
I am rank 2 Time comm: 0.00909777 s
I am rank 2 Time comp: 0.031546 s
I am rank 2 Time kernel: 0.0406915 s
I am rank 2 Time modeling: 0.0406963 s
nsteps = 100
ndamp = 27 27 27
rank = 3, min_u = 0.000000, max_u = 0.000000
CHECKSUM rank 3 = 75adb5f5623e0f83
GICC_ROUTE rank 3 staged=0 pushed=0
FINAL min_u,  max_u = 0.000000, 0.000000
I am rank 3 Time comm: 0.00958089 s
I am rank 3 Time comp: 0.031094 s
I am rank 3 Time kernel: 0.0406926 s
I am rank 3 Time modeling: 0.0406968 s
nsteps = 100
ndamp = 27 27 27
rank = 1, min_u = 0.000000, max_u = 0.000000
CHECKSUM rank 1 = 75adb5f5623e0f83
GICC_ROUTE rank 1 staged=0 pushed=0
FINAL min_u,  max_u = 0.000000, 0.000000
I am rank 1 Time comm: 0.00850249 s
I am rank 1 Time comp: 0.032134 s
I am rank 1 Time kernel: 0.0406924 s
I am rank 1 Time modeling: 0.0406971 s
nsteps = 100
ndamp = 27 27 27
nsteps = 100
rank = 7, min_u = -1143.143799, max_u = 733.619385
ndamp = 27 27 27
CHECKSUM rank 7 = 48198bae1097252a
rank = 6, min_u = -0.000002, max_u = 0.000010
GICC_ROUTE rank 7 staged=100 pushed=0
CHECKSUM rank 6 = f94393bcddb85cdf
FINAL min_u,  max_u = -1143.143799, 733.619385
GICC_ROUTE rank 6 staged=0 pushed=0
I am rank 7 Time comm: 0.00779804 s
FINAL min_u,  max_u = -0.000002, 0.000010
nsteps = 100
I am rank 7 Time comp: 0.0328713 s
I am rank 6 Time comm: 0.00961592 s
ndamp = 27 27 27
I am rank 7 Time kernel: 0.0406896 s
I am rank 6 Time comp: 0.0310203 s
rank = 5, min_u = -0.000000, max_u = 0.000000
I am rank 7 Time modeling: 0.0406957 s
I am rank 6 Time kernel: 0.0406913 s
CHECKSUM rank 5 = 4e89388f527de4bb
I am rank 6 Time modeling: 0.0406956 s
GICC_ROUTE rank 5 staged=0 pushed=0
FINAL min_u,  max_u = -0.000000, 0.000000
I am rank 5 Time comm: 0.00918263 s
I am rank 5 Time comp: 0.0314441 s
nsteps = 100
I am rank 5 Time kernel: 0.0406908 s
ndamp = 27 27 27
I am rank 5 Time modeling: 0.0406954 s
rank = 4, min_u = -0.000000, max_u = 0.000000
CHECKSUM rank 4 = 8eccbbf5994cdaa8
GICC_ROUTE rank 4 staged=0 pushed=0
FINAL min_u,  max_u = -0.000000, 0.000000
I am rank 4 Time comm: 0.00956868 s
I am rank 4 Time comp: 0.0310655 s
I am rank 4 Time kernel: 0.0406921 s
I am rank 4 Time modeling: 0.0406964 s
nsteps = 100
ndamp = 27 27 27
rank = 12, min_u = 0.000000, max_u = 0.000000
CHECKSUM rank 12 = 75adb5f5623e0f83
GICC_ROUTE rank 12 staged=0 pushed=0
FINAL min_u,  max_u = 0.000000, 0.000000
I am rank 12 Time comm: 0.00978472 s
I am rank 12 Time comp: 0.0308559 s
I am rank 12 Time kernel: 0.0406912 s
I am rank 12 Time modeling: 0.0406955 s
nsteps = 100
ndamp = 27 27 27
rank = 9, min_u = -0.000002, max_u = 0.000017
CHECKSUM rank 9 = 25f3d70f39ccbcfe
GICC_ROUTE rank 9 staged=0 pushed=0
FINAL min_u,  max_u = -0.000002, 0.000017
I am rank 9 Time comm: 0.00977257 s
I am rank 9 Time comp: 0.0308807 s
I am rank 9 Time kernel: 0.0406916 s
I am rank 9 Time modeling: 0.0406959 s
nsteps = 100
ndamp = 27 27 27
rank = 15, min_u = 0.000000, max_u = 0.000000
nsteps = 100
CHECKSUM rank 15 = 75adb5f5623e0f83
ndamp = 27 27 27
GICC_ROUTE rank 15 staged=0 pushed=0
rank = 14, min_u = 0.000000, max_u = 0.000000
FINAL min_u,  max_u = 0.000000, 0.000000
CHECKSUM rank 14 = 75adb5f5623e0f83
I am rank 15 Time comm: 0.00123664 s
GICC_ROUTE rank 14 staged=0 pushed=0
I am rank 15 Time comp: 0.0394008 s
FINAL min_u,  max_u = 0.000000, 0.000000
I am rank 15 Time kernel: 0.0406909 s
I am rank 14 Time comm: 0.00839802 s
I am rank 15 Time modeling: 0.0406951 s
I am rank 14 Time comp: 0.0322436 s
I am rank 14 Time kernel: 0.0406913 s
I am rank 14 Time modeling: 0.0406954 s
nsteps = 100
ndamp = 27 27 27
rank = 13, min_u = 0.000000, max_u = 0.000000
CHECKSUM rank 13 = 75adb5f5623e0f83
nsteps = 100
GICC_ROUTE rank 13 staged=0 pushed=0
ndamp = 27 27 27
FINAL min_u,  max_u = 0.000000, 0.000000
rank = 11, min_u = -0.000000, max_u = 0.000000
I am rank 13 Time comm: 0.0106081 s
CHECKSUM rank 11 = 905871317fc9994c
I am rank 13 Time comp: 0.030016 s
GICC_ROUTE rank 11 staged=0 pushed=0
I am rank 13 Time kernel: 0.0406902 s
FINAL min_u,  max_u = -0.000000, 0.000000
I am rank 13 Time modeling: 0.0406952 s
I am rank 11 Time comm: 0.0100162 s
I am rank 11 Time comp: 0.0306225 s
I am rank 11 Time kernel: 0.0406922 s
I am rank 11 Time modeling: 0.0406964 s
nsteps = 100
ndamp = 27 27 27
rank = 10, min_u = -0.000000, max_u = 0.000000
CHECKSUM rank 10 = c7dcedafb8f8d9ab
GICC_ROUTE rank 10 staged=0 pushed=0
FINAL min_u,  max_u = -0.000000, 0.000000
I am rank 10 Time comm: 0.00975141 s
I am rank 10 Time comp: 0.0309197 s
I am rank 10 Time kernel: 0.0406915 s
I am rank 10 Time modeling: 0.040696 s
