RUN kind=standard arm=default_serial nodes=4 rpn=8 ranks=32 rep=5 grid=400 steps=100 binary=/p/lustre2/shan4/new-gicc/build_ofi/minimod_paper/bin/minimod_default
[minimod-unified] transport = DWQ (GPU trigger)
ngpus = 32
nsteps = 100
ndamp = 27 27 27
grid = 400 400 400
u_size = 271669248
HIP gicc target initialized: 32 GPUs, rank 0 handles x=[0,13)
Halo size: 2663424 bytes (665856 floats)
time step 100 / 100
rank = 0, min_u = 0.000000, max_u = 0.000000
CHECKSUM rank 0 = 1d7cdec2e85aff83
GICC_ROUTE rank 0 staged=0 pushed=0
FINAL min_u,  max_u = 0.000000, 0.000000
I am rank 0 Time comm: 0.0222635 s
I am rank 0 Time comp: 0.018883 s
I am rank 0 Time kernel: 0.0411613 s
I am rank 0 Time modeling: 0.0411737 s
nsteps = 100
ndamp = 27 27 27
rank = 24, min_u = 0.000000, max_u = 0.000000
CHECKSUM rank 24 = e1a657209c401383
GICC_ROUTE rank 24 staged=100 pushed=0
nsteps = 100
FINAL min_u,  max_u = 0.000000, 0.000000
ndamp = 27 27 27
I am rank 24 Time comm: 0.0222162 s
rank = 16, min_u = -1175.140381, max_u = 405.548523
I am rank 24 Time comp: 0.0189392 s
CHECKSUM rank 16 = 5f8de52f4bc3cc2d
nsteps = 100
I am rank 24 Time kernel: 0.0411732 s
GICC_ROUTE rank 16 staged=100 pushed=0
ndamp = 27 27 27
I am rank 24 Time modeling: 0.041181 s
FINAL min_u,  max_u = -1175.140381, 405.548523
rank = 8, min_u = 0.000000, max_u = 0.000000
CHECKSUM rank 8 = 1d7cdec2e85aff83
I am rank 16 Time comm: 0.0222158 s
GICC_ROUTE rank 8 staged=100 pushed=0
I am rank 16 Time comp: 0.0189411 s
FINAL min_u,  max_u = 0.000000, 0.000000
I am rank 16 Time kernel: 0.0411704 s
I am rank 8 Time comm: 0.0221948 s
I am rank 16 Time modeling: 0.0411777 s
I am rank 8 Time comp: 0.0189643 s
I am rank 8 Time kernel: 0.0411727 s
I am rank 8 Time modeling: 0.0411811 s
nsteps = 100
ndamp = 27 27 27
rank = 9, min_u = -0.000000, max_u = 0.000000
CHECKSUM rank 9 = 3d5d662e21a307cf
GICC_ROUTE rank 9 staged=0 pushed=0
nsteps = 100
FINAL min_u,  max_u = -0.000000, 0.000000
ndamp = 27 27 27
I am rank 9 Time comm: 0.0221929 s
rank = 1, min_u = 0.000000, max_u = 0.000000
I am rank 9 Time comp: 0.018974 s
CHECKSUM rank 1 = 1d7cdec2e85aff83
I am rank 9 Time kernel: 0.0411764 s
GICC_ROUTE rank 1 staged=0 pushed=0
I am rank 9 Time modeling: 0.041181 s
FINAL min_u,  max_u = 0.000000, 0.000000
nsteps = 100
I am rank 1 Time comm: 0.0222623 s
ndamp = 27 27 27
I am rank 1 Time comp: 0.0188998 s
rank = 10, min_u = -0.000000, max_u = 0.000000
I am rank 1 Time kernel: 0.0411719 s
CHECKSUM rank 10 = 7c55d29df30574fa
I am rank 1 Time modeling: 0.0411763 s
GICC_ROUTE rank 10 staged=0 pushed=0
FINAL min_u,  max_u = -0.000000, 0.000000
I am rank 10 Time comm: 0.0221956 s
I am rank 10 Time comp: 0.0189707 s
I am rank 10 Time kernel: 0.0411764 s
I am rank 10 Time modeling: 0.0411812 s
nsteps = 100
ndamp = 27 27 27
rank = 18, min_u = -0.000000, max_u = 0.000000
CHECKSUM rank 18 = b163d2bd1ae86128
GICC_ROUTE rank 18 staged=0 pushed=0
FINAL min_u,  max_u = -0.000000, 0.000000
I am rank 18 Time comm: 0.0221977 s
I am rank 18 Time comp: 0.018967 s
I am rank 18 Time kernel: 0.0411739 s
I am rank 18 Time modeling: 0.0411782 s
nsteps = 100
ndamp = 27 27 27
rank = 17, min_u = -0.009974, max_u = 0.000996
CHECKSUM rank 17 = 17b1598fc4d29462
GICC_ROUTE rank 17 staged=0 pushed=0
FINAL min_u,  max_u = -0.009974, 0.000996
I am rank 17 Time comm: 0.0222099 s
I am rank 17 Time comp: 0.0189542 s
I am rank 17 Time kernel: 0.0411732 s
I am rank 17 Time modeling: 0.0411773 s
nsteps = 100
ndamp = 27 27 27
rank = 25, min_u = 0.000000, max_u = 0.000000
CHECKSUM rank 25 = e1a657209c401383
GICC_ROUTE rank 25 staged=0 pushed=0
FINAL min_u,  max_u = 0.000000, 0.000000
I am rank 25 Time comm: 0.0222155 s
I am rank 25 Time comp: 0.0189525 s
I am rank 25 Time kernel: 0.0411772 s
I am rank 25 Time modeling: 0.0411815 s
nsteps = 100
ndamp = 27 27 27
rank = 15, min_u = -1178.403320, max_u = 757.766235
CHECKSUM rank 15 = 15483d21094f4ab3
nsteps = 100
GICC_ROUTE rank 15 staged=100 pushed=0
nsteps = 100
ndamp = 27 27 27
ndamp = 27 27 27
FINAL min_u,  max_u = -1178.403320, 757.766235
rank = 19, min_u = -0.000000, max_u = 0.000000
rank = 11, min_u = -0.000000, max_u = 0.000000
CHECKSUM rank 19 = 60d7ca341a5ddb2a
GICC_ROUTE rank 19 staged=0 pushed=0
I am rank 15 Time comm: 0.0221937 s
CHECKSUM rank 11 = d1de135c6e439e7d
FINAL min_u,  max_u = -0.000000, 0.000000
I am rank 15 Time comp: 0.0183756 s
I am rank 19 Time comm: 0.0222081 s
GICC_ROUTE rank 11 staged=0 pushed=0
I am rank 15 Time kernel: 0.0405816 s
FINAL min_u,  max_u = -0.000000, 0.000000
I am rank 19 Time comp: 0.018956 s
I am rank 19 Time kernel: 0.0411735 s
I am rank 19 Time modeling: 0.0411778 s
nsteps = 100
I am rank 15 Time modeling: 0.0411834 s
I am rank 11 Time comm: 0.0221939 s
nsteps = 100
I am rank 11 Time comp: 0.0189726 s
ndamp = 27 27 27
ndamp = 27 27 27
rank = 23, min_u = 0.000000, max_u = 0.000000
CHECKSUM rank 23 = e1a657209c401383
GICC_ROUTE rank 23 staged=100 pushed=0
I am rank 11 Time kernel: 0.0411766 s
rank = 13, min_u = -0.009974, max_u = 0.026708
FINAL min_u,  max_u = 0.000000, 0.000000
I am rank 23 Time comm: 0.0222029 s
I am rank 11 Time modeling: 0.0411813 s
nsteps = 100
CHECKSUM rank 13 = 881e9f8714436142
I am rank 23 Time comp: 0.01896 s
ndamp = 27 27 27
I am rank 23 Time kernel: 0.0411726 s
GICC_ROUTE rank 13 staged=0 pushed=0
I am rank 23 Time modeling: 0.0411778 s
rank = 14, min_u = -1178.402710, max_u = 757.765381
FINAL min_u,  max_u = -0.009974, 0.026708
CHECKSUM rank 14 = 6ad08d8fe8d0249c
I am rank 13 Time comm: 0.0221934 s
GICC_ROUTE rank 14 staged=0 pushed=0
I am rank 13 Time comp: 0.0189736 s
FINAL min_u,  max_u = -1178.402710, 757.765381
I am rank 13 Time kernel: 0.0411765 s
nsteps = 100
I am rank 14 Time comm: 0.0221936 s
I am rank 13 Time modeling: 0.041181 s
ndamp = 27 27 27
nsteps = 100
I am rank 14 Time comp: 0.0189743 s
ndamp = 27 27 27
rank = 12, min_u = -0.000000, max_u = 0.000000
rank = 2, min_u = 0.000000, max_u = 0.000000
I am rank 14 Time kernel: 0.0411768 s
CHECKSUM rank 2 = 1d7cdec2e85aff83
CHECKSUM rank 12 = b4c93a1af0b8f91e
GICC_ROUTE rank 2 staged=0 pushed=0
I am rank 14 Time modeling: 0.041181 s
FINAL min_u,  max_u = 0.000000, 0.000000
nsteps = 100
I am rank 2 Time comm: 0.0222623 s
GICC_ROUTE rank 12 staged=0 pushed=0
I am rank 2 Time comp: 0.0189011 s
ndamp = 27 27 27
I am rank 2 Time kernel: 0.0411725 s
FINAL min_u,  max_u = -0.000000, 0.000000
I am rank 2 Time modeling: 0.0411769 s
rank = 22, min_u = 0.000000, max_u = 0.000000
nsteps = 100
I am rank 12 Time comm: 0.0221944 s
I am rank 12 Time comp: 0.0189615 s
CHECKSUM rank 22 = e1a657209c401383
ndamp = 27 27 27
I am rank 12 Time kernel: 0.0411767 s
GICC_ROUTE rank 22 staged=0 pushed=0
I am rank 12 Time modeling: 0.0411812 s
rank = 21, min_u = -0.000000, max_u = 0.000000
FINAL min_u,  max_u = 0.000000, 0.000000
CHECKSUM rank 21 = c341152f35502be3
I am rank 22 Time comm: 0.022204 s
GICC_ROUTE rank 21 staged=0 pushed=0
I am rank 22 Time comp: 0.0189606 s
FINAL min_u,  max_u = -0.000000, 0.000000
I am rank 22 Time kernel: 0.0411732 s
I am rank 21 Time comm: 0.0222049 s
I am rank 22 Time modeling: 0.0411774 s
I am rank 21 Time comp: 0.0189586 s
I am rank 21 Time kernel: 0.041173 s
nsteps = 100
ndamp = 27 27 27
I am rank 21 Time modeling: 0.0411776 s
rank = 26, min_u = 0.000000, max_u = 0.000000
nsteps = 100
CHECKSUM rank 26 = e1a657209c401383
ndamp = 27 27 27
GICC_ROUTE rank 26 staged=0 pushed=0
rank = 20, min_u = -0.000000, max_u = 0.000000
FINAL min_u,  max_u = 0.000000, 0.000000
CHECKSUM rank 20 = d4a55e3b52c5ade7
I am rank 26 Time comm: 0.0222203 s
GICC_ROUTE rank 20 staged=0 pushed=0
I am rank 26 Time comp: 0.0189471 s
FINAL min_u,  max_u = -0.000000, 0.000000
I am rank 20 Time comm: 0.0222058 s
I am rank 20 Time comp: 0.018949 s
I am rank 26 Time kernel: 0.0411768 s
I am rank 20 Time kernel: 0.0411736 s
I am rank 26 Time modeling: 0.0411811 s
I am rank 20 Time modeling: 0.0411778 s
nsteps = 100
ndamp = 27 27 27
rank = 27, min_u = 0.000000, max_u = 0.000000
CHECKSUM rank 27 = e1a657209c401383
GICC_ROUTE rank 27 staged=0 pushed=0
FINAL min_u,  max_u = 0.000000, 0.000000
I am rank 27 Time comm: 0.0222154 s
I am rank 27 Time comp: 0.018952 s
I am rank 27 Time kernel: 0.0411766 s
I am rank 27 Time modeling: 0.0411809 s
nsteps = 100
ndamp = 27 27 27
rank = 31, min_u = 0.000000, max_u = 0.000000
CHECKSUM rank 31 = e1a657209c401383
GICC_ROUTE rank 31 staged=0 pushed=0
FINAL min_u,  max_u = 0.000000, 0.000000
I am rank 31 Time comm: 0.0222109 s
nsteps = 100
I am rank 31 Time comp: 0.0189568 s
ndamp = 27 27 27
I am rank 31 Time kernel: 0.0411772 s
rank = 7, min_u = 0.000000, max_u = 0.000000
I am rank 31 Time modeling: 0.0411814 s
CHECKSUM rank 7 = 1d7cdec2e85aff83
nsteps = 100
GICC_ROUTE rank 7 staged=100 pushed=0
ndamp = 27 27 27
FINAL min_u,  max_u = 0.000000, 0.000000
rank = 30, min_u = 0.000000, max_u = 0.000000
I am rank 7 Time comm: 0.0222592 s
CHECKSUM rank 30 = e1a657209c401383
I am rank 7 Time comp: 0.0189007 s
GICC_ROUTE rank 30 staged=0 pushed=0
I am rank 7 Time kernel: 0.0411707 s
FINAL min_u,  max_u = 0.000000, 0.000000
I am rank 7 Time modeling: 0.0411763 s
I am rank 30 Time comm: 0.022212 s
I am rank 30 Time comp: 0.0189557 s
I am rank 30 Time kernel: 0.0411769 s
I am rank 30 Time modeling: 0.041181 s
nsteps = 100
ndamp = 27 27 27
rank = 29, min_u = 0.000000, max_u = 0.000000
CHECKSUM rank 29 = e1a657209c401383
GICC_ROUTE rank 29 staged=0 pushed=0
FINAL min_u,  max_u = 0.000000, 0.000000
I am rank 29 Time comm: 0.0222131 s
I am rank 29 Time comp: 0.0189548 s
nsteps = 100
nsteps = 100
nsteps = 100
I am rank 29 Time kernel: 0.0411771 s
ndamp = 27 27 27
ndamp = 27 27 27
ndamp = 27 27 27
I am rank 29 Time modeling: 0.0411814 s
rank = 6, min_u = 0.000000, max_u = 0.000000
rank = 5, min_u = 0.000000, max_u = 0.000000
rank = 4, min_u = 0.000000, max_u = 0.000000
nsteps = 100
nsteps = 100
CHECKSUM rank 6 = 1d7cdec2e85aff83
CHECKSUM rank 5 = 1d7cdec2e85aff83
CHECKSUM rank 4 = 1d7cdec2e85aff83
ndamp = 27 27 27
ndamp = 27 27 27
GICC_ROUTE rank 6 staged=0 pushed=0
GICC_ROUTE rank 5 staged=0 pushed=0
GICC_ROUTE rank 4 staged=0 pushed=0
rank = 3, min_u = 0.000000, max_u = 0.000000
rank = 28, min_u = 0.000000, max_u = 0.000000
FINAL min_u,  max_u = 0.000000, 0.000000
FINAL min_u,  max_u = 0.000000, 0.000000
FINAL min_u,  max_u = 0.000000, 0.000000
CHECKSUM rank 3 = 1d7cdec2e85aff83
CHECKSUM rank 28 = e1a657209c401383
I am rank 6 Time comm: 0.0222568 s
I am rank 5 Time comm: 0.0222599 s
I am rank 4 Time comm: 0.0222606 s
GICC_ROUTE rank 3 staged=0 pushed=0
GICC_ROUTE rank 28 staged=0 pushed=0
I am rank 6 Time comp: 0.018906 s
I am rank 5 Time comp: 0.0189027 s
I am rank 4 Time comp: 0.018893 s
FINAL min_u,  max_u = 0.000000, 0.000000
FINAL min_u,  max_u = 0.000000, 0.000000
I am rank 6 Time kernel: 0.041172 s
I am rank 5 Time kernel: 0.0411722 s
I am rank 4 Time kernel: 0.0411721 s
I am rank 3 Time comm: 0.022265 s
I am rank 28 Time comm: 0.0222157 s
I am rank 6 Time modeling: 0.0411762 s
I am rank 5 Time modeling: 0.0411765 s
I am rank 4 Time modeling: 0.0411764 s
I am rank 3 Time comp: 0.0188984 s
I am rank 28 Time comp: 0.01894 s
I am rank 3 Time kernel: 0.0411727 s
I am rank 28 Time kernel: 0.0411764 s
I am rank 3 Time modeling: 0.041177 s
I am rank 28 Time modeling: 0.0411809 s
