RUN kind=standard arm=default_serial nodes=2 rpn=8 ranks=16 rep=4 grid=400 steps=100 binary=/p/lustre2/shan4/new-gicc/build_ofi/minimod_paper/bin/minimod_default
[minimod-unified] transport = DWQ (GPU trigger)
ngpus = 16
nsteps = 100
ndamp = 27 27 27
grid = 400 400 400
u_size = 271669248
HIP gicc target initialized: 16 GPUs, rank 0 handles x=[0,25)
Halo size: 2663424 bytes (665856 floats)
time step 100 / 100
rank = 0, min_u = 0.000000, max_u = 0.000000
CHECKSUM rank 0 = 75adb5f5623e0f83
GICC_ROUTE rank 0 staged=0 pushed=0
FINAL min_u,  max_u = 0.000000, 0.000000
I am rank 0 Time comm: 0.0217573 s
I am rank 0 Time comp: 0.031726 s
I am rank 0 Time kernel: 0.0535005 s
I am rank 0 Time modeling: 0.0535113 s
nsteps = 100
ndamp = 27 27 27
rank = 8, min_u = -1151.019775, max_u = 743.350464
CHECKSUM rank 8 = 21121f95008ea0bd
GICC_ROUTE rank 8 staged=100 pushed=0
FINAL min_u,  max_u = -1151.019775, 743.350464
I am rank 8 Time comm: 0.0217323 s
I am rank 8 Time comp: 0.0310924 s
I am rank 8 Time kernel: 0.0528375 s
I am rank 8 Time modeling: 0.0535164 s
nsteps = 100
ndamp = 27 27 27
rank = 1, min_u = 0.000000, max_u = 0.000000
CHECKSUM rank 1 = 75adb5f5623e0f83
GICC_ROUTE rank 1 staged=0 pushed=0
FINAL min_u,  max_u = 0.000000, 0.000000
I am rank 1 Time comm: 0.0217627 s
I am rank 1 Time comp: 0.0317368 s
I am rank 1 Time kernel: 0.0535088 s
I am rank 1 Time modeling: 0.0535137 s
nsteps = 100
ndamp = 27 27 27
rank = 10, min_u = -0.000000, max_u = 0.000000
CHECKSUM rank 10 = c7dcedafb8f8d9ab
GICC_ROUTE rank 10 staged=0 pushed=0
FINAL min_u,  max_u = -0.000000, 0.000000
I am rank 10 Time comm: 0.0217297 s
I am rank 10 Time comp: 0.0317707 s
I am rank 10 Time kernel: 0.0535093 s
I am rank 10 Time modeling: 0.0535135 s
nsteps = 100
ndamp = 27 27 27
rank = 5, min_u = -0.000000, max_u = 0.000000
CHECKSUM rank 5 = 4e89388f527de4bb
GICC_ROUTE rank 5 staged=0 pushed=0
FINAL min_u,  max_u = -0.000000, 0.000000
I am rank 5 Time comm: 0.0217571 s
I am rank 5 Time comp: 0.0317415 s
I am rank 5 Time kernel: 0.053508 s
I am rank 5 Time modeling: 0.0535125 s
nsteps = 100
ndamp = 27 27 27
rank = 3, min_u = 0.000000, max_u = 0.000000
CHECKSUM rank 3 = 75adb5f5623e0f83
nsteps = 100
GICC_ROUTE rank 3 staged=0 pushed=0
ndamp = 27 27 27
FINAL min_u,  max_u = 0.000000, 0.000000
rank = 11, min_u = -0.000000, max_u = 0.000000
I am rank 3 Time comm: 0.0217621 s
CHECKSUM rank 11 = 905871317fc9994c
I am rank 3 Time comp: 0.0317375 s
GICC_ROUTE rank 11 staged=0 pushed=0
I am rank 3 Time kernel: 0.0535088 s
FINAL min_u,  max_u = -0.000000, 0.000000
I am rank 3 Time modeling: 0.053513 s
I am rank 11 Time comm: 0.0217284 s
I am rank 11 Time comp: 0.031771 s
I am rank 11 Time kernel: 0.0535088 s
I am rank 11 Time modeling: 0.0535133 s
nsteps = 100
ndamp = 27 27 27
nsteps = 100
rank = 9, min_u = -0.000002, max_u = 0.000017
ndamp = 27 27 27
nsteps = 100
CHECKSUM rank 9 = 25f3d70f39ccbcfe
rank = 7, min_u = -1143.143799, max_u = 733.619385
nsteps = 100
ndamp = 27 27 27
GICC_ROUTE rank 9 staged=0 pushed=0
CHECKSUM rank 7 = 48198bae1097252a
ndamp = 27 27 27
rank = 4, min_u = -0.000000, max_u = 0.000000
FINAL min_u,  max_u = -0.000002, 0.000017
GICC_ROUTE rank 7 staged=100 pushed=0
rank = 6, min_u = -0.000002, max_u = 0.000010
CHECKSUM rank 4 = 8eccbbf5994cdaa8
I am rank 9 Time comm: 0.0217281 s
FINAL min_u,  max_u = -1143.143799, 733.619385
CHECKSUM rank 6 = f94393bcddb85cdf
GICC_ROUTE rank 4 staged=0 pushed=0
I am rank 9 Time comp: 0.0317705 s
I am rank 7 Time comm: 0.0217568 s
GICC_ROUTE rank 6 staged=0 pushed=0
FINAL min_u,  max_u = -0.000000, 0.000000
I am rank 9 Time kernel: 0.0535082 s
I am rank 7 Time comp: 0.0317388 s
FINAL min_u,  max_u = -0.000002, 0.000010
I am rank 4 Time comm: 0.0217582 s
I am rank 9 Time modeling: 0.0535127 s
I am rank 7 Time kernel: 0.0535073 s
I am rank 6 Time comm: 0.021759 s
I am rank 4 Time comp: 0.0317328 s
nsteps = 100
I am rank 7 Time modeling: 0.0535132 s
I am rank 6 Time comp: 0.0317406 s
I am rank 4 Time kernel: 0.0535093 s
ndamp = 27 27 27
I am rank 6 Time kernel: 0.0535087 s
I am rank 4 Time modeling: 0.0535136 s
nsteps = 100
rank = 15, min_u = 0.000000, max_u = 0.000000
I am rank 6 Time modeling: 0.053513 s
ndamp = 27 27 27
CHECKSUM rank 15 = 75adb5f5623e0f83
rank = 2, min_u = 0.000000, max_u = 0.000000
GICC_ROUTE rank 15 staged=0 pushed=0
CHECKSUM rank 2 = 75adb5f5623e0f83
FINAL min_u,  max_u = 0.000000, 0.000000
GICC_ROUTE rank 2 staged=0 pushed=0
I am rank 15 Time comm: 0.0217263 s
FINAL min_u,  max_u = 0.000000, 0.000000
I am rank 15 Time comp: 0.031773 s
I am rank 2 Time comm: 0.0217599 s
nsteps = 100
I am rank 2 Time comp: 0.031738 s
I am rank 15 Time kernel: 0.0535088 s
I am rank 2 Time kernel: 0.0535082 s
ndamp = 27 27 27
I am rank 2 Time modeling: 0.0535129 s
I am rank 15 Time modeling: 0.0535131 s
rank = 13, min_u = 0.000000, max_u = 0.000000
CHECKSUM rank 13 = 75adb5f5623e0f83
GICC_ROUTE rank 13 staged=0 pushed=0
FINAL min_u,  max_u = 0.000000, 0.000000
I am rank 13 Time comm: 0.0217261 s
I am rank 13 Time comp: 0.031774 s
I am rank 13 Time kernel: 0.0535094 s
I am rank 13 Time modeling: 0.0535134 s
nsteps = 100
ndamp = 27 27 27
rank = 12, min_u = 0.000000, max_u = 0.000000
CHECKSUM rank 12 = 75adb5f5623e0f83
GICC_ROUTE rank 12 staged=0 pushed=0
nsteps = 100
FINAL min_u,  max_u = 0.000000, 0.000000
ndamp = 27 27 27
I am rank 12 Time comm: 0.0217279 s
rank = 14, min_u = 0.000000, max_u = 0.000000
I am rank 12 Time comp: 0.0317614 s
CHECKSUM rank 14 = 75adb5f5623e0f83
I am rank 12 Time kernel: 0.053509 s
GICC_ROUTE rank 14 staged=0 pushed=0
I am rank 12 Time modeling: 0.0535133 s
FINAL min_u,  max_u = 0.000000, 0.000000
I am rank 14 Time comm: 0.0217249 s
I am rank 14 Time comp: 0.031775 s
I am rank 14 Time kernel: 0.0535093 s
I am rank 14 Time modeling: 0.0535134 s
