RUN kind=standard arm=default_overlap nodes=4 rpn=8 ranks=32 rep=3 grid=400 steps=100 binary=/p/lustre2/shan4/new-gicc/build_ofi/minimod_paper/bin/minimod_default
[minimod-unified] transport = DWQ (GPU trigger)
ngpus = 32
nsteps = 100
ndamp = 27 27 27
grid = 400 400 400
u_size = 271669248
HIP gicc target initialized: 32 GPUs, rank 0 handles x=[0,13)
Halo size: 2663424 bytes (665856 floats)
time step 100 / 100
rank = 0, min_u = 0.000000, max_u = 0.000000
CHECKSUM rank 0 = 1d7cdec2e85aff83
GICC_ROUTE rank 0 staged=0 pushed=0
FINAL min_u,  max_u = 0.000000, 0.000000
I am rank 0 Time comm: 0.00687891 s
I am rank 0 Time comp: 0.0271343 s
I am rank 0 Time kernel: 0.0340587 s
I am rank 0 Time modeling: 0.0340708 s
nsteps = 100
ndamp = 27 27 27
rank = 24, min_u = 0.000000, max_u = 0.000000
CHECKSUM rank 24 = e1a657209c401383
GICC_ROUTE rank 24 staged=100 pushed=0
nsteps = 100
FINAL min_u,  max_u = 0.000000, 0.000000
ndamp = 27 27 27
I am rank 24 Time comm: 0.0103085 s
rank = 8, min_u = 0.000000, max_u = 0.000000
nsteps = 100
I am rank 24 Time comp: 0.0236929 s
CHECKSUM rank 8 = 1d7cdec2e85aff83
ndamp = 27 27 27
I am rank 24 Time kernel: 0.0340615 s
GICC_ROUTE rank 8 staged=100 pushed=0
rank = 16, min_u = -1175.140381, max_u = 405.548523
I am rank 24 Time modeling: 0.0340727 s
FINAL min_u,  max_u = 0.000000, 0.000000
CHECKSUM rank 16 = 5f8de52f4bc3cc2d
GICC_ROUTE rank 16 staged=100 pushed=0
I am rank 8 Time comm: 0.00946959 s
FINAL min_u,  max_u = -1175.140381, 405.548523
I am rank 8 Time comp: 0.0245369 s
I am rank 16 Time comm: 0.0103318 s
I am rank 8 Time kernel: 0.0340614 s
I am rank 16 Time comp: 0.0236611 s
I am rank 8 Time modeling: 0.0340707 s
I am rank 16 Time kernel: 0.0340633 s
I am rank 16 Time modeling: 0.0340732 s
nsteps = 100
ndamp = 27 27 27
rank = 9, min_u = -0.000000, max_u = 0.000000
CHECKSUM rank 9 = 3d5d662e21a307cf
GICC_ROUTE rank 9 staged=0 pushed=0
FINAL min_u,  max_u = -0.000000, 0.000000
I am rank 9 Time comm: 0.00851572 s
I am rank 9 Time comp: 0.0254969 s
I am rank 9 Time kernel: 0.0340662 s
I am rank 9 Time modeling: 0.0340706 s
nsteps = 100
ndamp = 27 27 27
rank = 25, min_u = 0.000000, max_u = 0.000000
nsteps = 100
CHECKSUM rank 25 = e1a657209c401383
ndamp = 27 27 27
GICC_ROUTE rank 25 staged=0 pushed=0
rank = 1, min_u = 0.000000, max_u = 0.000000
FINAL min_u,  max_u = 0.000000, 0.000000
CHECKSUM rank 1 = 1d7cdec2e85aff83
I am rank 25 Time comm: 0.00744775 s
GICC_ROUTE rank 1 staged=0 pushed=0
I am rank 25 Time comp: 0.0265577 s
FINAL min_u,  max_u = 0.000000, 0.000000
I am rank 25 Time kernel: 0.0340676 s
I am rank 1 Time comm: 0.00496178 s
I am rank 25 Time modeling: 0.034072 s
I am rank 1 Time comp: 0.0290354 s
I am rank 1 Time kernel: 0.0340685 s
I am rank 1 Time modeling: 0.0340731 s
nsteps = 100
ndamp = 27 27 27
rank = 18, min_u = -0.000000, max_u = 0.000000
CHECKSUM rank 18 = b163d2bd1ae86128
GICC_ROUTE rank 18 staged=0 pushed=0
FINAL min_u,  max_u = -0.000000, 0.000000
I am rank 18 Time comm: 0.00731607 s
I am rank 18 Time comp: 0.0266821 s
I am rank 18 Time kernel: 0.0340685 s
I am rank 18 Time modeling: 0.034073 s
nsteps = 100
ndamp = 27 27 27
rank = 10, min_u = -0.000000, max_u = 0.000000
CHECKSUM rank 10 = 7c55d29df30574fa
GICC_ROUTE rank 10 staged=0 pushed=0
FINAL min_u,  max_u = -0.000000, 0.000000
I am rank 10 Time comm: 0.00689047 s
I am rank 10 Time comp: 0.0271534 s
I am rank 10 Time kernel: 0.034066 s
I am rank 10 Time modeling: 0.0340704 s
nsteps = 100
ndamp = 27 27 27
nsteps = 100
rank = 17, min_u = -0.009974, max_u = 0.000996
ndamp = 27 27 27
CHECKSUM rank 17 = 17b1598fc4d29462
rank = 3, min_u = 0.000000, max_u = 0.000000
GICC_ROUTE rank 17 staged=0 pushed=0
CHECKSUM rank 3 = 1d7cdec2e85aff83
FINAL min_u,  max_u = -0.009974, 0.000996
GICC_ROUTE rank 3 staged=0 pushed=0
I am rank 17 Time comm: 0.00776757 s
FINAL min_u,  max_u = 0.000000, 0.000000
I am rank 17 Time comp: 0.0262552 s
I am rank 3 Time comm: 0.00896746 s
I am rank 17 Time kernel: 0.0340687 s
I am rank 3 Time comp: 0.0250392 s
I am rank 17 Time modeling: 0.034073 s
I am rank 3 Time kernel: 0.0340686 s
I am rank 3 Time modeling: 0.0340732 s
nsteps = 100
ndamp = 27 27 27
nsteps = 100
rank = 11, min_u = -0.000000, max_u = 0.000000
ndamp = 27 27 27
CHECKSUM rank 11 = d1de135c6e439e7d
rank = 2, min_u = 0.000000, max_u = 0.000000
GICC_ROUTE rank 11 staged=0 pushed=0
CHECKSUM rank 2 = 1d7cdec2e85aff83
FINAL min_u,  max_u = -0.000000, 0.000000
GICC_ROUTE rank 2 staged=0 pushed=0
I am rank 11 Time comm: 0.00864712 s
FINAL min_u,  max_u = 0.000000, 0.000000
I am rank 11 Time comp: 0.0253811 s
I am rank 2 Time comm: 0.00689299 s
I am rank 11 Time kernel: 0.0340656 s
I am rank 2 Time comp: 0.0271224 s
I am rank 11 Time modeling: 0.03407 s
I am rank 2 Time kernel: 0.0340687 s
nsteps = 100
I am rank 2 Time modeling: 0.034073 s
ndamp = 27 27 27
rank = 5, min_u = 0.000000, max_u = 0.000000
CHECKSUM rank 5 = 1d7cdec2e85aff83
GICC_ROUTE rank 5 staged=0 pushed=0
FINAL min_u,  max_u = 0.000000, 0.000000
I am rank 5 Time comm: 0.00833876 s
nsteps = 100
I am rank 5 Time comp: 0.0256728 s
nsteps = 100
ndamp = 27 27 27
I am rank 5 Time kernel: 0.0340676 s
ndamp = 27 27 27
rank = 6, min_u = 0.000000, max_u = 0.000000
I am rank 5 Time modeling: 0.0340719 s
rank = 14, min_u = -1178.402710, max_u = 757.765381
CHECKSUM rank 6 = 1d7cdec2e85aff83
CHECKSUM rank 14 = 6ad08d8fe8d0249c
GICC_ROUTE rank 6 staged=0 pushed=0
GICC_ROUTE rank 14 staged=0 pushed=0
FINAL min_u,  max_u = 0.000000, 0.000000
FINAL min_u,  max_u = -1178.402710, 757.765381
I am rank 6 Time comm: 0.00671732 s
nsteps = 100
I am rank 14 Time comm: 0.00685037 s
nsteps = 100
I am rank 6 Time comp: 0.0272969 s
ndamp = 27 27 27
I am rank 14 Time comp: 0.02719 s
ndamp = 27 27 27
I am rank 6 Time kernel: 0.0340677 s
rank = 4, min_u = 0.000000, max_u = 0.000000
I am rank 14 Time kernel: 0.0340651 s
rank = 7, min_u = 0.000000, max_u = 0.000000
I am rank 6 Time modeling: 0.034072 s
CHECKSUM rank 4 = 1d7cdec2e85aff83
I am rank 14 Time modeling: 0.0340693 s
CHECKSUM rank 7 = 1d7cdec2e85aff83
GICC_ROUTE rank 4 staged=0 pushed=0
nsteps = 100
GICC_ROUTE rank 7 staged=100 pushed=0
FINAL min_u,  max_u = 0.000000, 0.000000
ndamp = 27 27 27
FINAL min_u,  max_u = 0.000000, 0.000000
I am rank 4 Time comm: 0.0080727 s
nsteps = 100
I am rank 7 Time comm: 0.00977101 s
I am rank 4 Time comp: 0.0259632 s
rank = 19, min_u = -0.000000, max_u = 0.000000
I am rank 7 Time comp: 0.0242375 s
I am rank 4 Time kernel: 0.0340684 s
ndamp = 27 27 27
I am rank 7 Time kernel: 0.0340671 s
I am rank 4 Time modeling: 0.0340726 s
CHECKSUM rank 19 = 60d7ca341a5ddb2a
I am rank 7 Time modeling: 0.0340717 s
rank = 23, min_u = 0.000000, max_u = 0.000000
GICC_ROUTE rank 19 staged=0 pushed=0
CHECKSUM rank 23 = e1a657209c401383
FINAL min_u,  max_u = -0.000000, 0.000000
nsteps = 100
ndamp = 27 27 27
GICC_ROUTE rank 23 staged=100 pushed=0
nsteps = 100
I am rank 19 Time comm: 0.00894341 s
FINAL min_u,  max_u = 0.000000, 0.000000
ndamp = 27 27 27
rank = 15, min_u = -1178.403320, max_u = 757.766235
nsteps = 100
CHECKSUM rank 15 = 15483d21094f4ab3
ndamp = 27 27 27
I am rank 19 Time comp: 0.0250652 s
GICC_ROUTE rank 15 staged=100 pushed=0
I am rank 23 Time comm: 0.0103529 s
rank = 13, min_u = -0.009974, max_u = 0.026708
rank = 22, min_u = 0.000000, max_u = 0.000000
nsteps = 100
nsteps = 100
FINAL min_u,  max_u = -1178.403320, 757.766235
nsteps = 100
CHECKSUM rank 13 = 881e9f8714436142
I am rank 19 Time kernel: 0.0340688 s
ndamp = 27 27 27
I am rank 23 Time comp: 0.0236491 s
I am rank 15 Time comm: 0.00946343 s
CHECKSUM rank 22 = e1a657209c401383
GICC_ROUTE rank 13 staged=0 pushed=0
ndamp = 27 27 27
rank = 12, min_u = -0.000000, max_u = 0.000000
ndamp = 27 27 27
I am rank 15 Time comp: 0.0239267 s
I am rank 19 Time modeling: 0.0340731 s
FINAL min_u,  max_u = -0.009974, 0.026708
I am rank 23 Time kernel: 0.0340681 s
CHECKSUM rank 12 = b4c93a1af0b8f91e
GICC_ROUTE rank 22 staged=0 pushed=0
I am rank 15 Time kernel: 0.0334471 s
rank = 21, min_u = -0.000000, max_u = 0.000000
I am rank 13 Time comm: 0.00743227 s
rank = 20, min_u = -0.000000, max_u = 0.000000
GICC_ROUTE rank 12 staged=0 pushed=0
I am rank 23 Time modeling: 0.0340727 s
I am rank 15 Time modeling: 0.0340722 s
FINAL min_u,  max_u = 0.000000, 0.000000
I am rank 13 Time comp: 0.026562 s
CHECKSUM rank 21 = c341152f35502be3
FINAL min_u,  max_u = -0.000000, 0.000000
CHECKSUM rank 20 = d4a55e3b52c5ade7
I am rank 13 Time kernel: 0.0340651 s
I am rank 22 Time comm: 0.00717082 s
I am rank 12 Time comm: 0.00817596 s
GICC_ROUTE rank 21 staged=0 pushed=0
I am rank 13 Time modeling: 0.0340695 s
GICC_ROUTE rank 20 staged=0 pushed=0
I am rank 12 Time comp: 0.0258272 s
I am rank 22 Time comp: 0.0268333 s
I am rank 12 Time kernel: 0.0340658 s
FINAL min_u,  max_u = -0.000000, 0.000000
I am rank 12 Time modeling: 0.0340702 s
FINAL min_u,  max_u = -0.000000, 0.000000
I am rank 22 Time kernel: 0.0340677 s
I am rank 21 Time comm: 0.00750514 s
I am rank 20 Time comm: 0.00822544 s
I am rank 22 Time modeling: 0.034072 s
nsteps = 100
I am rank 21 Time comp: 0.0264912 s
ndamp = 27 27 27
I am rank 20 Time comp: 0.0258056 s
rank = 27, min_u = 0.000000, max_u = 0.000000
I am rank 21 Time kernel: 0.0340684 s
CHECKSUM rank 27 = e1a657209c401383
I am rank 20 Time kernel: 0.0340683 s
GICC_ROUTE rank 27 staged=0 pushed=0
I am rank 21 Time modeling: 0.0340726 s
FINAL min_u,  max_u = 0.000000, 0.000000
I am rank 20 Time modeling: 0.0340726 s
I am rank 27 Time comm: 0.00909507 s
nsteps = 100
I am rank 27 Time comp: 0.0248956 s
ndamp = 27 27 27
I am rank 27 Time kernel: 0.0340682 s
rank = 29, min_u = 0.000000, max_u = 0.000000
I am rank 27 Time modeling: 0.0340725 s
CHECKSUM rank 29 = e1a657209c401383
nsteps = 100
GICC_ROUTE rank 29 staged=0 pushed=0
ndamp = 27 27 27
FINAL min_u,  max_u = 0.000000, 0.000000
rank = 31, min_u = 0.000000, max_u = 0.000000
nsteps = 100
I am rank 29 Time comm: 0.00556951 s
CHECKSUM rank 31 = e1a657209c401383
ndamp = 27 27 27
I am rank 29 Time comp: 0.028438 s
GICC_ROUTE rank 31 staged=0 pushed=0
rank = 30, min_u = 0.000000, max_u = 0.000000
I am rank 29 Time kernel: 0.034067 s
FINAL min_u,  max_u = 0.000000, 0.000000
CHECKSUM rank 30 = e1a657209c401383
I am rank 29 Time modeling: 0.0340717 s
I am rank 31 Time comm: 0.00912723 s
GICC_ROUTE rank 30 staged=0 pushed=0
I am rank 31 Time comp: 0.0248833 s
FINAL min_u,  max_u = 0.000000, 0.000000
I am rank 31 Time kernel: 0.0340681 s
I am rank 30 Time comm: 0.00497247 s
I am rank 31 Time modeling: 0.0340722 s
I am rank 30 Time comp: 0.0290328 s
I am rank 30 Time kernel: 0.0340675 s
nsteps = 100
I am rank 30 Time modeling: 0.0340717 s
ndamp = 27 27 27
rank = 28, min_u = 0.000000, max_u = 0.000000
nsteps = 100
CHECKSUM rank 28 = e1a657209c401383
ndamp = 27 27 27
GICC_ROUTE rank 28 staged=0 pushed=0
rank = 26, min_u = 0.000000, max_u = 0.000000
FINAL min_u,  max_u = 0.000000, 0.000000
CHECKSUM rank 26 = e1a657209c401383
I am rank 28 Time comm: 0.00860548 s
GICC_ROUTE rank 26 staged=0 pushed=0
I am rank 28 Time comp: 0.0254007 s
FINAL min_u,  max_u = 0.000000, 0.000000
I am rank 28 Time kernel: 0.0340676 s
I am rank 26 Time comm: 0.00711996 s
I am rank 28 Time modeling: 0.0340719 s
I am rank 26 Time comp: 0.0269222 s
I am rank 26 Time kernel: 0.0340677 s
I am rank 26 Time modeling: 0.034072 s
