RUN kind=standard arm=default_serial nodes=1 rpn=8 ranks=8 rep=3 grid=400 steps=100 binary=/p/lustre2/shan4/new-gicc/build_ofi/minimod_paper/bin/minimod_default
[minimod-unified] transport = DWQ (GPU trigger)
nsteps = 100
ndamp = 27 27 27
rank = 1, min_u = 0.000000, max_u = 0.000000
CHECKSUM rank 1 = f42f0682210f1b83
GICC_ROUTE rank 1 staged=0 pushed=0
FINAL min_u,  max_u = 0.000000, 0.000000
I am rank 1 Time comm: 0.0164954 s
I am rank 1 Time comp: 0.0497251 s
I am rank 1 Time kernel: 0.0662298 s
I am rank 1 Time modeling: 0.0662341 s
nsteps = 100
ndamp = 27 27 27
rank = 2, min_u = -0.000000, max_u = 0.000000
CHECKSUM rank 2 = 153043b918134cf8
GICC_ROUTE rank 2 staged=0 pushed=0
FINAL min_u,  max_u = -0.000000, 0.000000
I am rank 2 Time comm: 0.0164969 s
I am rank 2 Time comp: 0.0497238 s
I am rank 2 Time kernel: 0.06623 s
I am rank 2 Time modeling: 0.0662343 s
nsteps = 100
ndamp = 27 27 27
rank = 3, min_u = -1143.143799, max_u = 733.619385
CHECKSUM rank 3 = 558fd23b5815c956
GICC_ROUTE rank 3 staged=0 pushed=0
FINAL min_u,  max_u = -1143.143799, 733.619385
I am rank 3 Time comm: 0.0164904 s
I am rank 3 Time comp: 0.049731 s
I am rank 3 Time kernel: 0.0662303 s
I am rank 3 Time modeling: 0.0662346 s
nsteps = 100
nsteps = 100
ndamp = 27 27 27
ndamp = 27 27 27
rank = 6, min_u = 0.000000, max_u = 0.000000
rank = 5, min_u = -0.000000, max_u = 0.000000
CHECKSUM rank 6 = f42f0682210f1b83
CHECKSUM rank 5 = 52136da07e699794
GICC_ROUTE rank 6 staged=0 pushed=0
GICC_ROUTE rank 5 staged=0 pushed=0
FINAL min_u,  max_u = 0.000000, 0.000000
FINAL min_u,  max_u = -0.000000, 0.000000
I am rank 6 Time comm: 0.0164887 s
I am rank 5 Time comm: 0.016496 s
I am rank 6 Time comp: 0.0497315 s
I am rank 5 Time comp: 0.0497242 s
I am rank 6 Time kernel: 0.0662296 s
I am rank 5 Time kernel: 0.0662293 s
I am rank 6 Time modeling: 0.0662338 s
I am rank 5 Time modeling: 0.0662345 s
nsteps = 100
ndamp = 27 27 27
rank = 4, min_u = -1151.019775, max_u = 743.350464
CHECKSUM rank 4 = 38eb21af7f824e3c
GICC_ROUTE rank 4 staged=0 pushed=0
FINAL min_u,  max_u = -1151.019775, 743.350464
I am rank 4 Time comm: 0.0164945 s
I am rank 4 Time comp: 0.0491081 s
I am rank 4 Time kernel: 0.0656231 s
I am rank 4 Time modeling: 0.0662371 s
nsteps = 100
ndamp = 27 27 27
rank = 7, min_u = 0.000000, max_u = 0.000000
CHECKSUM rank 7 = f42f0682210f1b83
GICC_ROUTE rank 7 staged=0 pushed=0
FINAL min_u,  max_u = 0.000000, 0.000000
I am rank 7 Time comm: 0.0164936 s
I am rank 7 Time comp: 0.0497263 s
I am rank 7 Time kernel: 0.0662293 s
I am rank 7 Time modeling: 0.0662342 s
ngpus = 8
nsteps = 100
ndamp = 27 27 27
grid = 400 400 400
u_size = 271669248
HIP gicc target initialized: 8 GPUs, rank 0 handles x=[0,50)
Halo size: 2663424 bytes (665856 floats)
time step 100 / 100
rank = 0, min_u = 0.000000, max_u = 0.000000
CHECKSUM rank 0 = f42f0682210f1b83
GICC_ROUTE rank 0 staged=0 pushed=0
FINAL min_u,  max_u = 0.000000, 0.000000
I am rank 0 Time comm: 0.0164977 s
I am rank 0 Time comp: 0.0497127 s
I am rank 0 Time kernel: 0.0662229 s
I am rank 0 Time modeling: 0.0662339 s
