RUN kind=standard arm=trigger_overlap nodes=4 rpn=8 ranks=32 rep=4 grid=400 steps=100 binary=/p/lustre2/shan4/new-gicc/build_ofi/minimod_paper/bin/minimod_trigger
[minimod-unified] transport = DWQ (GPU trigger)
ngpus = 32
nsteps = 100
ndamp = 27 27 27
grid = 400 400 400
u_size = 271669248
HIP gicc target initialized: 32 GPUs, rank 0 handles x=[0,13)
Halo size: 2663424 bytes (665856 floats)
time step 100 / 100
rank = 0, min_u = 0.000000, max_u = 0.000000
CHECKSUM rank 0 = 1d7cdec2e85aff83
GICC_ROUTE rank 0 staged=100 pushed=0
FINAL min_u,  max_u = 0.000000, 0.000000
I am rank 0 Time comm: 0.0755492 s
I am rank 0 Time comp: 0.025579 s
I am rank 0 Time kernel: 0.10114 s
I am rank 0 Time modeling: 0.101147 s
nsteps = 100
ndamp = 27 27 27
rank = 8, min_u = 0.000000, max_u = 0.000000
CHECKSUM rank 8 = 1d7cdec2e85aff83
GICC_ROUTE rank 8 staged=200 pushed=0
FINAL min_u,  max_u = 0.000000, 0.000000
I am rank 8 Time comm: 0.0785449 s
I am rank 8 Time comp: 0.0225793 s
I am rank 8 Time kernel: 0.101142 s
I am rank 8 Time modeling: 0.101149 s
nsteps = 100
ndamp = 27 27 27
rank = 16, min_u = -1175.140381, max_u = 405.548523
CHECKSUM rank 16 = 5f8de52f4bc3cc2d
GICC_ROUTE rank 16 staged=200 pushed=0
FINAL min_u,  max_u = -1175.140381, 405.548523
I am rank 16 Time comm: 0.0795146 s
nsteps = 100
I am rank 16 Time comp: 0.0216111 s
ndamp = 27 27 27
I am rank 16 Time kernel: 0.101142 s
rank = 24, min_u = 0.000000, max_u = 0.000000
I am rank 16 Time modeling: 0.101147 s
CHECKSUM rank 24 = e1a657209c401383
GICC_ROUTE rank 24 staged=200 pushed=0
FINAL min_u,  max_u = 0.000000, 0.000000
I am rank 24 Time comm: 0.0793331 s
I am rank 24 Time comp: 0.0217934 s
I am rank 24 Time kernel: 0.101144 s
I am rank 24 Time modeling: 0.101149 s
nsteps = 100
ndamp = 27 27 27
rank = 2, min_u = 0.000000, max_u = 0.000000
CHECKSUM rank 2 = 1d7cdec2e85aff83
GICC_ROUTE rank 2 staged=200 pushed=0
FINAL min_u,  max_u = 0.000000, 0.000000
I am rank 2 Time comm: 0.0780287 s
I am rank 2 Time comp: 0.0231047 s
I am rank 2 Time kernel: 0.101143 s
I am rank 2 Time modeling: 0.101148 s
nsteps = 100
ndamp = 27 27 27
rank = 18, min_u = -0.000000, max_u = 0.000000
CHECKSUM rank 18 = b163d2bd1ae86128
GICC_ROUTE rank 18 staged=200 pushed=0
FINAL min_u,  max_u = -0.000000, 0.000000
I am rank 18 Time comm: 0.0795501 s
I am rank 18 Time comp: 0.0215823 s
I am rank 18 Time kernel: 0.101142 s
I am rank 18 Time modeling: 0.101146 s
nsteps = 100
ndamp = 27 27 27
rank = 25, min_u = 0.000000, max_u = 0.000000
CHECKSUM rank 25 = e1a657209c401383
GICC_ROUTE rank 25 staged=200 pushed=0
FINAL min_u,  max_u = 0.000000, 0.000000
I am rank 25 Time comm: 0.0802948 s
I am rank 25 Time comp: 0.0208387 s
nsteps = 100
I am rank 25 Time kernel: 0.101143 s
ndamp = 27 27 27
I am rank 25 Time modeling: 0.101148 s
rank = 3, min_u = 0.000000, max_u = 0.000000
CHECKSUM rank 3 = 1d7cdec2e85aff83
GICC_ROUTE rank 3 staged=200 pushed=0
FINAL min_u,  max_u = 0.000000, 0.000000
I am rank 3 Time comm: 0.0790689 s
I am rank 3 Time comp: 0.0220641 s
I am rank 3 Time kernel: 0.101142 s
I am rank 3 Time modeling: 0.101148 s
nsteps = 100
ndamp = 27 27 27
rank = 7, min_u = 0.000000, max_u = 0.000000
CHECKSUM rank 7 = 1d7cdec2e85aff83
GICC_ROUTE rank 7 staged=200 pushed=0
FINAL min_u,  max_u = 0.000000, 0.000000
I am rank 7 Time comm: 0.0787147 s
nsteps = 100
I am rank 7 Time comp: 0.0224117 s
ndamp = 27 27 27
I am rank 7 Time kernel: 0.101137 s
rank = 1, min_u = 0.000000, max_u = 0.000000
I am rank 7 Time modeling: 0.101147 s
CHECKSUM rank 1 = 1d7cdec2e85aff83
GICC_ROUTE rank 1 staged=200 pushed=0
FINAL min_u,  max_u = 0.000000, 0.000000
I am rank 1 Time comm: 0.0740783 s
I am rank 1 Time comp: 0.0270534 s
I am rank 1 Time kernel: 0.101143 s
I am rank 1 Time modeling: 0.101148 s
nsteps = 100
nsteps = 100
ndamp = 27 27 27
ndamp = 27 27 27
rank = 6, min_u = 0.000000, max_u = 0.000000
nsteps = 100
rank = 26, min_u = 0.000000, max_u = 0.000000
CHECKSUM rank 6 = 1d7cdec2e85aff83
ndamp = 27 27 27
CHECKSUM rank 26 = e1a657209c401383
GICC_ROUTE rank 6 staged=200 pushed=0
rank = 5, min_u = 0.000000, max_u = 0.000000
GICC_ROUTE rank 26 staged=200 pushed=0
FINAL min_u,  max_u = 0.000000, 0.000000
CHECKSUM rank 5 = 1d7cdec2e85aff83
FINAL min_u,  max_u = 0.000000, 0.000000
I am rank 6 Time comm: 0.078679 s
GICC_ROUTE rank 5 staged=200 pushed=0
I am rank 26 Time comm: 0.0795651 s
I am rank 6 Time comp: 0.0224522 s
FINAL min_u,  max_u = 0.000000, 0.000000
nsteps = 100
I am rank 26 Time comp: 0.0215687 s
I am rank 6 Time kernel: 0.101141 s
I am rank 5 Time comm: 0.0790405 s
ndamp = 27 27 27
I am rank 26 Time kernel: 0.101143 s
I am rank 6 Time modeling: 0.101147 s
I am rank 5 Time comp: 0.0220907 s
rank = 4, min_u = 0.000000, max_u = 0.000000
I am rank 26 Time modeling: 0.101148 s
I am rank 5 Time kernel: 0.101142 s
CHECKSUM rank 4 = 1d7cdec2e85aff83
nsteps = 100
I am rank 5 Time modeling: 0.101147 s
GICC_ROUTE rank 4 staged=200 pushed=0
ndamp = 27 27 27
FINAL min_u,  max_u = 0.000000, 0.000000
rank = 17, min_u = -0.009974, max_u = 0.000996
I am rank 4 Time comm: 0.0788184 s
CHECKSUM rank 17 = 17b1598fc4d29462
I am rank 4 Time comp: 0.022309 s
GICC_ROUTE rank 17 staged=200 pushed=0
I am rank 4 Time kernel: 0.101143 s
FINAL min_u,  max_u = -0.009974, 0.000996
I am rank 4 Time modeling: 0.101148 s
I am rank 17 Time comm: 0.0800106 s
I am rank 17 Time comp: 0.0211221 s
I am rank 17 Time kernel: 0.101141 s
I am rank 17 Time modeling: 0.101146 s
nsteps = 100
ndamp = 27 27 27
rank = 23, min_u = 0.000000, max_u = 0.000000
CHECKSUM rank 23 = e1a657209c401383
nsteps = 100
ndamp = 27 27 27
rank = 9, min_u = -0.000000, max_u = 0.000000
nsteps = 100
GICC_ROUTE rank 23 staged=200 pushed=0
ndamp = 27 27 27
FINAL min_u,  max_u = 0.000000, 0.000000
rank = 27, min_u = 0.000000, max_u = 0.000000
I am rank 23 Time comm: 0.0800156 s
CHECKSUM rank 27 = e1a657209c401383
I am rank 23 Time comp: 0.0211161 s
I am rank 23 Time kernel: 0.101141 s
I am rank 23 Time modeling: 0.101146 s
CHECKSUM rank 9 = 3d5d662e21a307cf
GICC_ROUTE rank 9 staged=200 pushed=0
FINAL min_u,  max_u = -0.000000, 0.000000
I am rank 9 Time comm: 0.0786901 s
I am rank 9 Time comp: 0.0224432 s
I am rank 9 Time kernel: 0.101143 s
GICC_ROUTE rank 27 staged=200 pushed=0
FINAL min_u,  max_u = 0.000000, 0.000000
I am rank 27 Time comm: 0.079917 s
I am rank 27 Time comp: 0.0212181 s
nsteps = 100
I am rank 9 Time modeling: 0.101149 s
I am rank 27 Time kernel: 0.101144 s
ndamp = 27 27 27
I am rank 27 Time modeling: 0.101149 s
rank = 22, min_u = 0.000000, max_u = 0.000000
nsteps = 100
CHECKSUM rank 22 = e1a657209c401383
ndamp = 27 27 27
GICC_ROUTE rank 22 staged=200 pushed=0
rank = 31, min_u = 0.000000, max_u = 0.000000
FINAL min_u,  max_u = 0.000000, 0.000000
CHECKSUM rank 31 = e1a657209c401383
I am rank 22 Time comm: 0.0795881 s
GICC_ROUTE rank 31 staged=100 pushed=0
I am rank 22 Time comp: 0.0215425 s
FINAL min_u,  max_u = 0.000000, 0.000000
I am rank 22 Time kernel: 0.101141 s
I am rank 31 Time comm: 0.0780321 s
I am rank 22 Time modeling: 0.101146 s
I am rank 31 Time comp: 0.0231026 s
nsteps = 100
I am rank 31 Time kernel: 0.101143 s
ndamp = 27 27 27
I am rank 31 Time modeling: 0.101147 s
rank = 21, min_u = -0.000000, max_u = 0.000000
nsteps = 100
CHECKSUM rank 21 = c341152f35502be3
ndamp = 27 27 27
GICC_ROUTE rank 21 staged=200 pushed=0
rank = 30, min_u = 0.000000, max_u = 0.000000
FINAL min_u,  max_u = -0.000000, 0.000000
CHECKSUM rank 30 = e1a657209c401383
I am rank 21 Time comm: 0.0799841 s
GICC_ROUTE rank 30 staged=200 pushed=0
I am rank 21 Time comp: 0.0211474 s
nsteps = 100
I am rank 21 Time kernel: 0.101141 s
FINAL min_u,  max_u = 0.000000, 0.000000
I am rank 21 Time modeling: 0.101146 s
ndamp = 27 27 27
nsteps = 100
I am rank 30 Time comm: 0.0748936 s
nsteps = 100
rank = 28, min_u = 0.000000, max_u = 0.000000
ndamp = 27 27 27
I am rank 30 Time comp: 0.0262394 s
ndamp = 27 27 27
nsteps = 100
rank = 19, min_u = -0.000000, max_u = 0.000000
CHECKSUM rank 28 = e1a657209c401383
rank = 20, min_u = -0.000000, max_u = 0.000000
I am rank 30 Time kernel: 0.101143 s
CHECKSUM rank 19 = 60d7ca341a5ddb2a
ndamp = 27 27 27
CHECKSUM rank 20 = d4a55e3b52c5ade7
GICC_ROUTE rank 28 staged=200 pushed=0
GICC_ROUTE rank 19 staged=200 pushed=0
I am rank 30 Time modeling: 0.101147 s
GICC_ROUTE rank 20 staged=200 pushed=0
rank = 29, min_u = 0.000000, max_u = 0.000000
FINAL min_u,  max_u = -0.000000, 0.000000
FINAL min_u,  max_u = 0.000000, 0.000000
FINAL min_u,  max_u = -0.000000, 0.000000
I am rank 19 Time comm: 0.0800771 s
I am rank 20 Time comm: 0.0795073 s
I am rank 19 Time comp: 0.0210553 s
CHECKSUM rank 29 = e1a657209c401383
I am rank 20 Time comp: 0.021623 s
I am rank 28 Time comm: 0.0795162 s
I am rank 19 Time kernel: 0.101142 s
GICC_ROUTE rank 29 staged=200 pushed=0
I am rank 20 Time kernel: 0.101142 s
I am rank 28 Time comp: 0.0216122 s
I am rank 19 Time modeling: 0.101146 s
FINAL min_u,  max_u = 0.000000, 0.000000
I am rank 20 Time modeling: 0.101146 s
I am rank 28 Time kernel: 0.101143 s
I am rank 29 Time comm: 0.0785058 s
I am rank 28 Time modeling: 0.101148 s
I am rank 29 Time comp: 0.0226271 s
I am rank 29 Time kernel: 0.101143 s
I am rank 29 Time modeling: 0.101148 s
nsteps = 100
ndamp = 27 27 27
rank = 11, min_u = -0.000000, max_u = 0.000000
CHECKSUM rank 11 = d1de135c6e439e7d
GICC_ROUTE rank 11 staged=200 pushed=0
FINAL min_u,  max_u = -0.000000, 0.000000
nsteps = 100
I am rank 11 Time comm: 0.0789319 s
ndamp = 27 27 27
I am rank 11 Time comp: 0.0222026 s
rank = 13, min_u = -0.009974, max_u = 0.026708
I am rank 11 Time kernel: 0.101144 s
CHECKSUM rank 13 = 881e9f8714436142
I am rank 11 Time modeling: 0.101149 s
GICC_ROUTE rank 13 staged=200 pushed=0
nsteps = 100
FINAL min_u,  max_u = -0.009974, 0.026708
ndamp = 27 27 27
I am rank 13 Time comm: 0.0788636 s
rank = 15, min_u = -1178.403320, max_u = 757.766235
I am rank 13 Time comp: 0.0222701 s
CHECKSUM rank 15 = 15483d21094f4ab3
I am rank 13 Time kernel: 0.101143 s
GICC_ROUTE rank 15 staged=200 pushed=0
I am rank 13 Time modeling: 0.101148 s
FINAL min_u,  max_u = -1178.403320, 757.766235
nsteps = 100
I am rank 15 Time comm: 0.0783578 s
ndamp = 27 27 27
I am rank 15 Time comp: 0.0221821 s
rank = 14, min_u = -1178.402710, max_u = 757.765381
I am rank 15 Time kernel: 0.100549 s
CHECKSUM rank 14 = 6ad08d8fe8d0249c
I am rank 15 Time modeling: 0.101151 s
GICC_ROUTE rank 14 staged=200 pushed=0
FINAL min_u,  max_u = -1178.402710, 757.765381
I am rank 14 Time comm: 0.078504 s
I am rank 14 Time comp: 0.0226303 s
I am rank 14 Time kernel: 0.101144 s
I am rank 14 Time modeling: 0.101148 s
nsteps = 100
ndamp = 27 27 27
nsteps = 100
rank = 12, min_u = -0.000000, max_u = 0.000000
ndamp = 27 27 27
CHECKSUM rank 12 = b4c93a1af0b8f91e
rank = 10, min_u = -0.000000, max_u = 0.000000
GICC_ROUTE rank 12 staged=200 pushed=0
CHECKSUM rank 10 = 7c55d29df30574fa
FINAL min_u,  max_u = -0.000000, 0.000000
GICC_ROUTE rank 10 staged=200 pushed=0
I am rank 12 Time comm: 0.0786556 s
FINAL min_u,  max_u = -0.000000, 0.000000
I am rank 12 Time comp: 0.0224699 s
I am rank 10 Time comm: 0.0785592 s
I am rank 12 Time kernel: 0.101143 s
I am rank 10 Time comp: 0.0225744 s
I am rank 12 Time modeling: 0.101149 s
I am rank 10 Time kernel: 0.101143 s
I am rank 10 Time modeling: 0.101149 s
