RUN kind=standard arm=trigger_serial nodes=2 rpn=8 ranks=16 rep=1 grid=400 steps=100 binary=/p/lustre2/shan4/new-gicc/build_ofi/minimod_paper/bin/minimod_trigger
[minimod-unified] transport = DWQ (GPU trigger)
ngpus = 16
nsteps = 100
ndamp = 27 27 27
grid = 400 400 400
u_size = 271669248
HIP gicc target initialized: 16 GPUs, rank 0 handles x=[0,25)
Halo size: 2663424 bytes (665856 floats)
time step 100 / 100
rank = 0, min_u = 0.000000, max_u = 0.000000
CHECKSUM rank 0 = 75adb5f5623e0f83
GICC_ROUTE rank 0 staged=100 pushed=0
FINAL min_u,  max_u = 0.000000, 0.000000
I am rank 0 Time comm: 0.084435 s
I am rank 0 Time comp: 0.0318385 s
I am rank 0 Time kernel: 0.116291 s
I am rank 0 Time modeling: 0.116298 s
nsteps = 100
ndamp = 27 27 27
rank = 8, min_u = -1151.019775, max_u = 743.350464
CHECKSUM rank 8 = 21121f95008ea0bd
GICC_ROUTE rank 8 staged=200 pushed=0
FINAL min_u,  max_u = -1151.019775, 743.350464
I am rank 8 Time comm: 0.0843799 s
I am rank 8 Time comp: 0.0312427 s
I am rank 8 Time kernel: 0.115634 s
I am rank 8 Time modeling: 0.116303 s
nsteps = 100
ndamp = 27 27 27
rank = 1, min_u = 0.000000, max_u = 0.000000
CHECKSUM rank 1 = 75adb5f5623e0f83
GICC_ROUTE rank 1 staged=200 pushed=0
FINAL min_u,  max_u = 0.000000, 0.000000
I am rank 1 Time comm: 0.0844323 s
I am rank 1 Time comp: 0.0318514 s
I am rank 1 Time kernel: 0.116294 s
I am rank 1 Time modeling: 0.116299 s
nsteps = 100
ndamp = 27 27 27
rank = 10, min_u = -0.000000, max_u = 0.000000
CHECKSUM rank 10 = c7dcedafb8f8d9ab
GICC_ROUTE rank 10 staged=200 pushed=0
FINAL min_u,  max_u = -0.000000, 0.000000
I am rank 10 Time comm: 0.0843845 s
I am rank 10 Time comp: 0.0319003 s
I am rank 10 Time kernel: 0.116295 s
I am rank 10 Time modeling: 0.1163 s
nsteps = 100
ndamp = 27 27 27
rank = 9, min_u = -0.000002, max_u = 0.000017
CHECKSUM rank 9 = 25f3d70f39ccbcfe
GICC_ROUTE rank 9 staged=200 pushed=0
FINAL min_u,  max_u = -0.000002, 0.000017
I am rank 9 Time comm: 0.0843854 s
I am rank 9 Time comp: 0.0318986 s
I am rank 9 Time kernel: 0.116294 s
I am rank 9 Time modeling: 0.116299 s
nsteps = 100
ndamp = 27 27 27
rank = 2, min_u = 0.000000, max_u = 0.000000
CHECKSUM rank 2 = 75adb5f5623e0f83
GICC_ROUTE rank 2 staged=200 pushed=0
FINAL min_u,  max_u = 0.000000, 0.000000
I am rank 2 Time comm: 0.0844284 s
I am rank 2 Time comp: 0.0318567 s
nsteps = 100
I am rank 2 Time kernel: 0.116294 s
ndamp = 27 27 27
I am rank 2 Time modeling: 0.116299 s
rank = 4, min_u = -0.000000, max_u = 0.000000
CHECKSUM rank 4 = 8eccbbf5994cdaa8
GICC_ROUTE rank 4 staged=200 pushed=0
FINAL min_u,  max_u = -0.000000, 0.000000
I am rank 4 Time comm: 0.084433 s
I am rank 4 Time comp: 0.031845 s
I am rank 4 Time kernel: 0.116295 s
I am rank 4 Time modeling: 0.116299 s
nsteps = 100
ndamp = 27 27 27
rank = 7, min_u = -1143.143799, max_u = 733.619385
CHECKSUM rank 7 = 48198bae1097252a
GICC_ROUTE rank 7 staged=200 pushed=0
FINAL min_u,  max_u = -1143.143799, 733.619385
I am rank 7 Time comm: 0.0844193 s
nsteps = 100
I am rank 7 Time comp: 0.0318627 s
ndamp = 27 27 27
I am rank 7 Time kernel: 0.116293 s
rank = 14, min_u = 0.000000, max_u = 0.000000
I am rank 7 Time modeling: 0.116299 s
CHECKSUM rank 14 = 75adb5f5623e0f83
GICC_ROUTE rank 14 staged=200 pushed=0
FINAL min_u,  max_u = 0.000000, 0.000000
I am rank 14 Time comm: 0.0843832 s
I am rank 14 Time comp: 0.0319019 s
I am rank 14 Time kernel: 0.116295 s
I am rank 14 Time modeling: 0.1163 s
nsteps = 100
ndamp = 27 27 27
nsteps = 100
rank = 15, min_u = 0.000000, max_u = 0.000000
ndamp = 27 27 27
nsteps = 100
nsteps = 100
rank = 6, min_u = -0.000002, max_u = 0.000010
ndamp = 27 27 27
CHECKSUM rank 15 = 75adb5f5623e0f83
CHECKSUM rank 6 = f94393bcddb85cdf
rank = 5, min_u = -0.000000, max_u = 0.000000
nsteps = 100
GICC_ROUTE rank 6 staged=200 pushed=0
CHECKSUM rank 5 = 4e89388f527de4bb
ndamp = 27 27 27
FINAL min_u,  max_u = -0.000002, 0.000010
GICC_ROUTE rank 5 staged=200 pushed=0
GICC_ROUTE rank 15 staged=100 pushed=0
I am rank 6 Time comm: 0.0844213 s
FINAL min_u,  max_u = -0.000000, 0.000000
ndamp = 27 27 27
I am rank 6 Time comp: 0.0318629 s
I am rank 5 Time comm: 0.084431 s
nsteps = 100
rank = 11, min_u = -0.000000, max_u = 0.000000
I am rank 6 Time kernel: 0.116295 s
I am rank 5 Time comp: 0.0318538 s
ndamp = 27 27 27
FINAL min_u,  max_u = 0.000000, 0.000000
I am rank 6 Time modeling: 0.116299 s
I am rank 5 Time kernel: 0.116295 s
rank = 3, min_u = 0.000000, max_u = 0.000000
rank = 13, min_u = 0.000000, max_u = 0.000000
I am rank 5 Time modeling: 0.1163 s
CHECKSUM rank 3 = 75adb5f5623e0f83
CHECKSUM rank 11 = 905871317fc9994c
GICC_ROUTE rank 3 staged=200 pushed=0
I am rank 15 Time comm: 0.0843902 s
FINAL min_u,  max_u = 0.000000, 0.000000
CHECKSUM rank 13 = 75adb5f5623e0f83
I am rank 3 Time comm: 0.0844319 s
GICC_ROUTE rank 11 staged=200 pushed=0
I am rank 3 Time comp: 0.0318524 s
I am rank 15 Time comp: 0.0318964 s
I am rank 3 Time kernel: 0.116294 s
GICC_ROUTE rank 13 staged=200 pushed=0
I am rank 3 Time modeling: 0.116299 s
FINAL min_u,  max_u = -0.000000, 0.000000
I am rank 15 Time kernel: 0.116295 s
FINAL min_u,  max_u = 0.000000, 0.000000
I am rank 11 Time comm: 0.0843846 s
I am rank 15 Time modeling: 0.1163 s
I am rank 13 Time comm: 0.0843843 s
nsteps = 100
I am rank 11 Time comp: 0.0319002 s
I am rank 13 Time comp: 0.0318951 s
ndamp = 27 27 27
I am rank 11 Time kernel: 0.116295 s
I am rank 13 Time kernel: 0.116294 s
rank = 12, min_u = 0.000000, max_u = 0.000000
I am rank 11 Time modeling: 0.1163 s
I am rank 13 Time modeling: 0.116299 s
CHECKSUM rank 12 = 75adb5f5623e0f83
GICC_ROUTE rank 12 staged=200 pushed=0
FINAL min_u,  max_u = 0.000000, 0.000000
I am rank 12 Time comm: 0.0843923 s
I am rank 12 Time comp: 0.0318876 s
I am rank 12 Time kernel: 0.116295 s
I am rank 12 Time modeling: 0.1163 s
