RUN kind=standard arm=default_serial nodes=4 rpn=8 ranks=32 rep=4 grid=400 steps=100 binary=/p/lustre2/shan4/new-gicc/build_ofi/minimod_paper/bin/minimod_default
[minimod-unified] transport = DWQ (GPU trigger)
ngpus = 32
nsteps = 100
ndamp = 27 27 27
grid = 400 400 400
u_size = 271669248
HIP gicc target initialized: 32 GPUs, rank 0 handles x=[0,13)
Halo size: 2663424 bytes (665856 floats)
time step 100 / 100
rank = 0, min_u = 0.000000, max_u = 0.000000
CHECKSUM rank 0 = 1d7cdec2e85aff83
GICC_ROUTE rank 0 staged=0 pushed=0
FINAL min_u,  max_u = 0.000000, 0.000000
I am rank 0 Time comm: 0.0221861 s
I am rank 0 Time comp: 0.0188421 s
I am rank 0 Time kernel: 0.0410452 s
I am rank 0 Time modeling: 0.0410577 s
nsteps = 100
ndamp = 27 27 27
rank = 8, min_u = 0.000000, max_u = 0.000000
nsteps = 100
ndamp = 27 27 27
rank = 16, min_u = -1175.140381, max_u = 405.548523
CHECKSUM rank 16 = 5f8de52f4bc3cc2d
GICC_ROUTE rank 16 staged=100 pushed=0
FINAL min_u,  max_u = -1175.140381, 405.548523
I am rank 16 Time comm: 0.0220849 s
I am rank 16 Time comp: 0.0189505 s
CHECKSUM rank 8 = 1d7cdec2e85aff83
I am rank 16 Time kernel: 0.0410492 s
GICC_ROUTE rank 8 staged=100 pushed=0
I am rank 16 Time modeling: 0.0410594 s
FINAL min_u,  max_u = 0.000000, 0.000000
I am rank 8 Time comm: 0.0220518 s
I am rank 8 Time comp: 0.0189805 s
I am rank 8 Time kernel: 0.0410489 s
nsteps = 100
I am rank 8 Time modeling: 0.0410592 s
ndamp = 27 27 27
rank = 24, min_u = 0.000000, max_u = 0.000000
CHECKSUM rank 24 = e1a657209c401383
GICC_ROUTE rank 24 staged=100 pushed=0
FINAL min_u,  max_u = 0.000000, 0.000000
I am rank 24 Time comm: 0.0220949 s
I am rank 24 Time comp: 0.0189413 s
I am rank 24 Time kernel: 0.0410509 s
I am rank 24 Time modeling: 0.041059 s
nsteps = 100
ndamp = 27 27 27
rank = 1, min_u = 0.000000, max_u = 0.000000
CHECKSUM rank 1 = 1d7cdec2e85aff83
GICC_ROUTE rank 1 staged=0 pushed=0
FINAL min_u,  max_u = 0.000000, 0.000000
I am rank 1 Time comm: 0.0221858 s
I am rank 1 Time comp: 0.01886 s
I am rank 1 Time kernel: 0.0410549 s
I am rank 1 Time modeling: 0.0410591 s
nsteps = 100
ndamp = 27 27 27
rank = 25, min_u = 0.000000, max_u = 0.000000
CHECKSUM rank 25 = e1a657209c401383
GICC_ROUTE rank 25 staged=0 pushed=0
FINAL min_u,  max_u = 0.000000, 0.000000
I am rank 25 Time comm: 0.0220916 s
I am rank 25 Time comp: 0.0189535 s
I am rank 25 Time kernel: 0.0410543 s
I am rank 25 Time modeling: 0.0410586 s
nsteps = 100
ndamp = 27 27 27
rank = 27, min_u = 0.000000, max_u = 0.000000
CHECKSUM rank 27 = e1a657209c401383
GICC_ROUTE rank 27 staged=0 pushed=0
FINAL min_u,  max_u = 0.000000, 0.000000
I am rank 27 Time comm: 0.0220966 s
I am rank 27 Time comp: 0.0189483 s
I am rank 27 Time kernel: 0.0410542 s
I am rank 27 Time modeling: 0.0410589 s
nsteps = 100
ndamp = 27 27 27
rank = 17, min_u = -0.009974, max_u = 0.000996
CHECKSUM rank 17 = 17b1598fc4d29462
GICC_ROUTE rank 17 staged=0 pushed=0
FINAL min_u,  max_u = -0.009974, 0.000996
nsteps = 100
I am rank 17 Time comm: 0.0220781 s
ndamp = 27 27 27
I am rank 17 Time comp: 0.018967 s
rank = 2, min_u = 0.000000, max_u = 0.000000
I am rank 17 Time kernel: 0.0410543 s
CHECKSUM rank 2 = 1d7cdec2e85aff83
I am rank 17 Time modeling: 0.041059 s
GICC_ROUTE rank 2 staged=0 pushed=0
FINAL min_u,  max_u = 0.000000, 0.000000
I am rank 2 Time comm: 0.0221865 s
I am rank 2 Time comp: 0.0188599 s
I am rank 2 Time kernel: 0.0410551 s
I am rank 2 Time modeling: 0.0410594 s
nsteps = 100
nsteps = 100
ndamp = 27 27 27
ndamp = 27 27 27
rank = 3, min_u = 0.000000, max_u = 0.000000
rank = 18, min_u = -0.000000, max_u = 0.000000
CHECKSUM rank 3 = 1d7cdec2e85aff83
CHECKSUM rank 18 = b163d2bd1ae86128
GICC_ROUTE rank 3 staged=0 pushed=0
GICC_ROUTE rank 18 staged=0 pushed=0
FINAL min_u,  max_u = 0.000000, 0.000000
FINAL min_u,  max_u = -0.000000, 0.000000
I am rank 3 Time comm: 0.0221878 s
I am rank 18 Time comm: 0.0220815 s
I am rank 3 Time comp: 0.0188579 s
I am rank 18 Time comp: 0.018964 s
I am rank 3 Time kernel: 0.0410549 s
I am rank 18 Time kernel: 0.0410548 s
I am rank 3 Time modeling: 0.0410591 s
I am rank 18 Time modeling: 0.0410593 s
nsteps = 100
ndamp = 27 27 27
rank = 26, min_u = 0.000000, max_u = 0.000000
nsteps = 100
ndamp = 27 27 27
rank = 13, min_u = -0.009974, max_u = 0.026708
CHECKSUM rank 26 = e1a657209c401383
CHECKSUM rank 13 = 881e9f8714436142
GICC_ROUTE rank 26 staged=0 pushed=0
GICC_ROUTE rank 13 staged=0 pushed=0
FINAL min_u,  max_u = 0.000000, 0.000000
FINAL min_u,  max_u = -0.009974, 0.026708
I am rank 26 Time comm: 0.0220965 s
I am rank 13 Time comm: 0.0220481 s
I am rank 26 Time comp: 0.0189488 s
I am rank 13 Time comp: 0.0189973 s
I am rank 26 Time kernel: 0.0410547 s
I am rank 13 Time kernel: 0.0410549 s
nsteps = 100
I am rank 26 Time modeling: 0.0410589 s
ndamp = 27 27 27
I am rank 13 Time modeling: 0.0410593 s
rank = 7, min_u = 0.000000, max_u = 0.000000
CHECKSUM rank 7 = 1d7cdec2e85aff83
GICC_ROUTE rank 7 staged=100 pushed=0
FINAL min_u,  max_u = 0.000000, 0.000000
I am rank 7 Time comm: 0.0221839 s
I am rank 7 Time comp: 0.0188591 s
I am rank 7 Time kernel: 0.0410536 s
I am rank 7 Time modeling: 0.0410591 s
nsteps = 100
ndamp = 27 27 27
nsteps = 100
rank = 4, min_u = 0.000000, max_u = 0.000000
nsteps = 100
CHECKSUM rank 4 = 1d7cdec2e85aff83
nsteps = 100
ndamp = 27 27 27
nsteps = 100
GICC_ROUTE rank 4 staged=0 pushed=0
ndamp = 27 27 27
rank = 6, min_u = 0.000000, max_u = 0.000000
ndamp = 27 27 27
FINAL min_u,  max_u = 0.000000, 0.000000
ndamp = 27 27 27
CHECKSUM rank 6 = 1d7cdec2e85aff83
rank = 5, min_u = 0.000000, max_u = 0.000000
I am rank 4 Time comm: 0.022184 s
rank = 9, min_u = -0.000000, max_u = 0.000000
GICC_ROUTE rank 6 staged=0 pushed=0
CHECKSUM rank 5 = 1d7cdec2e85aff83
I am rank 4 Time comp: 0.0188524 s
rank = 12, min_u = -0.000000, max_u = 0.000000
FINAL min_u,  max_u = 0.000000, 0.000000
GICC_ROUTE rank 5 staged=0 pushed=0
I am rank 4 Time kernel: 0.0410552 s
CHECKSUM rank 9 = 3d5d662e21a307cf
I am rank 6 Time comm: 0.0221808 s
FINAL min_u,  max_u = 0.000000, 0.000000
I am rank 4 Time modeling: 0.0410596 s
CHECKSUM rank 12 = b4c93a1af0b8f91e
I am rank 6 Time comp: 0.0188642 s
I am rank 5 Time comm: 0.0221815 s
GICC_ROUTE rank 9 staged=0 pushed=0
I am rank 6 Time kernel: 0.0410547 s
I am rank 5 Time comp: 0.0188648 s
GICC_ROUTE rank 12 staged=0 pushed=0
I am rank 6 Time modeling: 0.0410595 s
I am rank 5 Time kernel: 0.0410553 s
FINAL min_u,  max_u = -0.000000, 0.000000
I am rank 5 Time modeling: 0.0410595 s
FINAL min_u,  max_u = -0.000000, 0.000000
I am rank 9 Time comm: 0.0220471 s
nsteps = 100
I am rank 12 Time comm: 0.0220479 s
I am rank 9 Time comp: 0.0189972 s
ndamp = 27 27 27
nsteps = 100
I am rank 12 Time comp: 0.0189871 s
I am rank 9 Time kernel: 0.0410533 s
rank = 15, min_u = -1178.403320, max_u = 757.766235
ndamp = 27 27 27
I am rank 12 Time kernel: 0.041055 s
I am rank 9 Time modeling: 0.0410584 s
CHECKSUM rank 15 = 15483d21094f4ab3
rank = 14, min_u = -1178.402710, max_u = 757.765381
I am rank 12 Time modeling: 0.0410591 s
GICC_ROUTE rank 15 staged=100 pushed=0
CHECKSUM rank 14 = 6ad08d8fe8d0249c
FINAL min_u,  max_u = -1178.403320, 757.766235
GICC_ROUTE rank 14 staged=0 pushed=0
nsteps = 100
ndamp = 27 27 27
rank = 31, min_u = 0.000000, max_u = 0.000000
CHECKSUM rank 31 = e1a657209c401383
I am rank 15 Time comm: 0.0220485 s
FINAL min_u,  max_u = -1178.402710, 757.765381
GICC_ROUTE rank 31 staged=0 pushed=0
nsteps = 100
FINAL min_u,  max_u = 0.000000, 0.000000
I am rank 15 Time comp: 0.0183928 s
I am rank 14 Time comm: 0.0220467 s
ndamp = 27 27 27
I am rank 31 Time comm: 0.0221005 s
I am rank 31 Time comp: 0.0189445 s
I am rank 15 Time kernel: 0.0404536 s
I am rank 14 Time comp: 0.0189956 s
rank = 11, min_u = -0.000000, max_u = 0.000000
I am rank 31 Time kernel: 0.0410545 s
I am rank 15 Time modeling: 0.0410615 s
I am rank 31 Time modeling: 0.0410588 s
I am rank 14 Time kernel: 0.0410514 s
CHECKSUM rank 11 = d1de135c6e439e7d
I am rank 14 Time modeling: 0.0410589 s
GICC_ROUTE rank 11 staged=0 pushed=0
FINAL min_u,  max_u = -0.000000, 0.000000
I am rank 11 Time comm: 0.022048 s
I am rank 11 Time comp: 0.0189959 s
I am rank 11 Time kernel: 0.0410537 s
nsteps = 100
ndamp = 27 27 27
I am rank 11 Time modeling: 0.0410582 s
rank = 23, min_u = 0.000000, max_u = 0.000000
nsteps = 100
CHECKSUM rank 23 = e1a657209c401383
ndamp = 27 27 27
nsteps = 100
rank = 29, min_u = 0.000000, max_u = 0.000000
ndamp = 27 27 27
CHECKSUM rank 29 = e1a657209c401383
rank = 10, min_u = -0.000000, max_u = 0.000000
GICC_ROUTE rank 29 staged=0 pushed=0
CHECKSUM rank 10 = 7c55d29df30574fa
FINAL min_u,  max_u = 0.000000, 0.000000
GICC_ROUTE rank 23 staged=100 pushed=0
I am rank 29 Time comm: 0.0221036 s
nsteps = 100
FINAL min_u,  max_u = 0.000000, 0.000000
ndamp = 27 27 27
I am rank 23 Time comm: 0.0220821 s
GICC_ROUTE rank 10 staged=0 pushed=0
rank = 21, min_u = -0.000000, max_u = 0.000000
FINAL min_u,  max_u = -0.000000, 0.000000
I am rank 29 Time comp: 0.0189413 s
I am rank 23 Time comp: 0.0189621 s
I am rank 10 Time comm: 0.0220475 s
I am rank 29 Time kernel: 0.0410541 s
I am rank 29 Time modeling: 0.0410588 s
I am rank 10 Time comp: 0.018997 s
CHECKSUM rank 21 = c341152f35502be3
nsteps = 100
I am rank 10 Time kernel: 0.0410542 s
I am rank 23 Time kernel: 0.0410537 s
nsteps = 100
I am rank 10 Time modeling: 0.0410585 s
GICC_ROUTE rank 21 staged=0 pushed=0
ndamp = 27 27 27
I am rank 23 Time modeling: 0.0410584 s
ndamp = 27 27 27
FINAL min_u,  max_u = -0.000000, 0.000000
rank = 28, min_u = 0.000000, max_u = 0.000000
I am rank 21 Time comm: 0.0220803 s
rank = 30, min_u = 0.000000, max_u = 0.000000
I am rank 21 Time comp: 0.0189649 s
CHECKSUM rank 28 = e1a657209c401383
I am rank 21 Time kernel: 0.0410545 s
CHECKSUM rank 30 = e1a657209c401383
I am rank 21 Time modeling: 0.0410587 s
GICC_ROUTE rank 28 staged=0 pushed=0
nsteps = 100
GICC_ROUTE rank 30 staged=0 pushed=0
ndamp = 27 27 27
FINAL min_u,  max_u = 0.000000, 0.000000
rank = 22, min_u = 0.000000, max_u = 0.000000
FINAL min_u,  max_u = 0.000000, 0.000000
CHECKSUM rank 22 = e1a657209c401383
I am rank 28 Time comm: 0.0220999 s
GICC_ROUTE rank 22 staged=0 pushed=0
I am rank 30 Time comm: 0.0221003 s
FINAL min_u,  max_u = 0.000000, 0.000000
I am rank 28 Time comp: 0.0189363 s
I am rank 22 Time comm: 0.0220819 s
I am rank 30 Time comp: 0.0189435 s
I am rank 22 Time comp: 0.0189629 s
I am rank 28 Time kernel: 0.0410545 s
I am rank 22 Time kernel: 0.0410539 s
I am rank 30 Time kernel: 0.0410538 s
I am rank 22 Time modeling: 0.0410581 s
I am rank 28 Time modeling: 0.0410587 s
I am rank 30 Time modeling: 0.0410583 s
nsteps = 100
ndamp = 27 27 27
rank = 19, min_u = -0.000000, max_u = 0.000000
CHECKSUM rank 19 = 60d7ca341a5ddb2a
GICC_ROUTE rank 19 staged=0 pushed=0
FINAL min_u,  max_u = -0.000000, 0.000000
I am rank 19 Time comm: 0.0220802 s
I am rank 19 Time comp: 0.0189645 s
I am rank 19 Time kernel: 0.0410546 s
I am rank 19 Time modeling: 0.041059 s
nsteps = 100
ndamp = 27 27 27
rank = 20, min_u = -0.000000, max_u = 0.000000
CHECKSUM rank 20 = d4a55e3b52c5ade7
GICC_ROUTE rank 20 staged=0 pushed=0
FINAL min_u,  max_u = -0.000000, 0.000000
I am rank 20 Time comm: 0.0220816 s
I am rank 20 Time comp: 0.0189524 s
I am rank 20 Time kernel: 0.0410541 s
I am rank 20 Time modeling: 0.0410587 s
