RUN kind=standard arm=trigger_overlap nodes=2 rpn=8 ranks=16 rep=4 grid=400 steps=100 binary=/p/lustre2/shan4/new-gicc/build_ofi/minimod_paper/bin/minimod_trigger
[minimod-unified] transport = DWQ (GPU trigger)
ngpus = 16
nsteps = 100
ndamp = 27 27 27
grid = 400 400 400
u_size = 271669248
HIP gicc target initialized: 16 GPUs, rank 0 handles x=[0,25)
Halo size: 2663424 bytes (665856 floats)
time step 100 / 100
rank = 0, min_u = 0.000000, max_u = 0.000000
CHECKSUM rank 0 = 75adb5f5623e0f83
GICC_ROUTE rank 0 staged=100 pushed=0
FINAL min_u,  max_u = 0.000000, 0.000000
I am rank 0 Time comm: 0.0537552 s
I am rank 0 Time comp: 0.0389666 s
I am rank 0 Time kernel: 0.0927442 s
I am rank 0 Time modeling: 0.0927508 s
nsteps = 100
ndamp = 27 27 27
rank = 8, min_u = -1151.019775, max_u = 743.350464
CHECKSUM rank 8 = 21121f95008ea0bd
GICC_ROUTE rank 8 staged=200 pushed=0
FINAL min_u,  max_u = -1151.019775, 743.350464
I am rank 8 Time comm: 0.0612131 s
I am rank 8 Time comp: 0.0308671 s
I am rank 8 Time kernel: 0.0920917 s
I am rank 8 Time modeling: 0.0927564 s
nsteps = 100
ndamp = 27 27 27
rank = 1, min_u = 0.000000, max_u = 0.000000
CHECKSUM rank 1 = 75adb5f5623e0f83
GICC_ROUTE rank 1 staged=200 pushed=0
FINAL min_u,  max_u = 0.000000, 0.000000
I am rank 1 Time comm: 0.0608504 s
I am rank 1 Time comp: 0.0318881 s
I am rank 1 Time kernel: 0.092748 s
I am rank 1 Time modeling: 0.0927529 s
nsteps = 100
ndamp = 27 27 27
rank = 10, min_u = -0.000000, max_u = 0.000000
CHECKSUM rank 10 = c7dcedafb8f8d9ab
GICC_ROUTE rank 10 staged=200 pushed=0
FINAL min_u,  max_u = -0.000000, 0.000000
I am rank 10 Time comm: 0.0618162 s
I am rank 10 Time comp: 0.0309229 s
I am rank 10 Time kernel: 0.0927486 s
I am rank 10 Time modeling: 0.0927532 s
nsteps = 100
ndamp = 27 27 27
rank = 9, min_u = -0.000002, max_u = 0.000017
CHECKSUM rank 9 = 25f3d70f39ccbcfe
GICC_ROUTE rank 9 staged=200 pushed=0
FINAL min_u,  max_u = -0.000002, 0.000017
I am rank 9 Time comm: 0.0623365 s
I am rank 9 Time comp: 0.0304016 s
I am rank 9 Time kernel: 0.0927482 s
I am rank 9 Time modeling: 0.0927531 s
nsteps = 100
ndamp = 27 27 27
rank = 5, min_u = -0.000000, max_u = 0.000000
CHECKSUM rank 5 = 4e89388f527de4bb
GICC_ROUTE rank 5 staged=200 pushed=0
FINAL min_u,  max_u = -0.000000, 0.000000
I am rank 5 Time comm: 0.0620404 s
I am rank 5 Time comp: 0.0306981 s
I am rank 5 Time kernel: 0.0927482 s
I am rank 5 Time modeling: 0.0927527 s
nsteps = 100
ndamp = 27 27 27
rank = 15, min_u = 0.000000, max_u = 0.000000
CHECKSUM rank 15 = 75adb5f5623e0f83
GICC_ROUTE rank 15 staged=100 pushed=0
FINAL min_u,  max_u = 0.000000, 0.000000
I am rank 15 Time comm: 0.0566014 s
I am rank 15 Time comp: 0.0361383 s
I am rank 15 Time kernel: 0.0927486 s
I am rank 15 Time modeling: 0.0927529 s
nsteps = 100
ndamp = 27 27 27
rank = 13, min_u = 0.000000, max_u = 0.000000
CHECKSUM rank 13 = 75adb5f5623e0f83
GICC_ROUTE rank 13 staged=200 pushed=0
FINAL min_u,  max_u = 0.000000, 0.000000
I am rank 13 Time comm: 0.0627944 s
I am rank 13 Time comp: 0.0299441 s
I am rank 13 Time kernel: 0.0927479 s
I am rank 13 Time modeling: 0.0927526 s
nsteps = 100
ndamp = 27 27 27
nsteps = 100
rank = 12, min_u = 0.000000, max_u = 0.000000
ndamp = 27 27 27
CHECKSUM rank 12 = 75adb5f5623e0f83
rank = 14, min_u = 0.000000, max_u = 0.000000
GICC_ROUTE rank 12 staged=200 pushed=0
nsteps = 100
CHECKSUM rank 14 = 75adb5f5623e0f83
FINAL min_u,  max_u = 0.000000, 0.000000
ndamp = 27 27 27
GICC_ROUTE rank 14 staged=200 pushed=0
I am rank 12 Time comm: 0.0617995 s
rank = 11, min_u = -0.000000, max_u = 0.000000
nsteps = 100
FINAL min_u,  max_u = 0.000000, 0.000000
ndamp = 27 27 27
I am rank 12 Time comp: 0.0309338 s
rank = 6, min_u = -0.000002, max_u = 0.000010
CHECKSUM rank 11 = 905871317fc9994c
CHECKSUM rank 6 = f94393bcddb85cdf
I am rank 14 Time comm: 0.0607909 s
nsteps = 100
GICC_ROUTE rank 6 staged=200 pushed=0
I am rank 12 Time kernel: 0.0927476 s
ndamp = 27 27 27
FINAL min_u,  max_u = -0.000002, 0.000010
GICC_ROUTE rank 11 staged=200 pushed=0
rank = 7, min_u = -1143.143799, max_u = 733.619385
I am rank 6 Time comm: 0.0618554 s
I am rank 14 Time comp: 0.0319483 s
CHECKSUM rank 7 = 48198bae1097252a
I am rank 6 Time comp: 0.0308837 s
I am rank 12 Time modeling: 0.0927528 s
GICC_ROUTE rank 7 staged=200 pushed=0
I am rank 6 Time kernel: 0.0927481 s
FINAL min_u,  max_u = -0.000000, 0.000000
FINAL min_u,  max_u = -1143.143799, 733.619385
I am rank 6 Time modeling: 0.0927525 s
I am rank 14 Time kernel: 0.0927486 s
I am rank 7 Time comm: 0.0620476 s
I am rank 11 Time comm: 0.0632534 s
I am rank 7 Time comp: 0.0306907 s
I am rank 14 Time modeling: 0.0927529 s
I am rank 7 Time kernel: 0.0927479 s
I am rank 11 Time comp: 0.0294851 s
I am rank 7 Time modeling: 0.0927523 s
I am rank 11 Time kernel: 0.0927488 s
I am rank 11 Time modeling: 0.0927532 s
nsteps = 100
ndamp = 27 27 27
rank = 4, min_u = -0.000000, max_u = 0.000000
CHECKSUM rank 4 = 8eccbbf5994cdaa8
GICC_ROUTE rank 4 staged=200 pushed=0
FINAL min_u,  max_u = -0.000000, 0.000000
I am rank 4 Time comm: 0.0616076 s
nsteps = 100
I am rank 4 Time comp: 0.0311247 s
ndamp = 27 27 27
I am rank 4 Time kernel: 0.0927478 s
rank = 3, min_u = 0.000000, max_u = 0.000000
I am rank 4 Time modeling: 0.0927525 s
CHECKSUM rank 3 = 75adb5f5623e0f83
GICC_ROUTE rank 3 staged=200 pushed=0
FINAL min_u,  max_u = 0.000000, 0.000000
I am rank 3 Time comm: 0.0622375 s
I am rank 3 Time comp: 0.0305015 s
I am rank 3 Time kernel: 0.0927482 s
I am rank 3 Time modeling: 0.0927526 s
nsteps = 100
ndamp = 27 27 27
rank = 2, min_u = 0.000000, max_u = 0.000000
CHECKSUM rank 2 = 75adb5f5623e0f83
GICC_ROUTE rank 2 staged=200 pushed=0
FINAL min_u,  max_u = 0.000000, 0.000000
I am rank 2 Time comm: 0.0617558 s
I am rank 2 Time comp: 0.0309828 s
I am rank 2 Time kernel: 0.092748 s
I am rank 2 Time modeling: 0.0927528 s
