RUN kind=standard arm=default_overlap nodes=2 rpn=8 ranks=16 rep=5 grid=400 steps=100 binary=/p/lustre2/shan4/new-gicc/build_ofi/minimod_paper/bin/minimod_default
[minimod-unified] transport = DWQ (GPU trigger)
ngpus = 16
nsteps = 100
ndamp = 27 27 27
grid = 400 400 400
u_size = 271669248
HIP gicc target initialized: 16 GPUs, rank 0 handles x=[0,25)
Halo size: 2663424 bytes (665856 floats)
time step 100 / 100
rank = 0, min_u = 0.000000, max_u = 0.000000
CHECKSUM rank 0 = 75adb5f5623e0f83
GICC_ROUTE rank 0 staged=0 pushed=0
FINAL min_u,  max_u = 0.000000, 0.000000
I am rank 0 Time comm: 0.00119722 s
I am rank 0 Time comp: 0.0396767 s
I am rank 0 Time kernel: 0.0409461 s
I am rank 0 Time modeling: 0.0409586 s
nsteps = 100
ndamp = 27 27 27
rank = 8, min_u = -1151.019775, max_u = 743.350464
CHECKSUM rank 8 = 21121f95008ea0bd
GICC_ROUTE rank 8 staged=100 pushed=0
FINAL min_u,  max_u = -1151.019775, 743.350464
I am rank 8 Time comm: 0.007295 s
I am rank 8 Time comp: 0.0329041 s
I am rank 8 Time kernel: 0.0402593 s
I am rank 8 Time modeling: 0.0409626 s
nsteps = 100
ndamp = 27 27 27
rank = 10, min_u = -0.000000, max_u = 0.000000
CHECKSUM rank 10 = c7dcedafb8f8d9ab
GICC_ROUTE rank 10 staged=0 pushed=0
FINAL min_u,  max_u = -0.000000, 0.000000
I am rank 10 Time comm: 0.0098193 s
I am rank 10 Time comp: 0.0310792 s
I am rank 10 Time kernel: 0.0409552 s
I am rank 10 Time modeling: 0.0409596 s
nsteps = 100
ndamp = 27 27 27
rank = 1, min_u = 0.000000, max_u = 0.000000
CHECKSUM rank 1 = 75adb5f5623e0f83
GICC_ROUTE rank 1 staged=0 pushed=0
FINAL min_u,  max_u = 0.000000, 0.000000
I am rank 1 Time comm: 0.00893767 s
I am rank 1 Time comp: 0.0319717 s
I am rank 1 Time kernel: 0.0409533 s
I am rank 1 Time modeling: 0.0409581 s
nsteps = 100
ndamp = 27 27 27
rank = 2, min_u = 0.000000, max_u = 0.000000
CHECKSUM rank 2 = 75adb5f5623e0f83
GICC_ROUTE rank 2 staged=0 pushed=0
FINAL min_u,  max_u = 0.000000, 0.000000
I am rank 2 Time comm: 0.00982092 s
I am rank 2 Time comp: 0.0310823 s
I am rank 2 Time kernel: 0.0409547 s
I am rank 2 Time modeling: 0.040959 s
nsteps = 100
ndamp = 27 27 27
rank = 11, min_u = -0.000000, max_u = 0.000000
CHECKSUM rank 11 = 905871317fc9994c
GICC_ROUTE rank 11 staged=0 pushed=0
FINAL min_u,  max_u = -0.000000, 0.000000
I am rank 11 Time comm: 0.00970211 s
I am rank 11 Time comp: 0.0311837 s
I am rank 11 Time kernel: 0.0409553 s
I am rank 11 Time modeling: 0.0409599 s
nsteps = 100
ndamp = 27 27 27
rank = 5, min_u = -0.000000, max_u = 0.000000
CHECKSUM rank 5 = 4e89388f527de4bb
GICC_ROUTE rank 5 staged=0 pushed=0
FINAL min_u,  max_u = -0.000000, 0.000000
I am rank 5 Time comm: 0.00983345 s
I am rank 5 Time comp: 0.0310838 s
I am rank 5 Time kernel: 0.0409539 s
I am rank 5 Time modeling: 0.0409581 s
nsteps = 100
ndamp = 27 27 27
rank = 3, min_u = 0.000000, max_u = 0.000000
CHECKSUM rank 3 = 75adb5f5623e0f83
GICC_ROUTE rank 3 staged=0 pushed=0
FINAL min_u,  max_u = 0.000000, 0.000000
I am rank 3 Time comm: 0.00990848 s
I am rank 3 Time comp: 0.0309793 s
I am rank 3 Time kernel: 0.040954 s
nsteps = 100
I am rank 3 Time modeling: 0.0409584 s
ndamp = 27 27 27
nsteps = 100
rank = 7, min_u = -1143.143799, max_u = 733.619385
ndamp = 27 27 27
CHECKSUM rank 7 = 48198bae1097252a
rank = 6, min_u = -0.000002, max_u = 0.000010
GICC_ROUTE rank 7 staged=100 pushed=0
CHECKSUM rank 6 = f94393bcddb85cdf
FINAL min_u,  max_u = -1143.143799, 733.619385
GICC_ROUTE rank 6 staged=0 pushed=0
I am rank 7 Time comm: 0.0080418 s
FINAL min_u,  max_u = -0.000002, 0.000010
I am rank 7 Time comp: 0.0328538 s
I am rank 6 Time comm: 0.00992896 s
I am rank 7 Time kernel: 0.0409532 s
I am rank 6 Time comp: 0.0310004 s
I am rank 7 Time modeling: 0.0409588 s
I am rank 6 Time kernel: 0.0409541 s
I am rank 6 Time modeling: 0.0409583 s
nsteps = 100
ndamp = 27 27 27
rank = 4, min_u = -0.000000, max_u = 0.000000
CHECKSUM rank 4 = 8eccbbf5994cdaa8
GICC_ROUTE rank 4 staged=0 pushed=0
FINAL min_u,  max_u = -0.000000, 0.000000
I am rank 4 Time comm: 0.00966587 s
I am rank 4 Time comp: 0.0312191 s
I am rank 4 Time kernel: 0.0409543 s
I am rank 4 Time modeling: 0.0409586 s
nsteps = 100
ndamp = 27 27 27
rank = 15, min_u = 0.000000, max_u = 0.000000
CHECKSUM rank 15 = 75adb5f5623e0f83
GICC_ROUTE rank 15 staged=0 pushed=0
FINAL min_u,  max_u = 0.000000, 0.000000
I am rank 15 Time comm: 0.00126337 s
I am rank 15 Time comp: 0.039632 s
I am rank 15 Time kernel: 0.0409543 s
I am rank 15 Time modeling: 0.0409586 s
nsteps = 100
ndamp = 27 27 27
rank = 14, min_u = 0.000000, max_u = 0.000000
CHECKSUM rank 14 = 75adb5f5623e0f83
GICC_ROUTE rank 14 staged=0 pushed=0
FINAL min_u,  max_u = 0.000000, 0.000000
I am rank 14 Time comm: 0.00868728 s
I am rank 14 Time comp: 0.0322421 s
I am rank 14 Time kernel: 0.0409547 s
I am rank 14 Time modeling: 0.0409589 s
nsteps = 100
ndamp = 27 27 27
rank = 13, min_u = 0.000000, max_u = 0.000000
nsteps = 100
CHECKSUM rank 13 = 75adb5f5623e0f83
ndamp = 27 27 27
GICC_ROUTE rank 13 staged=0 pushed=0
rank = 12, min_u = 0.000000, max_u = 0.000000
FINAL min_u,  max_u = 0.000000, 0.000000
CHECKSUM rank 12 = 75adb5f5623e0f83
I am rank 13 Time comm: 0.00987503 s
GICC_ROUTE rank 12 staged=0 pushed=0
I am rank 13 Time comp: 0.0310163 s
FINAL min_u,  max_u = 0.000000, 0.000000
I am rank 13 Time kernel: 0.0409549 s
I am rank 12 Time comm: 0.00979448 s
I am rank 13 Time modeling: 0.0409591 s
I am rank 12 Time comp: 0.0310931 s
I am rank 12 Time kernel: 0.040955 s
I am rank 12 Time modeling: 0.0409594 s
nsteps = 100
ndamp = 27 27 27
rank = 9, min_u = -0.000002, max_u = 0.000017
CHECKSUM rank 9 = 25f3d70f39ccbcfe
GICC_ROUTE rank 9 staged=0 pushed=0
FINAL min_u,  max_u = -0.000002, 0.000017
I am rank 9 Time comm: 0.0100198 s
I am rank 9 Time comp: 0.030871 s
I am rank 9 Time kernel: 0.0409541 s
I am rank 9 Time modeling: 0.0409587 s
