RUN kind=standard arm=trigger_overlap nodes=1 rpn=8 ranks=8 rep=4 grid=400 steps=100 binary=/p/lustre2/shan4/new-gicc/build_ofi/minimod_paper/bin/minimod_trigger
[minimod-unified] transport = DWQ (GPU trigger)
ngpus = 8
nsteps = 100
ndamp = 27 27 27
grid = 400 400 400
u_size = 271669248
HIP gicc target initialized: 8 GPUs, rank 0 handles x=[0,50)
Halo size: 2663424 bytes (665856 floats)
time step 100 / 100
rank = 0, min_u = 0.000000, max_u = 0.000000
CHECKSUM rank 0 = f42f0682210f1b83
GICC_ROUTE rank 0 staged=100 pushed=0
FINAL min_u,  max_u = 0.000000, 0.000000
I am rank 0 Time comm: 0.0190381 s
I am rank 0 Time comp: 0.0574249 s
I am rank 0 Time kernel: 0.0764801 s
I am rank 0 Time modeling: 0.0764875 s
nsteps = 100
ndamp = 27 27 27
rank = 4, min_u = -1151.019775, max_u = 743.350464
CHECKSUM rank 4 = 38eb21af7f824e3c
GICC_ROUTE rank 4 staged=200 pushed=0
FINAL min_u,  max_u = -1151.019775, 743.350464
I am rank 4 Time comm: 0.0275061 s
I am rank 4 Time comp: 0.0483207 s
I am rank 4 Time kernel: 0.0758488 s
nsteps = 100
I am rank 4 Time modeling: 0.0764914 s
ndamp = 27 27 27
rank = 5, min_u = -0.000000, max_u = 0.000000
CHECKSUM rank 5 = 52136da07e699794
GICC_ROUTE rank 5 staged=200 pushed=0
FINAL min_u,  max_u = -0.000000, 0.000000
I am rank 5 Time comm: 0.0284715 s
I am rank 5 Time comp: 0.0480039 s
I am rank 5 Time kernel: 0.0764845 s
I am rank 5 Time modeling: 0.0764886 s
nsteps = 100
ndamp = 27 27 27
rank = 2, min_u = -0.000000, max_u = 0.000000
CHECKSUM rank 2 = 153043b918134cf8
GICC_ROUTE rank 2 staged=200 pushed=0
FINAL min_u,  max_u = -0.000000, 0.000000
I am rank 2 Time comm: 0.0281056 s
I am rank 2 Time comp: 0.0483674 s
I am rank 2 Time kernel: 0.0764836 s
I am rank 2 Time modeling: 0.076488 s
nsteps = 100
ndamp = 27 27 27
rank = 7, min_u = 0.000000, max_u = 0.000000
CHECKSUM rank 7 = f42f0682210f1b83
GICC_ROUTE rank 7 staged=100 pushed=0
FINAL min_u,  max_u = 0.000000, 0.000000
nsteps = 100
I am rank 7 Time comm: 0.0220729 s
ndamp = 27 27 27
I am rank 7 Time comp: 0.0544017 s
rank = 6, min_u = 0.000000, max_u = 0.000000
I am rank 7 Time kernel: 0.0764836 s
CHECKSUM rank 6 = f42f0682210f1b83
I am rank 7 Time modeling: 0.0764877 s
GICC_ROUTE rank 6 staged=200 pushed=0
FINAL min_u,  max_u = 0.000000, 0.000000
I am rank 6 Time comm: 0.028085 s
I am rank 6 Time comp: 0.0483896 s
I am rank 6 Time kernel: 0.0764839 s
I am rank 6 Time modeling: 0.0764883 s
nsteps = 100
ndamp = 27 27 27
rank = 1, min_u = 0.000000, max_u = 0.000000
CHECKSUM rank 1 = f42f0682210f1b83
GICC_ROUTE rank 1 staged=200 pushed=0
FINAL min_u,  max_u = 0.000000, 0.000000
I am rank 1 Time comm: 0.028376 s
I am rank 1 Time comp: 0.0480963 s
I am rank 1 Time kernel: 0.0764832 s
I am rank 1 Time modeling: 0.0764878 s
nsteps = 100
ndamp = 27 27 27
rank = 3, min_u = -1143.143799, max_u = 733.619385
CHECKSUM rank 3 = 558fd23b5815c956
GICC_ROUTE rank 3 staged=200 pushed=0
FINAL min_u,  max_u = -1143.143799, 733.619385
I am rank 3 Time comm: 0.0302855 s
I am rank 3 Time comp: 0.0461889 s
I am rank 3 Time kernel: 0.0764839 s
I am rank 3 Time modeling: 0.0764883 s
