RUN rep=4 arm=uniform_p binary=/p/lustre2/shan4/new-gicc/build_ofi/compiler_comm_plan_placement/compiler_comm_plan_placement_uniform_p sha256=3ea55e277f251659b080dd2ad59fdfcccee5ac823b9a389137e1ab8582f7b54b
[gicc] CPU proxy: 8 worker thread(s) per rank
COMPILER_LTO_CALIBRATION scenario=single-512-g1 kernel=cal_single_512_g1 runs=100 median_us=23.561 p25_us=23.315 p75_us=23.979 staged=100 pushed=0 hash=a1c17d1ed171b977 data=OK
COMPILER_LTO_CALIBRATION scenario=single-2k-g4 kernel=cal_single_2k_g4 runs=100 median_us=23.475 p25_us=23.265 p75_us=23.738 staged=100 pushed=0 hash=9e2331cb996ea163 data=OK
COMPILER_LTO_CALIBRATION scenario=single-16k-g1 kernel=cal_single_16k_g1 runs=100 median_us=26.617 p25_us=25.890 p75_us=27.025 staged=100 pushed=0 hash=4081e8998e396e47 data=OK
COMPILER_LTO_CALIBRATION scenario=single-64k-g8 kernel=cal_single_64k_g8 runs=100 median_us=28.810 p25_us=28.493 p75_us=29.410 staged=100 pushed=0 hash=63c09623930c9870 data=OK
COMPILER_LTO_CALIBRATION scenario=single-256k-g4 kernel=cal_single_256k_g4 runs=100 median_us=37.477 p25_us=37.279 p75_us=37.893 staged=100 pushed=0 hash=e659c340143c89bc data=OK
COMPILER_LTO_CALIBRATION scenario=single-512k-g8 kernel=cal_single_512k_g8 runs=100 median_us=49.831 p25_us=49.656 p75_us=50.134 staged=100 pushed=0 hash=1052ed0f78983337 data=OK
COMPILER_LTO_CALIBRATION scenario=reuse-1k-k8-g1 kernel=cal_reuse_1k_k8_g1 runs=100 median_us=98.676 p25_us=97.846 p75_us=99.880 staged=800 pushed=0 hash=e7f9fd07a371c81b data=OK
COMPILER_LTO_CALIBRATION scenario=reuse-2k-k24-g1 kernel=cal_reuse_2k_k24_g1 runs=100 median_us=261.760 p25_us=257.346 p75_us=265.556 staged=2400 pushed=0 hash=7fc6781ef51a28c3 data=OK
COMPILER_LTO_CALIBRATION scenario=reuse-8k-k48-g4 kernel=cal_reuse_8k_k48_g4 runs=100 median_us=517.198 p25_us=510.813 p75_us=522.072 staged=4800 pushed=0 hash=76a5c48618b7cd4c data=OK
COMPILER_LTO_CALIBRATION scenario=adjacent-1k-k6-g1 kernel=cal_adjacent_1k_k6_g1 runs=100 median_us=73.436 p25_us=72.803 p75_us=73.869 staged=0 pushed=700 hash=dec9dfa810789c47 data=OK
COMPILER_LTO_CALIBRATION scenario=adjacent-8k-k12-g4 kernel=cal_adjacent_8k_k12_g4 runs=100 median_us=130.682 p25_us=130.409 p75_us=131.378 staged=0 pushed=1300 hash=4a8ac2c39c718498 data=OK
COMPILER_LTO_CALIBRATION scenario=adjacent-32k-k40-g8 kernel=cal_adjacent_32k_k40_g8 runs=100 median_us=409.124 p25_us=408.039 p75_us=410.975 staged=0 pushed=4100 hash=391a184dd0ed8990 data=OK
COMPILER_LTO_CALIBRATION scenario=far-2k-k12-i64-g4 kernel=cal_far_2k_k12_i64_g4 runs=100 median_us=130.331 p25_us=129.911 p75_us=130.838 staged=0 pushed=1300 hash=9256b96e8bb28bfc data=OK
COMPILER_LTO_CALIBRATION scenario=far-8k-k48-i256-g8 kernel=cal_far_8k_k48_i256_g8 runs=100 median_us=480.281 p25_us=479.410 p75_us=482.544 staged=0 pushed=4900 hash=41ca84e611c9c06f data=OK
COMPILER_LTO_CALIBRATION scenario=far-16k-k24-i1024-g8 kernel=cal_far_16k_k24_i1024_g8 runs=100 median_us=247.282 p25_us=246.693 p75_us=248.228 staged=0 pushed=2500 hash=ddca28d17a90ee98 data=OK
COMPILER_LTO_CALIBRATION scenario=static2-2k-g2 kernel=cal_static2_2k_g2 runs=100 median_us=34.541 p25_us=34.186 p75_us=34.990 staged=200 pushed=0 hash=28e3fa1e8367e293 data=OK
COMPILER_LTO_CALIBRATION scenario=static3-8k-g4 kernel=cal_static3_8k_g4 runs=100 median_us=46.610 p25_us=45.640 p75_us=47.819 staged=300 pushed=0 hash=70790c43a79206a4 data=OK
COMPILER_LTO_CALIBRATION scenario=static6-16k-g8 kernel=cal_static6_16k_g8 runs=100 median_us=80.745 p25_us=79.328 p75_us=81.645 staged=600 pushed=0 hash=b3ab1aa4f98e018b data=OK
