RUN kind=o5 arm=mirrored_serial nodes=2 rpn=1 ranks=2 rep=5 grid=100 steps=1000 binary=/p/lustre2/shan4/new-gicc/build_ofi/minimod_paper/bin/minimod_o5
[minimod-o5] mixed dispatch enabled
[gicc] CPU proxy: 1 worker thread(s) per rank
ngpus = 2
nsteps = 1000
ndamp = 27 27 27
grid = 100 100 100
u_size = 5038848
HIP gicc target initialized: 2 GPUs, rank 0 handles x=[0,50)
Halo size: 186624 bytes (46656 floats)
time step 100 / 1000
time step 200 / 1000
time step 300 / 1000
time step 400 / 1000
time step 500 / 1000
time step 600 / 1000
time step 700 / 1000
time step 800 / 1000
time step 900 / 1000
time step 1000 / 1000
nsteps = 1000
rank = 0, min_u = -0.172933, max_u = 0.107137
ndamp = 27 27 27
CHECKSUM rank 0 = cb8c08780cf6e9d7
rank = 1, min_u = -0.174533, max_u = 0.114980
GICC_ROUTE rank 0 staged=1000 pushed=0
CHECKSUM rank 1 = 9ea793e2d4cc5b9e
FINAL min_u,  max_u = -0.172933, 0.107137
GICC_ROUTE rank 1 staged=1000 pushed=0
I am rank 0 Time comm: 0.0408355 s
FINAL min_u,  max_u = -0.174533, 0.114980
I am rank 0 Time comp: 0.0749372 s
I am rank 1 Time comm: 0.0414424 s
I am rank 0 Time kernel: 0.11587 s
I am rank 1 Time comp: 0.0710533 s
I am rank 0 Time modeling: 0.115937 s
I am rank 1 Time kernel: 0.112598 s
I am rank 1 Time modeling: 0.115944 s
