RUN kind=standard arm=trigger_overlap nodes=4 rpn=8 ranks=32 rep=4 grid=800 steps=100 binary=/p/lustre2/shan4/new-gicc/build_ofi/minimod_paper/bin/minimod_trigger
[minimod-unified] transport = DWQ (GPU trigger)
ngpus = 32
nsteps = 100
ndamp = 27 27 27
grid = 800 800 800
u_size = 2110056448
HIP gicc target initialized: 32 GPUs, rank 0 handles x=[0,25)
Halo size: 10445824 bytes (2611456 floats)
time step 100 / 100
rank = 0, min_u = 0.000000, max_u = 0.000000
CHECKSUM rank 0 = 3b5534588a384f83
GICC_ROUTE rank 0 staged=100 pushed=0
FINAL min_u,  max_u = 0.000000, 0.000000
I am rank 0 Time comm: 0.222281 s
I am rank 0 Time comp: 0.161191 s
I am rank 0 Time kernel: 0.383484 s
I am rank 0 Time modeling: 0.38349 s
nsteps = 100
ndamp = 27 27 27
rank = 16, min_u = -1151.019775, max_u = 743.350464
CHECKSUM rank 16 = 3cb036ccd5917dbd
GICC_ROUTE rank 16 staged=200 pushed=0
FINAL min_u,  max_u = -1151.019775, 743.350464
I am rank 16 Time comm: 0.261832 s
I am rank 16 Time comp: 0.120961 s
nsteps = 100
I am rank 16 Time kernel: 0.382804 s
ndamp = 27 27 27
I am rank 16 Time modeling: 0.383496 s
rank = 8, min_u = 0.000000, max_u = 0.000000
CHECKSUM rank 8 = 3b5534588a384f83
GICC_ROUTE rank 8 staged=200 pushed=0
FINAL min_u,  max_u = 0.000000, 0.000000
nsteps = 100
I am rank 8 Time comm: 0.262848 s
ndamp = 27 27 27
I am rank 8 Time comp: 0.120629 s
rank = 24, min_u = 0.000000, max_u = 0.000000
I am rank 8 Time kernel: 0.383487 s
CHECKSUM rank 24 = 3b5534588a384f83
I am rank 8 Time modeling: 0.383492 s
GICC_ROUTE rank 24 staged=200 pushed=0
FINAL min_u,  max_u = 0.000000, 0.000000
I am rank 24 Time comm: 0.262742 s
I am rank 24 Time comp: 0.120727 s
I am rank 24 Time kernel: 0.38348 s
I am rank 24 Time modeling: 0.38349 s
nsteps = 100
ndamp = 27 27 27
rank = 17, min_u = -0.000002, max_u = 0.000017
CHECKSUM rank 17 = 5522e5f04c782a7e
GICC_ROUTE rank 17 staged=200 pushed=0
FINAL min_u,  max_u = -0.000002, 0.000017
I am rank 17 Time comm: 0.264993 s
I am rank 17 Time comp: 0.118485 s
I am rank 17 Time kernel: 0.383488 s
I am rank 17 Time modeling: 0.383492 s
nsteps = 100
ndamp = 27 27 27
rank = 1, min_u = 0.000000, max_u = 0.000000
CHECKSUM rank 1 = 3b5534588a384f83
GICC_ROUTE rank 1 staged=200 pushed=0
FINAL min_u,  max_u = 0.000000, 0.000000
I am rank 1 Time comm: 0.26456 s
I am rank 1 Time comp: 0.118917 s
I am rank 1 Time kernel: 0.383488 s
I am rank 1 Time modeling: 0.383494 s
nsteps = 100
ndamp = 27 27 27
rank = 9, min_u = 0.000000, max_u = 0.000000
CHECKSUM rank 9 = 3b5534588a384f83
GICC_ROUTE rank 9 staged=200 pushed=0
FINAL min_u,  max_u = 0.000000, 0.000000
I am rank 9 Time comm: 0.264771 s
I am rank 9 Time comp: 0.118707 s
I am rank 9 Time kernel: 0.383487 s
I am rank 9 Time modeling: 0.383492 s
nsteps = 100
ndamp = 27 27 27
rank = 2, min_u = 0.000000, max_u = 0.000000
CHECKSUM rank 2 = 3b5534588a384f83
GICC_ROUTE rank 2 staged=200 pushed=0
FINAL min_u,  max_u = 0.000000, 0.000000
I am rank 2 Time comm: 0.263609 s
I am rank 2 Time comp: 0.119869 s
nsteps = 100
I am rank 2 Time kernel: 0.383489 s
ndamp = 27 27 27
I am rank 2 Time modeling: 0.383494 s
rank = 25, min_u = 0.000000, max_u = 0.000000
CHECKSUM rank 25 = 3b5534588a384f83
GICC_ROUTE rank 25 staged=200 pushed=0
FINAL min_u,  max_u = 0.000000, 0.000000
I am rank 25 Time comm: 0.265072 s
I am rank 25 Time comp: 0.118404 s
I am rank 25 Time kernel: 0.383485 s
I am rank 25 Time modeling: 0.38349 s
nsteps = 100
ndamp = 27 27 27
rank = 23, min_u = 0.000000, max_u = 0.000000
CHECKSUM rank 23 = 3b5534588a384f83
GICC_ROUTE rank 23 staged=200 pushed=0
FINAL min_u,  max_u = 0.000000, 0.000000
I am rank 23 Time comm: 0.264638 s
I am rank 23 Time comp: 0.118838 s
I am rank 23 Time kernel: 0.383486 s
I am rank 23 Time modeling: 0.383491 s
nsteps = 100
ndamp = 27 27 27
rank = 18, min_u = -0.000000, max_u = 0.000000
CHECKSUM rank 18 = 1f442cc49ad238ab
GICC_ROUTE rank 18 staged=200 pushed=0
FINAL min_u,  max_u = -0.000000, 0.000000
I am rank 18 Time comm: 0.263801 s
I am rank 18 Time comp: 0.119676 s
I am rank 18 Time kernel: 0.383487 s
I am rank 18 Time modeling: 0.383492 s
nsteps = 100
ndamp = 27 27 27
rank = 3, min_u = 0.000000, max_u = 0.000000
CHECKSUM rank 3 = 3b5534588a384f83
GICC_ROUTE rank 3 staged=200 pushed=0
FINAL min_u,  max_u = 0.000000, 0.000000
I am rank 3 Time comm: 0.264887 s
I am rank 3 Time comp: 0.118589 s
I am rank 3 Time kernel: 0.383487 s
I am rank 3 Time modeling: 0.383493 s
nsteps = 100
ndamp = 27 27 27
rank = 20, min_u = 0.000000, max_u = 0.000000
CHECKSUM rank 20 = 3b5534588a384f83
GICC_ROUTE rank 20 staged=200 pushed=0
FINAL min_u,  max_u = 0.000000, 0.000000
I am rank 20 Time comm: 0.263735 s
nsteps = 100
I am rank 20 Time comp: 0.11974 s
ndamp = 27 27 27
I am rank 20 Time kernel: 0.383487 s
rank = 22, min_u = 0.000000, max_u = 0.000000
I am rank 20 Time modeling: 0.383492 s
CHECKSUM rank 22 = 3b5534588a384f83
GICC_ROUTE rank 22 staged=200 pushed=0
FINAL min_u,  max_u = 0.000000, 0.000000
I am rank 22 Time comm: 0.263243 s
I am rank 22 Time comp: 0.120234 s
I am rank 22 Time kernel: 0.383486 s
I am rank 22 Time modeling: 0.383491 s
nsteps = 100
ndamp = 27 27 27
rank = 19, min_u = -0.000000, max_u = 0.000000
CHECKSUM rank 19 = 8e4667e0fa1564cc
GICC_ROUTE rank 19 staged=200 pushed=0
FINAL min_u,  max_u = -0.000000, 0.000000
I am rank 19 Time comm: 0.264 s
I am rank 19 Time comp: 0.119478 s
I am rank 19 Time kernel: 0.383488 s
I am rank 19 Time modeling: 0.383493 s
nsteps = 100
ndamp = 27 27 27
rank = 21, min_u = 0.000000, max_u = 0.000000
nsteps = 100
CHECKSUM rank 21 = 3b5534588a384f83
ndamp = 27 27 27
GICC_ROUTE rank 21 staged=200 pushed=0
rank = 7, min_u = 0.000000, max_u = 0.000000
nsteps = 100
nsteps = 100
CHECKSUM rank 7 = 3b5534588a384f83
ndamp = 27 27 27
ndamp = 27 27 27
GICC_ROUTE rank 7 staged=200 pushed=0
rank = 6, min_u = 0.000000, max_u = 0.000000
nsteps = 100
rank = 13, min_u = -0.000000, max_u = 0.000000
FINAL min_u,  max_u = 0.000000, 0.000000
CHECKSUM rank 6 = 3b5534588a384f83
ndamp = 27 27 27
CHECKSUM rank 13 = f1fb5fb294caf9bb
I am rank 7 Time comm: 0.267429 s
GICC_ROUTE rank 6 staged=200 pushed=0
rank = 5, min_u = 0.000000, max_u = 0.000000
FINAL min_u,  max_u = 0.000000, 0.000000
I am rank 7 Time comp: 0.116047 s
FINAL min_u,  max_u = 0.000000, 0.000000
CHECKSUM rank 5 = 3b5534588a384f83
I am rank 21 Time comm: 0.264949 s
I am rank 7 Time kernel: 0.383486 s
I am rank 6 Time comm: 0.263025 s
GICC_ROUTE rank 5 staged=200 pushed=0
I am rank 21 Time comp: 0.118524 s
I am rank 7 Time modeling: 0.383493 s
I am rank 6 Time comp: 0.120452 s
FINAL min_u,  max_u = 0.000000, 0.000000
GICC_ROUTE rank 13 staged=200 pushed=0
I am rank 6 Time kernel: 0.383487 s
I am rank 5 Time comm: 0.265159 s
I am rank 21 Time kernel: 0.383485 s
I am rank 6 Time modeling: 0.383493 s
I am rank 5 Time comp: 0.118318 s
FINAL min_u,  max_u = -0.000000, 0.000000
I am rank 5 Time kernel: 0.383487 s
I am rank 21 Time modeling: 0.383491 s
I am rank 5 Time modeling: 0.383493 s
I am rank 13 Time comm: 0.264859 s
I am rank 13 Time comp: 0.118619 s
I am rank 13 Time kernel: 0.383487 s
I am rank 13 Time modeling: 0.383492 s
nsteps = 100
ndamp = 27 27 27
rank = 30, min_u = 0.000000, max_u = 0.000000
CHECKSUM rank 30 = 3b5534588a384f83
GICC_ROUTE rank 30 staged=200 pushed=0
FINAL min_u,  max_u = 0.000000, 0.000000
I am rank 30 Time comm: 0.261589 s
nsteps = 100
I am rank 30 Time comp: 0.121885 s
ndamp = 27 27 27
nsteps = 100
rank = 4, min_u = 0.000000, max_u = 0.000000
ndamp = 27 27 27
CHECKSUM rank 4 = 3b5534588a384f83
I am rank 30 Time kernel: 0.383484 s
GICC_ROUTE rank 4 staged=200 pushed=0
rank = 11, min_u = 0.000000, max_u = 0.000000
FINAL min_u,  max_u = 0.000000, 0.000000
CHECKSUM rank 11 = 3b5534588a384f83
I am rank 4 Time comm: 0.262573 s
GICC_ROUTE rank 11 staged=200 pushed=0
I am rank 4 Time comp: 0.120902 s
FINAL min_u,  max_u = 0.000000, 0.000000
I am rank 4 Time kernel: 0.383489 s
I am rank 11 Time comm: 0.264508 s
I am rank 4 Time modeling: 0.383494 s
I am rank 30 Time modeling: 0.383489 s
I am rank 11 Time comp: 0.118971 s
nsteps = 100
I am rank 11 Time kernel: 0.383488 s
ndamp = 27 27 27
nsteps = 100
rank = 27, min_u = 0.000000, max_u = 0.000000
I am rank 11 Time modeling: 0.383492 s
nsteps = 100
CHECKSUM rank 27 = 3b5534588a384f83
ndamp = 27 27 27
ndamp = 27 27 27
GICC_ROUTE rank 27 staged=200 pushed=0
rank = 15, min_u = -1143.143799, max_u = 733.619385
rank = 26, min_u = 0.000000, max_u = 0.000000
CHECKSUM rank 15 = 96b29e993cda04aa
nsteps = 100
GICC_ROUTE rank 15 staged=200 pushed=0
FINAL min_u,  max_u = 0.000000, 0.000000
FINAL min_u,  max_u = -1143.143799, 733.619385
CHECKSUM rank 26 = 3b5534588a384f83
nsteps = 100
ndamp = 27 27 27
I am rank 15 Time comm: 0.265026 s
I am rank 27 Time comm: 0.265542 s
ndamp = 27 27 27
GICC_ROUTE rank 26 staged=200 pushed=0
I am rank 15 Time comp: 0.118451 s
rank = 29, min_u = 0.000000, max_u = 0.000000
rank = 14, min_u = -0.000002, max_u = 0.000010
I am rank 27 Time comp: 0.117934 s
nsteps = 100
FINAL min_u,  max_u = 0.000000, 0.000000
I am rank 15 Time kernel: 0.383487 s
CHECKSUM rank 29 = 3b5534588a384f83
CHECKSUM rank 14 = 42f9e200912103df
I am rank 27 Time kernel: 0.383485 s
ndamp = 27 27 27
I am rank 26 Time comm: 0.262433 s
I am rank 15 Time modeling: 0.383492 s
nsteps = 100
GICC_ROUTE rank 14 staged=200 pushed=0
GICC_ROUTE rank 29 staged=200 pushed=0
rank = 12, min_u = -0.000000, max_u = 0.000000
I am rank 27 Time modeling: 0.383489 s
FINAL min_u,  max_u = -0.000002, 0.000010
I am rank 26 Time comp: 0.121042 s
CHECKSUM rank 12 = 99d3d06ebb3b0428
ndamp = 27 27 27
I am rank 14 Time comm: 0.26268 s
FINAL min_u,  max_u = 0.000000, 0.000000
GICC_ROUTE rank 12 staged=200 pushed=0
I am rank 26 Time kernel: 0.383484 s
I am rank 14 Time comp: 0.120799 s
rank = 31, min_u = 0.000000, max_u = 0.000000
FINAL min_u,  max_u = -0.000000, 0.000000
I am rank 29 Time comm: 0.264425 s
I am rank 14 Time kernel: 0.383487 s
I am rank 26 Time modeling: 0.383489 s
I am rank 12 Time comm: 0.26291 s
CHECKSUM rank 31 = 3b5534588a384f83
I am rank 14 Time modeling: 0.383492 s
I am rank 29 Time comp: 0.119051 s
I am rank 12 Time comp: 0.120565 s
GICC_ROUTE rank 31 staged=100 pushed=0
I am rank 12 Time kernel: 0.383487 s
I am rank 29 Time kernel: 0.383485 s
I am rank 12 Time modeling: 0.383492 s
nsteps = 100
FINAL min_u,  max_u = 0.000000, 0.000000
I am rank 29 Time modeling: 0.383489 s
nsteps = 100
ndamp = 27 27 27
ndamp = 27 27 27
I am rank 31 Time comm: 0.223799 s
rank = 10, min_u = 0.000000, max_u = 0.000000
rank = 28, min_u = 0.000000, max_u = 0.000000
CHECKSUM rank 10 = 3b5534588a384f83
I am rank 31 Time comp: 0.159676 s
GICC_ROUTE rank 10 staged=200 pushed=0
CHECKSUM rank 28 = 3b5534588a384f83
FINAL min_u,  max_u = 0.000000, 0.000000
I am rank 31 Time kernel: 0.383485 s
I am rank 10 Time comm: 0.263309 s
GICC_ROUTE rank 28 staged=200 pushed=0
I am rank 10 Time comp: 0.120168 s
I am rank 31 Time modeling: 0.383489 s
I am rank 10 Time kernel: 0.383486 s
FINAL min_u,  max_u = 0.000000, 0.000000
I am rank 10 Time modeling: 0.383491 s
I am rank 28 Time comm: 0.263321 s
I am rank 28 Time comp: 0.120152 s
I am rank 28 Time kernel: 0.383485 s
I am rank 28 Time modeling: 0.38349 s
