RUN rep=3 arm=uniform_t binary=/p/lustre2/shan4/new-gicc/build_ofi/compiler_comm_plan_calibration/compiler_comm_plan_calibration_uniform_t sha256=3ace3ceb4c9381a4f16459ffa80dfced094c410fafe721c6c958a3f46807bd68
[gicc] CPU proxy: 8 worker thread(s) per rank
COMPILER_LTO_CALIBRATION scenario=single-512-g1 kernel=cal_single_512_g1 runs=100 median_us=24.097 p25_us=23.235 p75_us=24.803 staged=100 pushed=0 hash=a1c17d1ed171b977 data=OK
COMPILER_LTO_CALIBRATION scenario=single-2k-g4 kernel=cal_single_2k_g4 runs=100 median_us=24.367 p25_us=24.092 p75_us=24.785 staged=100 pushed=0 hash=9e2331cb996ea163 data=OK
COMPILER_LTO_CALIBRATION scenario=single-16k-g1 kernel=cal_single_16k_g1 runs=100 median_us=25.890 p25_us=25.544 p75_us=26.303 staged=100 pushed=0 hash=4081e8998e396e47 data=OK
COMPILER_LTO_CALIBRATION scenario=single-64k-g8 kernel=cal_single_64k_g8 runs=100 median_us=28.080 p25_us=27.619 p75_us=28.428 staged=100 pushed=0 hash=63c09623930c9870 data=OK
COMPILER_LTO_CALIBRATION scenario=single-256k-g4 kernel=cal_single_256k_g4 runs=100 median_us=37.066 p25_us=36.681 p75_us=38.051 staged=100 pushed=0 hash=e659c340143c89bc data=OK
COMPILER_LTO_CALIBRATION scenario=single-512k-g8 kernel=cal_single_512k_g8 runs=100 median_us=49.531 p25_us=49.205 p75_us=50.540 staged=100 pushed=0 hash=1052ed0f78983337 data=OK
COMPILER_LTO_CALIBRATION scenario=reuse-1k-k8-g1 kernel=cal_reuse_1k_k8_g1 runs=100 median_us=98.941 p25_us=97.672 p75_us=100.006 staged=800 pushed=0 hash=e7f9fd07a371c81b data=OK
COMPILER_LTO_CALIBRATION scenario=reuse-2k-k24-g1 kernel=cal_reuse_2k_k24_g1 runs=100 median_us=265.755 p25_us=263.232 p75_us=268.445 staged=2400 pushed=0 hash=7fc6781ef51a28c3 data=OK
COMPILER_LTO_CALIBRATION scenario=reuse-8k-k48-g4 kernel=cal_reuse_8k_k48_g4 runs=100 median_us=519.541 p25_us=516.972 p75_us=522.406 staged=4800 pushed=0 hash=76a5c48618b7cd4c data=OK
COMPILER_LTO_CALIBRATION scenario=adjacent-1k-k6-g1 kernel=cal_adjacent_1k_k6_g1 runs=100 median_us=77.380 p25_us=76.696 p75_us=78.482 staged=600 pushed=0 hash=dec9dfa810789c47 data=OK
COMPILER_LTO_CALIBRATION scenario=adjacent-8k-k12-g4 kernel=cal_adjacent_8k_k12_g4 runs=100 median_us=142.391 p25_us=141.451 p75_us=144.189 staged=1200 pushed=0 hash=4a8ac2c39c718498 data=OK
COMPILER_LTO_CALIBRATION scenario=adjacent-32k-k40-g8 kernel=cal_adjacent_32k_k40_g8 runs=100 median_us=443.429 p25_us=440.864 p75_us=445.182 staged=4000 pushed=0 hash=391a184dd0ed8990 data=OK
COMPILER_LTO_CALIBRATION scenario=far-2k-k12-i64-g4 kernel=cal_far_2k_k12_i64_g4 runs=100 median_us=142.460 p25_us=141.099 p75_us=144.722 staged=1200 pushed=0 hash=9256b96e8bb28bfc data=OK
COMPILER_LTO_CALIBRATION scenario=far-8k-k48-i256-g8 kernel=cal_far_8k_k48_i256_g8 runs=100 median_us=524.305 p25_us=521.502 p75_us=527.184 staged=4800 pushed=0 hash=41ca84e611c9c06f data=OK
COMPILER_LTO_CALIBRATION scenario=far-16k-k24-i1024-g8 kernel=cal_far_16k_k24_i1024_g8 runs=100 median_us=285.267 p25_us=283.198 p75_us=287.289 staged=2400 pushed=0 hash=ddca28d17a90ee98 data=OK
COMPILER_LTO_CALIBRATION scenario=static2-2k-g2 kernel=cal_static2_2k_g2 runs=100 median_us=35.048 p25_us=34.307 p75_us=36.155 staged=200 pushed=0 hash=28e3fa1e8367e293 data=OK
COMPILER_LTO_CALIBRATION scenario=static3-8k-g4 kernel=cal_static3_8k_g4 runs=100 median_us=47.041 p25_us=46.640 p75_us=47.840 staged=300 pushed=0 hash=70790c43a79206a4 data=OK
COMPILER_LTO_CALIBRATION scenario=static6-16k-g8 kernel=cal_static6_16k_g8 runs=100 median_us=81.418 p25_us=80.440 p75_us=83.118 staged=600 pushed=0 hash=b3ab1aa4f98e018b data=OK
